########################################################
# Threads: 20
# Heat filepath: heat.txt 
# Photons filepath: photons_per_sec.txt 
# 3.666309 seconds
# 8937.597939 K photons per second
########################################################
########################################################
# Threads: 20
# Heat filepath: heat.txt 
# Photons filepath: photons_per_sec.txt 
# 3.591935 seconds
# 9122.659269 K photons per second
########################################################
########################################################
# Threads: 20
# Heat filepath: heat.txt 
# Photons filepath: photons_per_sec.txt 
# 3.585266 seconds
# 9139.627569 K photons per second
########################################################
########################################################
# Threads: 20
# Heat filepath: heat.txt 
# Photons filepath: photons_per_sec.txt 
# 3.574606 seconds
# 9166.883715 K photons per second
########################################################
########################################################
# Threads: 20
# Heat filepath: heat.txt 
# Photons filepath: photons_per_sec.txt 
# 3.586021 seconds
# 9137.705458 K photons per second
########################################################
########################################################
# Threads: 20
# Heat filepath: heat.txt 
# Photons filepath: photons_per_sec.txt 
# 3.591782 seconds
# 9123.048400 K photons per second
########################################################
########################################################
# Threads: 20
# Heat filepath: heat.txt 
# Photons filepath: photons_per_sec.txt 
# 3.582493 seconds
# 9146.702421 K photons per second
########################################################
########################################################
# Threads: 20
# Heat filepath: heat.txt 
# Photons filepath: photons_per_sec.txt 
# 3.578687 seconds
# 9156.430622 K photons per second
########################################################
########################################################
# Threads: 20
# Heat filepath: heat.txt 
# Photons filepath: photons_per_sec.txt 
# 3.572000 seconds
# 9173.572189 K photons per second
########################################################
########################################################
# Threads: 20
# Heat filepath: heat.txt 
# Photons filepath: photons_per_sec.txt 
# 3.591320 seconds
# 9124.221660 K photons per second
########################################################
########################################################
# Threads: 20
# Heat filepath: heat.txt 
# Photons filepath: photons_per_sec.txt 
# 3.588479 seconds
# 9131.445903 K photons per second
########################################################
########################################################
# Threads: 20
# Heat filepath: heat.txt 
# Photons filepath: photons_per_sec.txt 
# 3.605045 seconds
# 9089.484383 K photons per second
########################################################
########################################################
# Threads: 20
# Heat filepath: heat.txt 
# Photons filepath: photons_per_sec.txt 
# 3.589589 seconds
# 9128.622808 K photons per second
########################################################
########################################################
# Threads: 20
# Heat filepath: heat.txt 
# Photons filepath: photons_per_sec.txt 
# 3.572175 seconds
# 9173.124049 K photons per second
########################################################
########################################################
# Threads: 20
# Heat filepath: heat.txt 
# Photons filepath: photons_per_sec.txt 
# 3.568457 seconds
# 9182.681565 K photons per second
########################################################
########################################################
# Threads: 20
# Heat filepath: heat.txt 
# Photons filepath: photons_per_sec.txt 
# 3.595323 seconds
# 9114.063744 K photons per second
########################################################
########################################################
# Threads: 20
# Heat filepath: heat.txt 
# Photons filepath: photons_per_sec.txt 
# 3.569398 seconds
# 9180.258779 K photons per second
########################################################
########################################################
# Threads: 20
# Heat filepath: heat.txt 
# Photons filepath: photons_per_sec.txt 
# 3.571701 seconds
# 9174.341003 K photons per second
########################################################
########################################################
# Threads: 20
# Heat filepath: heat.txt 
# Photons filepath: photons_per_sec.txt 
# 3.561879 seconds
# 9199.638096 K photons per second
########################################################
########################################################
# Threads: 20
# Heat filepath: heat.txt 
# Photons filepath: photons_per_sec.txt 
# 3.620496 seconds
# 9050.694831 K photons per second
########################################################
########################################################
# Threads: 20
# Heat filepath: heat.txt 
# Photons filepath: photons_per_sec.txt 
# 3.665451 seconds
# 8939.690929 K photons per second
########################################################
########################################################
# Threads: 20
# Heat filepath: heat.txt 
# Photons filepath: photons_per_sec.txt 
# 3.574295 seconds
# 9167.680862 K photons per second
########################################################
########################################################
# Threads: 20
# Heat filepath: heat.txt 
# Photons filepath: photons_per_sec.txt 
# 3.795386 seconds
# 8633.641525 K photons per second
########################################################
########################################################
# Threads: 20
# Heat filepath: heat.txt 
# Photons filepath: photons_per_sec.txt 
# 3.589626 seconds
# 9128.527373 K photons per second
########################################################
########################################################
# Threads: 20
# Heat filepath: heat.txt 
# Photons filepath: photons_per_sec.txt 
# 3.591538 seconds
# 9123.668166 K photons per second
########################################################
