########################################################
# Threads: 22
# Heat filepath: heat.txt 
# Photons filepath: photons_per_sec.txt 
# 5.635601 seconds
# 5814.464465 K photons per second
########################################################
########################################################
# Threads: 22
# Heat filepath: heat.txt 
# Photons filepath: photons_per_sec.txt 
# 3.633488 seconds
# 9018.332468 K photons per second
########################################################
########################################################
# Threads: 22
# Heat filepath: heat.txt 
# Photons filepath: photons_per_sec.txt 
# 4.157356 seconds
# 7881.931941 K photons per second
########################################################
########################################################
# Threads: 22
# Heat filepath: heat.txt 
# Photons filepath: photons_per_sec.txt 
# 4.229511 seconds
# 7747.467779 K photons per second
########################################################
########################################################
# Threads: 22
# Heat filepath: heat.txt 
# Photons filepath: photons_per_sec.txt 
# 3.735730 seconds
# 8771.512352 K photons per second
########################################################
########################################################
# Threads: 22
# Heat filepath: heat.txt 
# Photons filepath: photons_per_sec.txt 
# 3.563344 seconds
# 9195.856928 K photons per second
########################################################
########################################################
# Threads: 22
# Heat filepath: heat.txt 
# Photons filepath: photons_per_sec.txt 
# 3.537607 seconds
# 9262.759680 K photons per second
########################################################
########################################################
# Threads: 22
# Heat filepath: heat.txt 
# Photons filepath: photons_per_sec.txt 
# 3.719523 seconds
# 8809.731392 K photons per second
########################################################
########################################################
# Threads: 22
# Heat filepath: heat.txt 
# Photons filepath: photons_per_sec.txt 
# 3.682497 seconds
# 8898.309089 K photons per second
########################################################
########################################################
# Threads: 22
# Heat filepath: heat.txt 
# Photons filepath: photons_per_sec.txt 
# 3.584089 seconds
# 9142.630686 K photons per second
########################################################
########################################################
# Threads: 22
# Heat filepath: heat.txt 
# Photons filepath: photons_per_sec.txt 
# 3.596344 seconds
# 9111.474456 K photons per second
########################################################
########################################################
# Threads: 22
# Heat filepath: heat.txt 
# Photons filepath: photons_per_sec.txt 
# 3.584442 seconds
# 9141.728788 K photons per second
########################################################
########################################################
# Threads: 22
# Heat filepath: heat.txt 
# Photons filepath: photons_per_sec.txt 
# 3.648265 seconds
# 8981.804554 K photons per second
########################################################
########################################################
# Threads: 22
# Heat filepath: heat.txt 
# Photons filepath: photons_per_sec.txt 
# 3.653705 seconds
# 8968.429519 K photons per second
########################################################
########################################################
# Threads: 22
# Heat filepath: heat.txt 
# Photons filepath: photons_per_sec.txt 
# 3.611162 seconds
# 9074.087708 K photons per second
########################################################
########################################################
# Threads: 22
# Heat filepath: heat.txt 
# Photons filepath: photons_per_sec.txt 
# 3.770382 seconds
# 8690.895962 K photons per second
########################################################
########################################################
# Threads: 22
# Heat filepath: heat.txt 
# Photons filepath: photons_per_sec.txt 
# 3.628625 seconds
# 9030.416683 K photons per second
########################################################
########################################################
# Threads: 22
# Heat filepath: heat.txt 
# Photons filepath: photons_per_sec.txt 
# 3.639239 seconds
# 9004.080412 K photons per second
########################################################
########################################################
# Threads: 22
# Heat filepath: heat.txt 
# Photons filepath: photons_per_sec.txt 
# 3.537084 seconds
# 9264.127526 K photons per second
########################################################
########################################################
# Threads: 22
# Heat filepath: heat.txt 
# Photons filepath: photons_per_sec.txt 
# 3.689604 seconds
# 8881.169865 K photons per second
########################################################
########################################################
# Threads: 22
# Heat filepath: heat.txt 
# Photons filepath: photons_per_sec.txt 
# 3.582911 seconds
# 9145.635964 K photons per second
########################################################
########################################################
# Threads: 22
# Heat filepath: heat.txt 
# Photons filepath: photons_per_sec.txt 
# 3.689011 seconds
# 8882.598690 K photons per second
########################################################
########################################################
# Threads: 22
# Heat filepath: heat.txt 
# Photons filepath: photons_per_sec.txt 
# 3.734493 seconds
# 8774.418237 K photons per second
########################################################
########################################################
# Threads: 22
# Heat filepath: heat.txt 
# Photons filepath: photons_per_sec.txt 
# 3.699888 seconds
# 8856.485378 K photons per second
########################################################
########################################################
# Threads: 22
# Heat filepath: heat.txt 
# Photons filepath: photons_per_sec.txt 
# 3.625179 seconds
# 9039.002995 K photons per second
########################################################
