########################################################
# Threads: 6
# Heat filepath: heat.txt 
# Photons filepath: photons_per_sec.txt 
# 11.301510 seconds
# 2899.435495 K photons per second
########################################################
########################################################
# Threads: 6
# Heat filepath: heat.txt 
# Photons filepath: photons_per_sec.txt 
# 11.765541 seconds
# 2785.082406 K photons per second
########################################################
########################################################
# Threads: 6
# Heat filepath: heat.txt 
# Photons filepath: photons_per_sec.txt 
# 11.470102 seconds
# 2856.818639 K photons per second
########################################################
########################################################
# Threads: 6
# Heat filepath: heat.txt 
# Photons filepath: photons_per_sec.txt 
# 11.488681 seconds
# 2852.198646 K photons per second
########################################################
########################################################
# Threads: 6
# Heat filepath: heat.txt 
# Photons filepath: photons_per_sec.txt 
# 11.493038 seconds
# 2851.117417 K photons per second
########################################################
########################################################
# Threads: 6
# Heat filepath: heat.txt 
# Photons filepath: photons_per_sec.txt 
# 11.473445 seconds
# 2855.986261 K photons per second
########################################################
########################################################
# Threads: 6
# Heat filepath: heat.txt 
# Photons filepath: photons_per_sec.txt 
# 11.491745 seconds
# 2851.438065 K photons per second
########################################################
########################################################
# Threads: 6
# Heat filepath: heat.txt 
# Photons filepath: photons_per_sec.txt 
# 11.467472 seconds
# 2857.473846 K photons per second
########################################################
########################################################
# Threads: 6
# Heat filepath: heat.txt 
# Photons filepath: photons_per_sec.txt 
# 11.473956 seconds
# 2855.859006 K photons per second
########################################################
########################################################
# Threads: 6
# Heat filepath: heat.txt 
# Photons filepath: photons_per_sec.txt 
# 11.517620 seconds
# 2845.032100 K photons per second
########################################################
########################################################
# Threads: 6
# Heat filepath: heat.txt 
# Photons filepath: photons_per_sec.txt 
# 11.794465 seconds
# 2778.252336 K photons per second
########################################################
########################################################
# Threads: 6
# Heat filepath: heat.txt 
# Photons filepath: photons_per_sec.txt 
# 11.560175 seconds
# 2834.559227 K photons per second
########################################################
########################################################
# Threads: 6
# Heat filepath: heat.txt 
# Photons filepath: photons_per_sec.txt 
# 11.636464 seconds
# 2815.975763 K photons per second
########################################################
########################################################
# Threads: 6
# Heat filepath: heat.txt 
# Photons filepath: photons_per_sec.txt 
# 11.496662 seconds
# 2850.218664 K photons per second
########################################################
########################################################
# Threads: 6
# Heat filepath: heat.txt 
# Photons filepath: photons_per_sec.txt 
# 11.441716 seconds
# 2863.906193 K photons per second
########################################################
########################################################
# Threads: 6
# Heat filepath: heat.txt 
# Photons filepath: photons_per_sec.txt 
# 11.472071 seconds
# 2856.328217 K photons per second
########################################################
########################################################
# Threads: 6
# Heat filepath: heat.txt 
# Photons filepath: photons_per_sec.txt 
# 11.478255 seconds
# 2854.789275 K photons per second
########################################################
########################################################
# Threads: 6
# Heat filepath: heat.txt 
# Photons filepath: photons_per_sec.txt 
# 11.497954 seconds
# 2849.898434 K photons per second
########################################################
########################################################
# Threads: 6
# Heat filepath: heat.txt 
# Photons filepath: photons_per_sec.txt 
# 11.569550 seconds
# 2832.262284 K photons per second
########################################################
########################################################
# Threads: 6
# Heat filepath: heat.txt 
# Photons filepath: photons_per_sec.txt 
# 11.589897 seconds
# 2827.290016 K photons per second
########################################################
########################################################
# Threads: 6
# Heat filepath: heat.txt 
# Photons filepath: photons_per_sec.txt 
# 11.471399 seconds
# 2856.495587 K photons per second
########################################################
########################################################
# Threads: 6
# Heat filepath: heat.txt 
# Photons filepath: photons_per_sec.txt 
# 11.475100 seconds
# 2855.574152 K photons per second
########################################################
########################################################
# Threads: 6
# Heat filepath: heat.txt 
# Photons filepath: photons_per_sec.txt 
# 11.478665 seconds
# 2854.687454 K photons per second
########################################################
########################################################
# Threads: 6
# Heat filepath: heat.txt 
# Photons filepath: photons_per_sec.txt 
# 11.816436 seconds
# 2773.086495 K photons per second
########################################################
########################################################
# Threads: 6
# Heat filepath: heat.txt 
# Photons filepath: photons_per_sec.txt 
# 11.460451 seconds
# 2859.224363 K photons per second
########################################################
