########################################################
# Threads: 4
# Heat filepath: heat.txt 
# Photons filepath: photons_per_sec.txt 
# 16.633015 seconds
# 1970.057755 K photons per second
########################################################
########################################################
# Threads: 4
# Heat filepath: heat.txt 
# Photons filepath: photons_per_sec.txt 
# 16.659243 seconds
# 1966.956109 K photons per second
########################################################
########################################################
# Threads: 4
# Heat filepath: heat.txt 
# Photons filepath: photons_per_sec.txt 
# 16.986702 seconds
# 1929.038322 K photons per second
########################################################
########################################################
# Threads: 4
# Heat filepath: heat.txt 
# Photons filepath: photons_per_sec.txt 
# 17.350935 seconds
# 1888.543779 K photons per second
########################################################
########################################################
# Threads: 4
# Heat filepath: heat.txt 
# Photons filepath: photons_per_sec.txt 
# 16.632052 seconds
# 1970.171775 K photons per second
########################################################
########################################################
# Threads: 4
# Heat filepath: heat.txt 
# Photons filepath: photons_per_sec.txt 
# 16.613361 seconds
# 1972.388336 K photons per second
########################################################
########################################################
# Threads: 4
# Heat filepath: heat.txt 
# Photons filepath: photons_per_sec.txt 
# 16.191101 seconds
# 2023.827799 K photons per second
########################################################
########################################################
# Threads: 4
# Heat filepath: heat.txt 
# Photons filepath: photons_per_sec.txt 
# 16.164112 seconds
# 2027.206995 K photons per second
########################################################
########################################################
# Threads: 4
# Heat filepath: heat.txt 
# Photons filepath: photons_per_sec.txt 
# 16.273795 seconds
# 2013.543914 K photons per second
########################################################
########################################################
# Threads: 4
# Heat filepath: heat.txt 
# Photons filepath: photons_per_sec.txt 
# 16.627117 seconds
# 1970.756551 K photons per second
########################################################
########################################################
# Threads: 4
# Heat filepath: heat.txt 
# Photons filepath: photons_per_sec.txt 
# 16.553120 seconds
# 1979.566450 K photons per second
########################################################
########################################################
# Threads: 4
# Heat filepath: heat.txt 
# Photons filepath: photons_per_sec.txt 
# 16.849100 seconds
# 1944.792319 K photons per second
########################################################
########################################################
# Threads: 4
# Heat filepath: heat.txt 
# Photons filepath: photons_per_sec.txt 
# 16.092822 seconds
# 2036.187335 K photons per second
########################################################
########################################################
# Threads: 4
# Heat filepath: heat.txt 
# Photons filepath: photons_per_sec.txt 
# 16.143251 seconds
# 2029.826559 K photons per second
########################################################
########################################################
# Threads: 4
# Heat filepath: heat.txt 
# Photons filepath: photons_per_sec.txt 
# 16.344909 seconds
# 2004.783249 K photons per second
########################################################
########################################################
# Threads: 4
# Heat filepath: heat.txt 
# Photons filepath: photons_per_sec.txt 
# 16.594622 seconds
# 1974.615625 K photons per second
########################################################
########################################################
# Threads: 4
# Heat filepath: heat.txt 
# Photons filepath: photons_per_sec.txt 
# 16.815443 seconds
# 1948.684887 K photons per second
########################################################
########################################################
# Threads: 4
# Heat filepath: heat.txt 
# Photons filepath: photons_per_sec.txt 
# 16.921299 seconds
# 1936.494381 K photons per second
########################################################
########################################################
# Threads: 4
# Heat filepath: heat.txt 
# Photons filepath: photons_per_sec.txt 
# 16.556563 seconds
# 1979.154702 K photons per second
########################################################
########################################################
# Threads: 4
# Heat filepath: heat.txt 
# Photons filepath: photons_per_sec.txt 
# 16.364341 seconds
# 2002.402629 K photons per second
########################################################
########################################################
# Threads: 4
# Heat filepath: heat.txt 
# Photons filepath: photons_per_sec.txt 
# 16.255166 seconds
# 2015.851405 K photons per second
########################################################
########################################################
# Threads: 4
# Heat filepath: heat.txt 
# Photons filepath: photons_per_sec.txt 
# 16.244009 seconds
# 2017.235961 K photons per second
########################################################
########################################################
# Threads: 4
# Heat filepath: heat.txt 
# Photons filepath: photons_per_sec.txt 
# 16.245961 seconds
# 2016.993688 K photons per second
########################################################
########################################################
# Threads: 4
# Heat filepath: heat.txt 
# Photons filepath: photons_per_sec.txt 
# 16.430289 seconds
# 1994.365435 K photons per second
########################################################
########################################################
# Threads: 4
# Heat filepath: heat.txt 
# Photons filepath: photons_per_sec.txt 
# 16.629855 seconds
# 1970.432112 K photons per second
########################################################
