########################################################
# Threads: 18
# Heat filepath: heat.txt 
# Photons filepath: photons_per_sec.txt 
# 3.967917 seconds
# 8258.236683 K photons per second
########################################################
########################################################
# Threads: 18
# Heat filepath: heat.txt 
# Photons filepath: photons_per_sec.txt 
# 3.985505 seconds
# 8221.793695 K photons per second
########################################################
########################################################
# Threads: 18
# Heat filepath: heat.txt 
# Photons filepath: photons_per_sec.txt 
# 4.016969 seconds
# 8157.394973 K photons per second
########################################################
########################################################
# Threads: 18
# Heat filepath: heat.txt 
# Photons filepath: photons_per_sec.txt 
# 3.960761 seconds
# 8273.157278 K photons per second
########################################################
########################################################
# Threads: 18
# Heat filepath: heat.txt 
# Photons filepath: photons_per_sec.txt 
# 3.991505 seconds
# 8209.434856 K photons per second
########################################################
########################################################
# Threads: 18
# Heat filepath: heat.txt 
# Photons filepath: photons_per_sec.txt 
# 3.960726 seconds
# 8273.229845 K photons per second
########################################################
########################################################
# Threads: 18
# Heat filepath: heat.txt 
# Photons filepath: photons_per_sec.txt 
# 3.988321 seconds
# 8215.988526 K photons per second
########################################################
########################################################
# Threads: 18
# Heat filepath: heat.txt 
# Photons filepath: photons_per_sec.txt 
# 3.975123 seconds
# 8243.266543 K photons per second
########################################################
########################################################
# Threads: 18
# Heat filepath: heat.txt 
# Photons filepath: photons_per_sec.txt 
# 4.002050 seconds
# 8187.803337 K photons per second
########################################################
########################################################
# Threads: 18
# Heat filepath: heat.txt 
# Photons filepath: photons_per_sec.txt 
# 4.016162 seconds
# 8159.033858 K photons per second
########################################################
########################################################
# Threads: 18
# Heat filepath: heat.txt 
# Photons filepath: photons_per_sec.txt 
# 3.983314 seconds
# 8226.316681 K photons per second
########################################################
########################################################
# Threads: 18
# Heat filepath: heat.txt 
# Photons filepath: photons_per_sec.txt 
# 3.963932 seconds
# 8266.539937 K photons per second
########################################################
########################################################
# Threads: 18
# Heat filepath: heat.txt 
# Photons filepath: photons_per_sec.txt 
# 3.959819 seconds
# 8275.126693 K photons per second
########################################################
########################################################
# Threads: 18
# Heat filepath: heat.txt 
# Photons filepath: photons_per_sec.txt 
# 3.969397 seconds
# 8255.157803 K photons per second
########################################################
########################################################
# Threads: 18
# Heat filepath: heat.txt 
# Photons filepath: photons_per_sec.txt 
# 4.005461 seconds
# 8180.832081 K photons per second
########################################################
########################################################
# Threads: 18
# Heat filepath: heat.txt 
# Photons filepath: photons_per_sec.txt 
# 3.990089 seconds
# 8212.348691 K photons per second
########################################################
########################################################
# Threads: 18
# Heat filepath: heat.txt 
# Photons filepath: photons_per_sec.txt 
# 4.023989 seconds
# 8143.164080 K photons per second
########################################################
########################################################
# Threads: 18
# Heat filepath: heat.txt 
# Photons filepath: photons_per_sec.txt 
# 3.983881 seconds
# 8225.144521 K photons per second
########################################################
########################################################
# Threads: 18
# Heat filepath: heat.txt 
# Photons filepath: photons_per_sec.txt 
# 3.972478 seconds
# 8248.755266 K photons per second
########################################################
########################################################
# Threads: 18
# Heat filepath: heat.txt 
# Photons filepath: photons_per_sec.txt 
# 3.972766 seconds
# 8248.157146 K photons per second
########################################################
########################################################
# Threads: 18
# Heat filepath: heat.txt 
# Photons filepath: photons_per_sec.txt 
# 3.968479 seconds
# 8257.067933 K photons per second
########################################################
########################################################
# Threads: 18
# Heat filepath: heat.txt 
# Photons filepath: photons_per_sec.txt 
# 3.976356 seconds
# 8240.710456 K photons per second
########################################################
########################################################
# Threads: 18
# Heat filepath: heat.txt 
# Photons filepath: photons_per_sec.txt 
# 3.982152 seconds
# 8228.717249 K photons per second
########################################################
########################################################
# Threads: 18
# Heat filepath: heat.txt 
# Photons filepath: photons_per_sec.txt 
# 3.969047 seconds
# 8255.885836 K photons per second
########################################################
########################################################
# Threads: 18
# Heat filepath: heat.txt 
# Photons filepath: photons_per_sec.txt 
# 3.987267 seconds
# 8218.159489 K photons per second
########################################################
