########################################################
# Threads: 24
# Heat filepath: heat.txt 
# Photons filepath: photons_per_sec.txt 
# 3.729919 seconds
# 8785.176641 K photons per second
########################################################
########################################################
# Threads: 24
# Heat filepath: heat.txt 
# Photons filepath: photons_per_sec.txt 
# 3.563311 seconds
# 9195.941509 K photons per second
########################################################
########################################################
# Threads: 24
# Heat filepath: heat.txt 
# Photons filepath: photons_per_sec.txt 
# 4.011375 seconds
# 8168.770791 K photons per second
########################################################
########################################################
# Threads: 24
# Heat filepath: heat.txt 
# Photons filepath: photons_per_sec.txt 
# 3.881320 seconds
# 8442.487812 K photons per second
########################################################
########################################################
# Threads: 24
# Heat filepath: heat.txt 
# Photons filepath: photons_per_sec.txt 
# 3.907270 seconds
# 8386.417230 K photons per second
########################################################
########################################################
# Threads: 24
# Heat filepath: heat.txt 
# Photons filepath: photons_per_sec.txt 
# 3.740135 seconds
# 8761.181501 K photons per second
########################################################
########################################################
# Threads: 24
# Heat filepath: heat.txt 
# Photons filepath: photons_per_sec.txt 
# 3.707581 seconds
# 8838.108380 K photons per second
########################################################
########################################################
# Threads: 24
# Heat filepath: heat.txt 
# Photons filepath: photons_per_sec.txt 
# 3.592758 seconds
# 9120.569726 K photons per second
########################################################
########################################################
# Threads: 24
# Heat filepath: heat.txt 
# Photons filepath: photons_per_sec.txt 
# 3.666224 seconds
# 8937.806534 K photons per second
########################################################
########################################################
# Threads: 24
# Heat filepath: heat.txt 
# Photons filepath: photons_per_sec.txt 
# 3.704433 seconds
# 8845.618401 K photons per second
########################################################
########################################################
# Threads: 24
# Heat filepath: heat.txt 
# Photons filepath: photons_per_sec.txt 
# 3.718398 seconds
# 8812.398138 K photons per second
########################################################
########################################################
# Threads: 24
# Heat filepath: heat.txt 
# Photons filepath: photons_per_sec.txt 
# 3.633371 seconds
# 9018.620903 K photons per second
########################################################
########################################################
# Threads: 24
# Heat filepath: heat.txt 
# Photons filepath: photons_per_sec.txt 
# 3.660608 seconds
# 8951.518028 K photons per second
########################################################
########################################################
# Threads: 24
# Heat filepath: heat.txt 
# Photons filepath: photons_per_sec.txt 
# 3.819428 seconds
# 8579.294976 K photons per second
########################################################
########################################################
# Threads: 24
# Heat filepath: heat.txt 
# Photons filepath: photons_per_sec.txt 
# 3.618807 seconds
# 9054.917356 K photons per second
########################################################
########################################################
# Threads: 24
# Heat filepath: heat.txt 
# Photons filepath: photons_per_sec.txt 
# 3.713593 seconds
# 8823.798720 K photons per second
########################################################
########################################################
# Threads: 24
# Heat filepath: heat.txt 
# Photons filepath: photons_per_sec.txt 
# 3.728378 seconds
# 8788.807483 K photons per second
########################################################
########################################################
# Threads: 24
# Heat filepath: heat.txt 
# Photons filepath: photons_per_sec.txt 
# 4.001316 seconds
# 8189.304730 K photons per second
########################################################
########################################################
# Threads: 24
# Heat filepath: heat.txt 
# Photons filepath: photons_per_sec.txt 
# 3.749155 seconds
# 8740.103372 K photons per second
########################################################
########################################################
# Threads: 24
# Heat filepath: heat.txt 
# Photons filepath: photons_per_sec.txt 
# 3.901650 seconds
# 8398.497249 K photons per second
########################################################
########################################################
# Threads: 24
# Heat filepath: heat.txt 
# Photons filepath: photons_per_sec.txt 
# 3.955004 seconds
# 8285.200318 K photons per second
########################################################
########################################################
# Threads: 24
# Heat filepath: heat.txt 
# Photons filepath: photons_per_sec.txt 
# 3.988580 seconds
# 8215.454787 K photons per second
########################################################
########################################################
# Threads: 24
# Heat filepath: heat.txt 
# Photons filepath: photons_per_sec.txt 
# 4.012524 seconds
# 8166.431023 K photons per second
########################################################
########################################################
# Threads: 24
# Heat filepath: heat.txt 
# Photons filepath: photons_per_sec.txt 
# 3.700673 seconds
# 8854.606790 K photons per second
########################################################
########################################################
# Threads: 24
# Heat filepath: heat.txt 
# Photons filepath: photons_per_sec.txt 
# 3.639238 seconds
# 9004.083352 K photons per second
########################################################
