########################################################
# Threads: 10
# Heat filepath: heat.txt 
# Photons filepath: photons_per_sec.txt 
# 7.107303 seconds
# 4610.468822 K photons per second
########################################################
########################################################
# Threads: 10
# Heat filepath: heat.txt 
# Photons filepath: photons_per_sec.txt 
# 7.114851 seconds
# 4605.578070 K photons per second
########################################################
########################################################
# Threads: 10
# Heat filepath: heat.txt 
# Photons filepath: photons_per_sec.txt 
# 7.123523 seconds
# 4599.970967 K photons per second
########################################################
########################################################
# Threads: 10
# Heat filepath: heat.txt 
# Photons filepath: photons_per_sec.txt 
# 7.118019 seconds
# 4603.528028 K photons per second
########################################################
########################################################
# Threads: 10
# Heat filepath: heat.txt 
# Photons filepath: photons_per_sec.txt 
# 7.125118 seconds
# 4598.941276 K photons per second
########################################################
########################################################
# Threads: 10
# Heat filepath: heat.txt 
# Photons filepath: photons_per_sec.txt 
# 7.102640 seconds
# 4613.495856 K photons per second
########################################################
########################################################
# Threads: 10
# Heat filepath: heat.txt 
# Photons filepath: photons_per_sec.txt 
# 7.113930 seconds
# 4606.174370 K photons per second
########################################################
########################################################
# Threads: 10
# Heat filepath: heat.txt 
# Photons filepath: photons_per_sec.txt 
# 7.122537 seconds
# 4600.607676 K photons per second
########################################################
########################################################
# Threads: 10
# Heat filepath: heat.txt 
# Photons filepath: photons_per_sec.txt 
# 7.103906 seconds
# 4612.673948 K photons per second
########################################################
########################################################
# Threads: 10
# Heat filepath: heat.txt 
# Photons filepath: photons_per_sec.txt 
# 7.141135 seconds
# 4588.626303 K photons per second
########################################################
########################################################
# Threads: 10
# Heat filepath: heat.txt 
# Photons filepath: photons_per_sec.txt 
# 7.088658 seconds
# 4622.595464 K photons per second
########################################################
########################################################
# Threads: 10
# Heat filepath: heat.txt 
# Photons filepath: photons_per_sec.txt 
# 7.125145 seconds
# 4598.923845 K photons per second
########################################################
########################################################
# Threads: 10
# Heat filepath: heat.txt 
# Photons filepath: photons_per_sec.txt 
# 7.208966 seconds
# 4545.450739 K photons per second
########################################################
########################################################
# Threads: 10
# Heat filepath: heat.txt 
# Photons filepath: photons_per_sec.txt 
# 7.114409 seconds
# 4605.864231 K photons per second
########################################################
########################################################
# Threads: 10
# Heat filepath: heat.txt 
# Photons filepath: photons_per_sec.txt 
# 7.128072 seconds
# 4597.035792 K photons per second
########################################################
########################################################
# Threads: 10
# Heat filepath: heat.txt 
# Photons filepath: photons_per_sec.txt 
# 7.114968 seconds
# 4605.502409 K photons per second
########################################################
########################################################
# Threads: 10
# Heat filepath: heat.txt 
# Photons filepath: photons_per_sec.txt 
# 7.136387 seconds
# 4591.679109 K photons per second
########################################################
########################################################
# Threads: 10
# Heat filepath: heat.txt 
# Photons filepath: photons_per_sec.txt 
# 7.105252 seconds
# 4611.800056 K photons per second
########################################################
########################################################
# Threads: 10
# Heat filepath: heat.txt 
# Photons filepath: photons_per_sec.txt 
# 7.122538 seconds
# 4600.607277 K photons per second
########################################################
########################################################
# Threads: 10
# Heat filepath: heat.txt 
# Photons filepath: photons_per_sec.txt 
# 7.098332 seconds
# 4616.295832 K photons per second
########################################################
########################################################
# Threads: 10
# Heat filepath: heat.txt 
# Photons filepath: photons_per_sec.txt 
# 7.102773 seconds
# 4613.409340 K photons per second
########################################################
########################################################
# Threads: 10
# Heat filepath: heat.txt 
# Photons filepath: photons_per_sec.txt 
# 7.107917 seconds
# 4610.070404 K photons per second
########################################################
########################################################
# Threads: 10
# Heat filepath: heat.txt 
# Photons filepath: photons_per_sec.txt 
# 7.115518 seconds
# 4605.146287 K photons per second
########################################################
########################################################
# Threads: 10
# Heat filepath: heat.txt 
# Photons filepath: photons_per_sec.txt 
# 7.136951 seconds
# 4591.316448 K photons per second
########################################################
########################################################
# Threads: 10
# Heat filepath: heat.txt 
# Photons filepath: photons_per_sec.txt 
# 7.116786 seconds
# 4604.325688 K photons per second
########################################################
