########################################################
# Threads: 14
# Heat filepath: heat.txt 
# Photons filepath: photons_per_sec.txt 
# 5.087444 seconds
# 6440.955136 K photons per second
########################################################
########################################################
# Threads: 14
# Heat filepath: heat.txt 
# Photons filepath: photons_per_sec.txt 
# 5.087236 seconds
# 6441.218404 K photons per second
########################################################
########################################################
# Threads: 14
# Heat filepath: heat.txt 
# Photons filepath: photons_per_sec.txt 
# 5.087673 seconds
# 6440.665971 K photons per second
########################################################
########################################################
# Threads: 14
# Heat filepath: heat.txt 
# Photons filepath: photons_per_sec.txt 
# 5.095894 seconds
# 6430.275582 K photons per second
########################################################
########################################################
# Threads: 14
# Heat filepath: heat.txt 
# Photons filepath: photons_per_sec.txt 
# 5.184478 seconds
# 6320.405447 K photons per second
########################################################
########################################################
# Threads: 14
# Heat filepath: heat.txt 
# Photons filepath: photons_per_sec.txt 
# 5.082102 seconds
# 6447.726200 K photons per second
########################################################
########################################################
# Threads: 14
# Heat filepath: heat.txt 
# Photons filepath: photons_per_sec.txt 
# 5.097885 seconds
# 6427.763619 K photons per second
########################################################
########################################################
# Threads: 14
# Heat filepath: heat.txt 
# Photons filepath: photons_per_sec.txt 
# 5.121646 seconds
# 6397.942917 K photons per second
########################################################
########################################################
# Threads: 14
# Heat filepath: heat.txt 
# Photons filepath: photons_per_sec.txt 
# 5.093141 seconds
# 6433.750225 K photons per second
########################################################
########################################################
# Threads: 14
# Heat filepath: heat.txt 
# Photons filepath: photons_per_sec.txt 
# 5.080593 seconds
# 6449.640900 K photons per second
########################################################
########################################################
# Threads: 14
# Heat filepath: heat.txt 
# Photons filepath: photons_per_sec.txt 
# 5.124574 seconds
# 6394.287201 K photons per second
########################################################
########################################################
# Threads: 14
# Heat filepath: heat.txt 
# Photons filepath: photons_per_sec.txt 
# 5.299153 seconds
# 6183.629183 K photons per second
########################################################
########################################################
# Threads: 14
# Heat filepath: heat.txt 
# Photons filepath: photons_per_sec.txt 
# 5.100381 seconds
# 6424.617628 K photons per second
########################################################
########################################################
# Threads: 14
# Heat filepath: heat.txt 
# Photons filepath: photons_per_sec.txt 
# 5.091204 seconds
# 6436.197990 K photons per second
########################################################
########################################################
# Threads: 14
# Heat filepath: heat.txt 
# Photons filepath: photons_per_sec.txt 
# 5.086447 seconds
# 6442.218003 K photons per second
########################################################
########################################################
# Threads: 14
# Heat filepath: heat.txt 
# Photons filepath: photons_per_sec.txt 
# 5.129915 seconds
# 6387.630724 K photons per second
########################################################
########################################################
# Threads: 14
# Heat filepath: heat.txt 
# Photons filepath: photons_per_sec.txt 
# 5.093189 seconds
# 6433.690746 K photons per second
########################################################
########################################################
# Threads: 14
# Heat filepath: heat.txt 
# Photons filepath: photons_per_sec.txt 
# 5.092016 seconds
# 6435.172250 K photons per second
########################################################
########################################################
# Threads: 14
# Heat filepath: heat.txt 
# Photons filepath: photons_per_sec.txt 
# 5.084431 seconds
# 6444.772253 K photons per second
########################################################
########################################################
# Threads: 14
# Heat filepath: heat.txt 
# Photons filepath: photons_per_sec.txt 
# 5.086338 seconds
# 6442.356606 K photons per second
########################################################
########################################################
# Threads: 14
# Heat filepath: heat.txt 
# Photons filepath: photons_per_sec.txt 
# 5.083773 seconds
# 6445.606811 K photons per second
########################################################
########################################################
# Threads: 14
# Heat filepath: heat.txt 
# Photons filepath: photons_per_sec.txt 
# 5.086511 seconds
# 6442.137301 K photons per second
########################################################
########################################################
# Threads: 14
# Heat filepath: heat.txt 
# Photons filepath: photons_per_sec.txt 
# 5.069064 seconds
# 6464.309947 K photons per second
########################################################
########################################################
# Threads: 14
# Heat filepath: heat.txt 
# Photons filepath: photons_per_sec.txt 
# 5.080072 seconds
# 6450.302729 K photons per second
########################################################
########################################################
# Threads: 14
# Heat filepath: heat.txt 
# Photons filepath: photons_per_sec.txt 
# 5.193968 seconds
# 6308.856377 K photons per second
########################################################
