########################################################
# Threads: 28
# Heat filepath: heat.txt 
# Photons filepath: photons_per_sec.txt 
# 3.851265 seconds
# 8508.372778 K photons per second
########################################################
########################################################
# Threads: 28
# Heat filepath: heat.txt 
# Photons filepath: photons_per_sec.txt 
# 3.614473 seconds
# 9065.775911 K photons per second
########################################################
########################################################
# Threads: 28
# Heat filepath: heat.txt 
# Photons filepath: photons_per_sec.txt 
# 3.930227 seconds
# 8337.430875 K photons per second
########################################################
########################################################
# Threads: 28
# Heat filepath: heat.txt 
# Photons filepath: photons_per_sec.txt 
# 3.775356 seconds
# 8679.445994 K photons per second
########################################################
########################################################
# Threads: 28
# Heat filepath: heat.txt 
# Photons filepath: photons_per_sec.txt 
# 3.883504 seconds
# 8437.741453 K photons per second
########################################################
########################################################
# Threads: 28
# Heat filepath: heat.txt 
# Photons filepath: photons_per_sec.txt 
# 4.002282 seconds
# 8187.328763 K photons per second
########################################################
########################################################
# Threads: 28
# Heat filepath: heat.txt 
# Photons filepath: photons_per_sec.txt 
# 3.944431 seconds
# 8307.409497 K photons per second
########################################################
########################################################
# Threads: 28
# Heat filepath: heat.txt 
# Photons filepath: photons_per_sec.txt 
# 3.779599 seconds
# 8669.702247 K photons per second
########################################################
########################################################
# Threads: 28
# Heat filepath: heat.txt 
# Photons filepath: photons_per_sec.txt 
# 3.809068 seconds
# 8602.628691 K photons per second
########################################################
########################################################
# Threads: 28
# Heat filepath: heat.txt 
# Photons filepath: photons_per_sec.txt 
# 3.606627 seconds
# 9085.496755 K photons per second
########################################################
########################################################
# Threads: 28
# Heat filepath: heat.txt 
# Photons filepath: photons_per_sec.txt 
# 3.644049 seconds
# 8992.195287 K photons per second
########################################################
########################################################
# Threads: 28
# Heat filepath: heat.txt 
# Photons filepath: photons_per_sec.txt 
# 3.851737 seconds
# 8507.330846 K photons per second
########################################################
########################################################
# Threads: 28
# Heat filepath: heat.txt 
# Photons filepath: photons_per_sec.txt 
# 3.790555 seconds
# 8644.645279 K photons per second
########################################################
########################################################
# Threads: 28
# Heat filepath: heat.txt 
# Photons filepath: photons_per_sec.txt 
# 3.333735 seconds
# 9829.216460 K photons per second
########################################################
########################################################
# Threads: 28
# Heat filepath: heat.txt 
# Photons filepath: photons_per_sec.txt 
# 3.268906 seconds
# 10024.147818 K photons per second
########################################################
########################################################
# Threads: 28
# Heat filepath: heat.txt 
# Photons filepath: photons_per_sec.txt 
# 2.925366 seconds
# 11201.335226 K photons per second
########################################################
########################################################
# Threads: 28
# Heat filepath: heat.txt 
# Photons filepath: photons_per_sec.txt 
# 2.958465 seconds
# 11076.014362 K photons per second
########################################################
########################################################
# Threads: 28
# Heat filepath: heat.txt 
# Photons filepath: photons_per_sec.txt 
# 3.143291 seconds
# 10424.741932 K photons per second
########################################################
########################################################
# Threads: 28
# Heat filepath: heat.txt 
# Photons filepath: photons_per_sec.txt 
# 2.936689 seconds
# 11158.145826 K photons per second
########################################################
########################################################
# Threads: 28
# Heat filepath: heat.txt 
# Photons filepath: photons_per_sec.txt 
# 2.950688 seconds
# 11105.205817 K photons per second
########################################################
########################################################
# Threads: 28
# Heat filepath: heat.txt 
# Photons filepath: photons_per_sec.txt 
# 3.000500 seconds
# 10920.846790 K photons per second
########################################################
########################################################
# Threads: 28
# Heat filepath: heat.txt 
# Photons filepath: photons_per_sec.txt 
# 3.295996 seconds
# 9941.761000 K photons per second
########################################################
########################################################
# Threads: 28
# Heat filepath: heat.txt 
# Photons filepath: photons_per_sec.txt 
# 3.275393 seconds
# 10004.294354 K photons per second
########################################################
########################################################
# Threads: 28
# Heat filepath: heat.txt 
# Photons filepath: photons_per_sec.txt 
# 3.092488 seconds
# 10596.000431 K photons per second
########################################################
########################################################
# Threads: 28
# Heat filepath: heat.txt 
# Photons filepath: photons_per_sec.txt 
# 3.143454 seconds
# 10424.201413 K photons per second
########################################################
