########################################################
# Threads: 12
# Heat filepath: heat.txt 
# Photons filepath: photons_per_sec.txt 
# 5.929368 seconds
# 5526.389547 K photons per second
########################################################
########################################################
# Threads: 12
# Heat filepath: heat.txt 
# Photons filepath: photons_per_sec.txt 
# 5.989662 seconds
# 5470.759340 K photons per second
########################################################
########################################################
# Threads: 12
# Heat filepath: heat.txt 
# Photons filepath: photons_per_sec.txt 
# 5.908540 seconds
# 5545.871318 K photons per second
########################################################
########################################################
# Threads: 12
# Heat filepath: heat.txt 
# Photons filepath: photons_per_sec.txt 
# 5.927894 seconds
# 5527.764094 K photons per second
########################################################
########################################################
# Threads: 12
# Heat filepath: heat.txt 
# Photons filepath: photons_per_sec.txt 
# 5.974449 seconds
# 5484.690296 K photons per second
########################################################
########################################################
# Threads: 12
# Heat filepath: heat.txt 
# Photons filepath: photons_per_sec.txt 
# 5.928185 seconds
# 5527.493001 K photons per second
########################################################
########################################################
# Threads: 12
# Heat filepath: heat.txt 
# Photons filepath: photons_per_sec.txt 
# 5.928887 seconds
# 5526.838780 K photons per second
########################################################
########################################################
# Threads: 12
# Heat filepath: heat.txt 
# Photons filepath: photons_per_sec.txt 
# 5.944501 seconds
# 5512.321607 K photons per second
########################################################
########################################################
# Threads: 12
# Heat filepath: heat.txt 
# Photons filepath: photons_per_sec.txt 
# 5.937490 seconds
# 5518.830749 K photons per second
########################################################
########################################################
# Threads: 12
# Heat filepath: heat.txt 
# Photons filepath: photons_per_sec.txt 
# 5.933185 seconds
# 5522.834998 K photons per second
########################################################
########################################################
# Threads: 12
# Heat filepath: heat.txt 
# Photons filepath: photons_per_sec.txt 
# 5.947460 seconds
# 5509.578469 K photons per second
########################################################
########################################################
# Threads: 12
# Heat filepath: heat.txt 
# Photons filepath: photons_per_sec.txt 
# 5.932267 seconds
# 5523.689415 K photons per second
########################################################
########################################################
# Threads: 12
# Heat filepath: heat.txt 
# Photons filepath: photons_per_sec.txt 
# 5.938417 seconds
# 5517.968647 K photons per second
########################################################
########################################################
# Threads: 12
# Heat filepath: heat.txt 
# Photons filepath: photons_per_sec.txt 
# 5.948289 seconds
# 5508.811198 K photons per second
########################################################
########################################################
# Threads: 12
# Heat filepath: heat.txt 
# Photons filepath: photons_per_sec.txt 
# 5.919483 seconds
# 5535.618188 K photons per second
########################################################
########################################################
# Threads: 12
# Heat filepath: heat.txt 
# Photons filepath: photons_per_sec.txt 
# 5.950848 seconds
# 5506.442495 K photons per second
########################################################
########################################################
# Threads: 12
# Heat filepath: heat.txt 
# Photons filepath: photons_per_sec.txt 
# 5.956728 seconds
# 5501.006219 K photons per second
########################################################
########################################################
# Threads: 12
# Heat filepath: heat.txt 
# Photons filepath: photons_per_sec.txt 
# 5.937212 seconds
# 5519.089088 K photons per second
########################################################
########################################################
# Threads: 12
# Heat filepath: heat.txt 
# Photons filepath: photons_per_sec.txt 
# 5.955861 seconds
# 5501.807600 K photons per second
########################################################
########################################################
# Threads: 12
# Heat filepath: heat.txt 
# Photons filepath: photons_per_sec.txt 
# 5.923524 seconds
# 5531.841816 K photons per second
########################################################
########################################################
# Threads: 12
# Heat filepath: heat.txt 
# Photons filepath: photons_per_sec.txt 
# 6.002927 seconds
# 5458.670214 K photons per second
########################################################
########################################################
# Threads: 12
# Heat filepath: heat.txt 
# Photons filepath: photons_per_sec.txt 
# 5.930197 seconds
# 5525.617492 K photons per second
########################################################
########################################################
# Threads: 12
# Heat filepath: heat.txt 
# Photons filepath: photons_per_sec.txt 
# 5.986913 seconds
# 5473.271115 K photons per second
########################################################
########################################################
# Threads: 12
# Heat filepath: heat.txt 
# Photons filepath: photons_per_sec.txt 
# 5.934704 seconds
# 5521.420665 K photons per second
########################################################
########################################################
# Threads: 12
# Heat filepath: heat.txt 
# Photons filepath: photons_per_sec.txt 
# 5.952993 seconds
# 5504.458347 K photons per second
########################################################
