########################################################
# Threads: 8
# Heat filepath: heat.txt 
# Photons filepath: photons_per_sec.txt 
# 8.965937 seconds
# 3654.721069 K photons per second
########################################################
########################################################
# Threads: 8
# Heat filepath: heat.txt 
# Photons filepath: photons_per_sec.txt 
# 8.857380 seconds
# 3699.513648 K photons per second
########################################################
########################################################
# Threads: 8
# Heat filepath: heat.txt 
# Photons filepath: photons_per_sec.txt 
# 8.882617 seconds
# 3689.002742 K photons per second
########################################################
########################################################
# Threads: 8
# Heat filepath: heat.txt 
# Photons filepath: photons_per_sec.txt 
# 8.873814 seconds
# 3692.662657 K photons per second
########################################################
########################################################
# Threads: 8
# Heat filepath: heat.txt 
# Photons filepath: photons_per_sec.txt 
# 8.873427 seconds
# 3692.823479 K photons per second
########################################################
########################################################
# Threads: 8
# Heat filepath: heat.txt 
# Photons filepath: photons_per_sec.txt 
# 8.867308 seconds
# 3695.371701 K photons per second
########################################################
########################################################
# Threads: 8
# Heat filepath: heat.txt 
# Photons filepath: photons_per_sec.txt 
# 8.867331 seconds
# 3695.362057 K photons per second
########################################################
########################################################
# Threads: 8
# Heat filepath: heat.txt 
# Photons filepath: photons_per_sec.txt 
# 8.884281 seconds
# 3688.312168 K photons per second
########################################################
########################################################
# Threads: 8
# Heat filepath: heat.txt 
# Photons filepath: photons_per_sec.txt 
# 8.872582 seconds
# 3693.175346 K photons per second
########################################################
########################################################
# Threads: 8
# Heat filepath: heat.txt 
# Photons filepath: photons_per_sec.txt 
# 8.868911 seconds
# 3694.703920 K photons per second
########################################################
########################################################
# Threads: 8
# Heat filepath: heat.txt 
# Photons filepath: photons_per_sec.txt 
# 8.937659 seconds
# 3666.284596 K photons per second
########################################################
########################################################
# Threads: 8
# Heat filepath: heat.txt 
# Photons filepath: photons_per_sec.txt 
# 8.866664 seconds
# 3695.640365 K photons per second
########################################################
########################################################
# Threads: 8
# Heat filepath: heat.txt 
# Photons filepath: photons_per_sec.txt 
# 8.875594 seconds
# 3691.921994 K photons per second
########################################################
########################################################
# Threads: 8
# Heat filepath: heat.txt 
# Photons filepath: photons_per_sec.txt 
# 8.866609 seconds
# 3695.663066 K photons per second
########################################################
########################################################
# Threads: 8
# Heat filepath: heat.txt 
# Photons filepath: photons_per_sec.txt 
# 8.873025 seconds
# 3692.990806 K photons per second
########################################################
########################################################
# Threads: 8
# Heat filepath: heat.txt 
# Photons filepath: photons_per_sec.txt 
# 8.866817 seconds
# 3695.576370 K photons per second
########################################################
########################################################
# Threads: 8
# Heat filepath: heat.txt 
# Photons filepath: photons_per_sec.txt 
# 8.835052 seconds
# 3708.863216 K photons per second
########################################################
########################################################
# Threads: 8
# Heat filepath: heat.txt 
# Photons filepath: photons_per_sec.txt 
# 8.883714 seconds
# 3688.547458 K photons per second
########################################################
########################################################
# Threads: 8
# Heat filepath: heat.txt 
# Photons filepath: photons_per_sec.txt 
# 8.888886 seconds
# 3686.401068 K photons per second
########################################################
########################################################
# Threads: 8
# Heat filepath: heat.txt 
# Photons filepath: photons_per_sec.txt 
# 8.893474 seconds
# 3684.499486 K photons per second
########################################################
########################################################
# Threads: 8
# Heat filepath: heat.txt 
# Photons filepath: photons_per_sec.txt 
# 8.871320 seconds
# 3693.700700 K photons per second
########################################################
########################################################
# Threads: 8
# Heat filepath: heat.txt 
# Photons filepath: photons_per_sec.txt 
# 8.841400 seconds
# 3706.200485 K photons per second
########################################################
########################################################
# Threads: 8
# Heat filepath: heat.txt 
# Photons filepath: photons_per_sec.txt 
# 8.819866 seconds
# 3715.249120 K photons per second
########################################################
########################################################
# Threads: 8
# Heat filepath: heat.txt 
# Photons filepath: photons_per_sec.txt 
# 8.829090 seconds
# 3711.367639 K photons per second
########################################################
########################################################
# Threads: 8
# Heat filepath: heat.txt 
# Photons filepath: photons_per_sec.txt 
# 8.887552 seconds
# 3686.954665 K photons per second
########################################################
