########################################################
# Threads: 26
# Heat filepath: heat.txt 
# Photons filepath: photons_per_sec.txt 
# 3.793483 seconds
# 8637.972561 K photons per second
########################################################
########################################################
# Threads: 26
# Heat filepath: heat.txt 
# Photons filepath: photons_per_sec.txt 
# 3.708457 seconds
# 8836.019287 K photons per second
########################################################
########################################################
# Threads: 26
# Heat filepath: heat.txt 
# Photons filepath: photons_per_sec.txt 
# 3.750337 seconds
# 8737.348870 K photons per second
########################################################
########################################################
# Threads: 26
# Heat filepath: heat.txt 
# Photons filepath: photons_per_sec.txt 
# 3.687396 seconds
# 8886.487856 K photons per second
########################################################
########################################################
# Threads: 26
# Heat filepath: heat.txt 
# Photons filepath: photons_per_sec.txt 
# 3.960716 seconds
# 8273.251472 K photons per second
########################################################
########################################################
# Threads: 26
# Heat filepath: heat.txt 
# Photons filepath: photons_per_sec.txt 
# 3.728885 seconds
# 8787.612289 K photons per second
########################################################
########################################################
# Threads: 26
# Heat filepath: heat.txt 
# Photons filepath: photons_per_sec.txt 
# 3.637057 seconds
# 9009.482074 K photons per second
########################################################
########################################################
# Threads: 26
# Heat filepath: heat.txt 
# Photons filepath: photons_per_sec.txt 
# 3.774785 seconds
# 8680.759599 K photons per second
########################################################
########################################################
# Threads: 26
# Heat filepath: heat.txt 
# Photons filepath: photons_per_sec.txt 
# 3.891601 seconds
# 8420.183989 K photons per second
########################################################
########################################################
# Threads: 26
# Heat filepath: heat.txt 
# Photons filepath: photons_per_sec.txt 
# 3.679677 seconds
# 8905.130233 K photons per second
########################################################
########################################################
# Threads: 26
# Heat filepath: heat.txt 
# Photons filepath: photons_per_sec.txt 
# 3.885966 seconds
# 8432.395622 K photons per second
########################################################
########################################################
# Threads: 26
# Heat filepath: heat.txt 
# Photons filepath: photons_per_sec.txt 
# 3.984928 seconds
# 8222.984063 K photons per second
########################################################
########################################################
# Threads: 26
# Heat filepath: heat.txt 
# Photons filepath: photons_per_sec.txt 
# 3.747657 seconds
# 8743.596117 K photons per second
########################################################
########################################################
# Threads: 26
# Heat filepath: heat.txt 
# Photons filepath: photons_per_sec.txt 
# 3.988080 seconds
# 8216.485794 K photons per second
########################################################
########################################################
# Threads: 26
# Heat filepath: heat.txt 
# Photons filepath: photons_per_sec.txt 
# 3.657347 seconds
# 8959.499163 K photons per second
########################################################
########################################################
# Threads: 26
# Heat filepath: heat.txt 
# Photons filepath: photons_per_sec.txt 
# 3.756429 seconds
# 8723.178323 K photons per second
########################################################
########################################################
# Threads: 26
# Heat filepath: heat.txt 
# Photons filepath: photons_per_sec.txt 
# 3.706630 seconds
# 8840.374709 K photons per second
########################################################
########################################################
# Threads: 26
# Heat filepath: heat.txt 
# Photons filepath: photons_per_sec.txt 
# 3.918419 seconds
# 8362.557449 K photons per second
########################################################
########################################################
# Threads: 26
# Heat filepath: heat.txt 
# Photons filepath: photons_per_sec.txt 
# 3.478418 seconds
# 9420.375269 K photons per second
########################################################
########################################################
# Threads: 26
# Heat filepath: heat.txt 
# Photons filepath: photons_per_sec.txt 
# 3.709369 seconds
# 8833.848365 K photons per second
########################################################
########################################################
# Threads: 26
# Heat filepath: heat.txt 
# Photons filepath: photons_per_sec.txt 
# 3.781022 seconds
# 8666.440938 K photons per second
########################################################
########################################################
# Threads: 26
# Heat filepath: heat.txt 
# Photons filepath: photons_per_sec.txt 
# 3.850663 seconds
# 8509.702446 K photons per second
########################################################
########################################################
# Threads: 26
# Heat filepath: heat.txt 
# Photons filepath: photons_per_sec.txt 
# 3.672097 seconds
# 8923.510519 K photons per second
########################################################
########################################################
# Threads: 26
# Heat filepath: heat.txt 
# Photons filepath: photons_per_sec.txt 
# 3.535751 seconds
# 9267.622022 K photons per second
########################################################
########################################################
# Threads: 26
# Heat filepath: heat.txt 
# Photons filepath: photons_per_sec.txt 
# 3.952187 seconds
# 8291.106058 K photons per second
########################################################
