########################################################
# Threads: 16
# Heat filepath: heat.txt 
# Photons filepath: photons_per_sec.txt 
# 4.460388 seconds
# 7346.445313 K photons per second
########################################################
########################################################
# Threads: 16
# Heat filepath: heat.txt 
# Photons filepath: photons_per_sec.txt 
# 4.466510 seconds
# 7336.376466 K photons per second
########################################################
########################################################
# Threads: 16
# Heat filepath: heat.txt 
# Photons filepath: photons_per_sec.txt 
# 4.457500 seconds
# 7351.206185 K photons per second
########################################################
########################################################
# Threads: 16
# Heat filepath: heat.txt 
# Photons filepath: photons_per_sec.txt 
# 4.484862 seconds
# 7306.356185 K photons per second
########################################################
########################################################
# Threads: 16
# Heat filepath: heat.txt 
# Photons filepath: photons_per_sec.txt 
# 4.462885 seconds
# 7342.336043 K photons per second
########################################################
########################################################
# Threads: 16
# Heat filepath: heat.txt 
# Photons filepath: photons_per_sec.txt 
# 4.458736 seconds
# 7349.167468 K photons per second
########################################################
########################################################
# Threads: 16
# Heat filepath: heat.txt 
# Photons filepath: photons_per_sec.txt 
# 4.491347 seconds
# 7295.806733 K photons per second
########################################################
########################################################
# Threads: 16
# Heat filepath: heat.txt 
# Photons filepath: photons_per_sec.txt 
# 4.451630 seconds
# 7360.899799 K photons per second
########################################################
########################################################
# Threads: 16
# Heat filepath: heat.txt 
# Photons filepath: photons_per_sec.txt 
# 4.471968 seconds
# 7327.421988 K photons per second
########################################################
########################################################
# Threads: 16
# Heat filepath: heat.txt 
# Photons filepath: photons_per_sec.txt 
# 4.463621 seconds
# 7341.125820 K photons per second
########################################################
########################################################
# Threads: 16
# Heat filepath: heat.txt 
# Photons filepath: photons_per_sec.txt 
# 4.486104 seconds
# 7304.333561 K photons per second
########################################################
########################################################
# Threads: 16
# Heat filepath: heat.txt 
# Photons filepath: photons_per_sec.txt 
# 4.473434 seconds
# 7325.021749 K photons per second
########################################################
########################################################
# Threads: 16
# Heat filepath: heat.txt 
# Photons filepath: photons_per_sec.txt 
# 4.451808 seconds
# 7360.604166 K photons per second
########################################################
########################################################
# Threads: 16
# Heat filepath: heat.txt 
# Photons filepath: photons_per_sec.txt 
# 4.468307 seconds
# 7333.426027 K photons per second
########################################################
########################################################
# Threads: 16
# Heat filepath: heat.txt 
# Photons filepath: photons_per_sec.txt 
# 4.485279 seconds
# 7305.676858 K photons per second
########################################################
########################################################
# Threads: 16
# Heat filepath: heat.txt 
# Photons filepath: photons_per_sec.txt 
# 4.488850 seconds
# 7299.865785 K photons per second
########################################################
########################################################
# Threads: 16
# Heat filepath: heat.txt 
# Photons filepath: photons_per_sec.txt 
# 4.454694 seconds
# 7355.836639 K photons per second
########################################################
########################################################
# Threads: 16
# Heat filepath: heat.txt 
# Photons filepath: photons_per_sec.txt 
# 4.543340 seconds
# 7212.314571 K photons per second
########################################################
########################################################
# Threads: 16
# Heat filepath: heat.txt 
# Photons filepath: photons_per_sec.txt 
# 4.451721 seconds
# 7360.748719 K photons per second
########################################################
########################################################
# Threads: 16
# Heat filepath: heat.txt 
# Photons filepath: photons_per_sec.txt 
# 4.472503 seconds
# 7326.546784 K photons per second
########################################################
########################################################
# Threads: 16
# Heat filepath: heat.txt 
# Photons filepath: photons_per_sec.txt 
# 4.469319 seconds
# 7331.764999 K photons per second
########################################################
########################################################
# Threads: 16
# Heat filepath: heat.txt 
# Photons filepath: photons_per_sec.txt 
# 4.453619 seconds
# 7357.612483 K photons per second
########################################################
########################################################
# Threads: 16
# Heat filepath: heat.txt 
# Photons filepath: photons_per_sec.txt 
# 4.454495 seconds
# 7356.165096 K photons per second
########################################################
########################################################
# Threads: 16
# Heat filepath: heat.txt 
# Photons filepath: photons_per_sec.txt 
# 4.472230 seconds
# 7326.993950 K photons per second
########################################################
########################################################
# Threads: 16
# Heat filepath: heat.txt 
# Photons filepath: photons_per_sec.txt 
# 4.478774 seconds
# 7316.287924 K photons per second
########################################################
