rm -f tiny_mc *.o *.profraw
gcc -std=gnu11 -Wall -Wextra -O3 -ffast-math -march=native -ftree-vectorize -fopt-info-vec -fprofile-generate -fopenmp   -c -o tiny_mc.o tiny_mc.c
gcc -std=gnu11 -Wall -Wextra -O3 -ffast-math -march=native -ftree-vectorize -fopt-info-vec -fprofile-generate -fopenmp -o tiny_mc tiny_mc.o -lm 
libgcov profiling error:/home/cp2021cp202143/tiny_mc/tiny_mc.gcda:overwriting an existing profile data with a different timestamp
########################################################
# Threads: 12
# Heat filepath: foo.txt 
# Photons filepath: bar.txt 
# 24.862748 seconds
# 131.795567 K photons per second
########################################################
rm -f tiny_mc *.o *.profraw
gcc -std=gnu11 -Wall -Wextra -O3 -ffast-math -march=native -ftree-vectorize -fopt-info-vec -fprofile-use -fopenmp   -c -o tiny_mc.o tiny_mc.c
tiny_mc.c:105:14: optimized: loop vectorized using 32 byte vectors
tiny_mc.c:173:22: optimized: basic block part vectorized using 32 byte vectors
gcc -std=gnu11 -Wall -Wextra -O3 -ffast-math -march=native -ftree-vectorize -fopt-info-vec -fprofile-use -fopenmp -o tiny_mc tiny_mc.o -lm 
########################################################
# Threads: 12
# Heat filepath: /home/cp2021cp202143/tiny_mc/outputs/execute_n_20210529_195052/heat_0.txt 
# Photons filepath: /home/cp2021cp202143/tiny_mc/outputs/execute_n_20210529_195052/photons.txt 
# 0.616286 seconds
# 5317.010282 K photons per second
########################################################
########################################################
# Threads: 12
# Heat filepath: /home/cp2021cp202143/tiny_mc/outputs/execute_n_20210529_195052/heat_1.txt 
# Photons filepath: /home/cp2021cp202143/tiny_mc/outputs/execute_n_20210529_195052/photons.txt 
# 0.608262 seconds
# 5387.149107 K photons per second
########################################################
########################################################
# Threads: 12
# Heat filepath: /home/cp2021cp202143/tiny_mc/outputs/execute_n_20210529_195052/heat_2.txt 
# Photons filepath: /home/cp2021cp202143/tiny_mc/outputs/execute_n_20210529_195052/photons.txt 
# 0.612535 seconds
# 5349.571228 K photons per second
########################################################
########################################################
# Threads: 12
# Heat filepath: /home/cp2021cp202143/tiny_mc/outputs/execute_n_20210529_195052/heat_3.txt 
# Photons filepath: /home/cp2021cp202143/tiny_mc/outputs/execute_n_20210529_195052/photons.txt 
# 0.613385 seconds
# 5342.159007 K photons per second
########################################################
########################################################
# Threads: 12
# Heat filepath: /home/cp2021cp202143/tiny_mc/outputs/execute_n_20210529_195052/heat_4.txt 
# Photons filepath: /home/cp2021cp202143/tiny_mc/outputs/execute_n_20210529_195052/photons.txt 
# 0.596885 seconds
# 5489.836838 K photons per second
########################################################
########################################################
# Threads: 12
# Heat filepath: /home/cp2021cp202143/tiny_mc/outputs/execute_n_20210529_195052/heat_5.txt 
# Photons filepath: /home/cp2021cp202143/tiny_mc/outputs/execute_n_20210529_195052/photons.txt 
# 0.597352 seconds
# 5485.539143 K photons per second
########################################################
########################################################
# Threads: 12
# Heat filepath: /home/cp2021cp202143/tiny_mc/outputs/execute_n_20210529_195052/heat_6.txt 
# Photons filepath: /home/cp2021cp202143/tiny_mc/outputs/execute_n_20210529_195052/photons.txt 
# 0.590960 seconds
# 5544.876635 K photons per second
########################################################
########################################################
# Threads: 12
# Heat filepath: /home/cp2021cp202143/tiny_mc/outputs/execute_n_20210529_195052/heat_7.txt 
# Photons filepath: /home/cp2021cp202143/tiny_mc/outputs/execute_n_20210529_195052/photons.txt 
# 0.592863 seconds
# 5527.078576 K photons per second
########################################################
########################################################
# Threads: 12
# Heat filepath: /home/cp2021cp202143/tiny_mc/outputs/execute_n_20210529_195052/heat_8.txt 
# Photons filepath: /home/cp2021cp202143/tiny_mc/outputs/execute_n_20210529_195052/photons.txt 
# 0.592365 seconds
# 5531.725272 K photons per second
########################################################
########################################################
# Threads: 12
# Heat filepath: /home/cp2021cp202143/tiny_mc/outputs/execute_n_20210529_195052/heat_9.txt 
# Photons filepath: /home/cp2021cp202143/tiny_mc/outputs/execute_n_20210529_195052/photons.txt 
# 0.592490 seconds
# 5530.554220 K photons per second
########################################################
########################################################
# Threads: 12
# Heat filepath: /home/cp2021cp202143/tiny_mc/outputs/execute_n_20210529_195052/heat_10.txt 
# Photons filepath: /home/cp2021cp202143/tiny_mc/outputs/execute_n_20210529_195052/photons.txt 
# 0.604341 seconds
# 5422.108633 K photons per second
########################################################
########################################################
# Threads: 12
# Heat filepath: /home/cp2021cp202143/tiny_mc/outputs/execute_n_20210529_195052/heat_11.txt 
# Photons filepath: /home/cp2021cp202143/tiny_mc/outputs/execute_n_20210529_195052/photons.txt 
# 0.594182 seconds
# 5514.809704 K photons per second
########################################################
########################################################
# Threads: 12
# Heat filepath: /home/cp2021cp202143/tiny_mc/outputs/execute_n_20210529_195052/heat_12.txt 
# Photons filepath: /home/cp2021cp202143/tiny_mc/outputs/execute_n_20210529_195052/photons.txt 
# 0.593636 seconds
# 5519.882909 K photons per second
########################################################
########################################################
# Threads: 12
# Heat filepath: /home/cp2021cp202143/tiny_mc/outputs/execute_n_20210529_195052/heat_13.txt 
# Photons filepath: /home/cp2021cp202143/tiny_mc/outputs/execute_n_20210529_195052/photons.txt 
# 0.592532 seconds
# 5530.168236 K photons per second
########################################################
########################################################
# Threads: 12
# Heat filepath: /home/cp2021cp202143/tiny_mc/outputs/execute_n_20210529_195052/heat_14.txt 
# Photons filepath: /home/cp2021cp202143/tiny_mc/outputs/execute_n_20210529_195052/photons.txt 
# 0.599820 seconds
# 5462.974361 K photons per second
########################################################
########################################################
# Threads: 12
# Heat filepath: /home/cp2021cp202143/tiny_mc/outputs/execute_n_20210529_195052/heat_15.txt 
# Photons filepath: /home/cp2021cp202143/tiny_mc/outputs/execute_n_20210529_195052/photons.txt 
# 0.597679 seconds
# 5482.544550 K photons per second
########################################################
########################################################
# Threads: 12
# Heat filepath: /home/cp2021cp202143/tiny_mc/outputs/execute_n_20210529_195052/heat_16.txt 
# Photons filepath: /home/cp2021cp202143/tiny_mc/outputs/execute_n_20210529_195052/photons.txt 
# 0.593671 seconds
# 5519.559396 K photons per second
########################################################
########################################################
# Threads: 12
# Heat filepath: /home/cp2021cp202143/tiny_mc/outputs/execute_n_20210529_195052/heat_17.txt 
# Photons filepath: /home/cp2021cp202143/tiny_mc/outputs/execute_n_20210529_195052/photons.txt 
# 0.592942 seconds
# 5526.341389 K photons per second
########################################################
########################################################
# Threads: 12
# Heat filepath: /home/cp2021cp202143/tiny_mc/outputs/execute_n_20210529_195052/heat_18.txt 
# Photons filepath: /home/cp2021cp202143/tiny_mc/outputs/execute_n_20210529_195052/photons.txt 
# 0.593270 seconds
# 5523.284173 K photons per second
########################################################
########################################################
# Threads: 12
# Heat filepath: /home/cp2021cp202143/tiny_mc/outputs/execute_n_20210529_195052/heat_19.txt 
# Photons filepath: /home/cp2021cp202143/tiny_mc/outputs/execute_n_20210529_195052/photons.txt 
# 0.593578 seconds
# 5520.417654 K photons per second
########################################################
########################################################
# Threads: 12
# Heat filepath: /home/cp2021cp202143/tiny_mc/outputs/execute_n_20210529_195052/heat_20.txt 
# Photons filepath: /home/cp2021cp202143/tiny_mc/outputs/execute_n_20210529_195052/photons.txt 
# 0.612011 seconds
# 5354.154644 K photons per second
########################################################
########################################################
# Threads: 12
# Heat filepath: /home/cp2021cp202143/tiny_mc/outputs/execute_n_20210529_195052/heat_21.txt 
# Photons filepath: /home/cp2021cp202143/tiny_mc/outputs/execute_n_20210529_195052/photons.txt 
# 0.601610 seconds
# 5446.715315 K photons per second
########################################################
########################################################
# Threads: 12
# Heat filepath: /home/cp2021cp202143/tiny_mc/outputs/execute_n_20210529_195052/heat_22.txt 
# Photons filepath: /home/cp2021cp202143/tiny_mc/outputs/execute_n_20210529_195052/photons.txt 
# 0.591461 seconds
# 5540.183349 K photons per second
########################################################
########################################################
# Threads: 12
# Heat filepath: /home/cp2021cp202143/tiny_mc/outputs/execute_n_20210529_195052/heat_23.txt 
# Photons filepath: /home/cp2021cp202143/tiny_mc/outputs/execute_n_20210529_195052/photons.txt 
# 0.594098 seconds
# 5515.590448 K photons per second
########################################################
########################################################
# Threads: 12
# Heat filepath: /home/cp2021cp202143/tiny_mc/outputs/execute_n_20210529_195052/heat_24.txt 
# Photons filepath: /home/cp2021cp202143/tiny_mc/outputs/execute_n_20210529_195052/photons.txt 
# 0.593127 seconds
# 5524.617968 K photons per second
########################################################
Average photons per second (25 iterations)
5476354.121496759
Saved to /home/cp2021cp202143/tiny_mc/outputs/execute_n_20210529_195052
