rm -f tiny_mc *.o *.profraw
gcc -std=gnu11 -Wall -Wextra -O3 -ffast-math -march=native -ftree-vectorize -fopt-info-vec -fprofile-generate -fopenmp   -c -o tiny_mc.o tiny_mc.c
gcc -std=gnu11 -Wall -Wextra -O3 -ffast-math -march=native -ftree-vectorize -fopt-info-vec -fprofile-generate -fopenmp -o tiny_mc tiny_mc.o -lm 
libgcov profiling error:/home/cp2021cp202143/tiny_mc/tiny_mc.gcda:overwriting an existing profile data with a different timestamp
########################################################
# Threads: 22
# Heat filepath: foo.txt 
# Photons filepath: bar.txt 
# 24.647223 seconds
# 132.948040 K photons per second
########################################################
rm -f tiny_mc *.o *.profraw
gcc -std=gnu11 -Wall -Wextra -O3 -ffast-math -march=native -ftree-vectorize -fopt-info-vec -fprofile-use -fopenmp   -c -o tiny_mc.o tiny_mc.c
tiny_mc.c:105:14: optimized: loop vectorized using 32 byte vectors
tiny_mc.c:173:22: optimized: basic block part vectorized using 32 byte vectors
gcc -std=gnu11 -Wall -Wextra -O3 -ffast-math -march=native -ftree-vectorize -fopt-info-vec -fprofile-use -fopenmp -o tiny_mc tiny_mc.o -lm 
########################################################
# Threads: 22
# Heat filepath: /home/cp2021cp202143/tiny_mc/outputs/execute_n_20210529_195400/heat_0.txt 
# Photons filepath: /home/cp2021cp202143/tiny_mc/outputs/execute_n_20210529_195400/photons.txt 
# 0.350264 seconds
# 9355.236692 K photons per second
########################################################
########################################################
# Threads: 22
# Heat filepath: /home/cp2021cp202143/tiny_mc/outputs/execute_n_20210529_195400/heat_1.txt 
# Photons filepath: /home/cp2021cp202143/tiny_mc/outputs/execute_n_20210529_195400/photons.txt 
# 0.324781 seconds
# 10089.260765 K photons per second
########################################################
########################################################
# Threads: 22
# Heat filepath: /home/cp2021cp202143/tiny_mc/outputs/execute_n_20210529_195400/heat_2.txt 
# Photons filepath: /home/cp2021cp202143/tiny_mc/outputs/execute_n_20210529_195400/photons.txt 
# 0.326765 seconds
# 10027.992118 K photons per second
########################################################
########################################################
# Threads: 22
# Heat filepath: /home/cp2021cp202143/tiny_mc/outputs/execute_n_20210529_195400/heat_3.txt 
# Photons filepath: /home/cp2021cp202143/tiny_mc/outputs/execute_n_20210529_195400/photons.txt 
# 0.341855 seconds
# 9585.352871 K photons per second
########################################################
########################################################
# Threads: 22
# Heat filepath: /home/cp2021cp202143/tiny_mc/outputs/execute_n_20210529_195400/heat_4.txt 
# Photons filepath: /home/cp2021cp202143/tiny_mc/outputs/execute_n_20210529_195400/photons.txt 
# 0.348703 seconds
# 9397.096824 K photons per second
########################################################
########################################################
# Threads: 22
# Heat filepath: /home/cp2021cp202143/tiny_mc/outputs/execute_n_20210529_195400/heat_5.txt 
# Photons filepath: /home/cp2021cp202143/tiny_mc/outputs/execute_n_20210529_195400/photons.txt 
# 0.323929 seconds
# 10115.811764 K photons per second
########################################################
########################################################
# Threads: 22
# Heat filepath: /home/cp2021cp202143/tiny_mc/outputs/execute_n_20210529_195400/heat_6.txt 
# Photons filepath: /home/cp2021cp202143/tiny_mc/outputs/execute_n_20210529_195400/photons.txt 
# 0.340325 seconds
# 9628.438137 K photons per second
########################################################
########################################################
# Threads: 22
# Heat filepath: /home/cp2021cp202143/tiny_mc/outputs/execute_n_20210529_195400/heat_7.txt 
# Photons filepath: /home/cp2021cp202143/tiny_mc/outputs/execute_n_20210529_195400/photons.txt 
# 0.327190 seconds
# 10014.988334 K photons per second
########################################################
########################################################
# Threads: 22
# Heat filepath: /home/cp2021cp202143/tiny_mc/outputs/execute_n_20210529_195400/heat_8.txt 
# Photons filepath: /home/cp2021cp202143/tiny_mc/outputs/execute_n_20210529_195400/photons.txt 
# 0.356759 seconds
# 9184.915741 K photons per second
########################################################
########################################################
# Threads: 22
# Heat filepath: /home/cp2021cp202143/tiny_mc/outputs/execute_n_20210529_195400/heat_9.txt 
# Photons filepath: /home/cp2021cp202143/tiny_mc/outputs/execute_n_20210529_195400/photons.txt 
# 0.326652 seconds
# 10031.480047 K photons per second
########################################################
########################################################
# Threads: 22
# Heat filepath: /home/cp2021cp202143/tiny_mc/outputs/execute_n_20210529_195400/heat_10.txt 
# Photons filepath: /home/cp2021cp202143/tiny_mc/outputs/execute_n_20210529_195400/photons.txt 
# 0.326156 seconds
# 10046.728899 K photons per second
########################################################
########################################################
# Threads: 22
# Heat filepath: /home/cp2021cp202143/tiny_mc/outputs/execute_n_20210529_195400/heat_11.txt 
# Photons filepath: /home/cp2021cp202143/tiny_mc/outputs/execute_n_20210529_195400/photons.txt 
# 0.327217 seconds
# 10014.141264 K photons per second
########################################################
########################################################
# Threads: 22
# Heat filepath: /home/cp2021cp202143/tiny_mc/outputs/execute_n_20210529_195400/heat_12.txt 
# Photons filepath: /home/cp2021cp202143/tiny_mc/outputs/execute_n_20210529_195400/photons.txt 
# 0.325419 seconds
# 10069.474313 K photons per second
########################################################
########################################################
# Threads: 22
# Heat filepath: /home/cp2021cp202143/tiny_mc/outputs/execute_n_20210529_195400/heat_13.txt 
# Photons filepath: /home/cp2021cp202143/tiny_mc/outputs/execute_n_20210529_195400/photons.txt 
# 0.351649 seconds
# 9318.375210 K photons per second
########################################################
########################################################
# Threads: 22
# Heat filepath: /home/cp2021cp202143/tiny_mc/outputs/execute_n_20210529_195400/heat_14.txt 
# Photons filepath: /home/cp2021cp202143/tiny_mc/outputs/execute_n_20210529_195400/photons.txt 
# 0.326777 seconds
# 10027.644670 K photons per second
########################################################
########################################################
# Threads: 22
# Heat filepath: /home/cp2021cp202143/tiny_mc/outputs/execute_n_20210529_195400/heat_15.txt 
# Photons filepath: /home/cp2021cp202143/tiny_mc/outputs/execute_n_20210529_195400/photons.txt 
# 0.338123 seconds
# 9691.143058 K photons per second
########################################################
########################################################
# Threads: 22
# Heat filepath: /home/cp2021cp202143/tiny_mc/outputs/execute_n_20210529_195400/heat_16.txt 
# Photons filepath: /home/cp2021cp202143/tiny_mc/outputs/execute_n_20210529_195400/photons.txt 
# 0.326614 seconds
# 10032.624158 K photons per second
########################################################
########################################################
# Threads: 22
# Heat filepath: /home/cp2021cp202143/tiny_mc/outputs/execute_n_20210529_195400/heat_17.txt 
# Photons filepath: /home/cp2021cp202143/tiny_mc/outputs/execute_n_20210529_195400/photons.txt 
# 0.326155 seconds
# 10046.764099 K photons per second
########################################################
########################################################
# Threads: 22
# Heat filepath: /home/cp2021cp202143/tiny_mc/outputs/execute_n_20210529_195400/heat_18.txt 
# Photons filepath: /home/cp2021cp202143/tiny_mc/outputs/execute_n_20210529_195400/photons.txt 
# 0.328066 seconds
# 9988.245792 K photons per second
########################################################
########################################################
# Threads: 22
# Heat filepath: /home/cp2021cp202143/tiny_mc/outputs/execute_n_20210529_195400/heat_19.txt 
# Photons filepath: /home/cp2021cp202143/tiny_mc/outputs/execute_n_20210529_195400/photons.txt 
# 0.337528 seconds
# 9708.222569 K photons per second
########################################################
########################################################
# Threads: 22
# Heat filepath: /home/cp2021cp202143/tiny_mc/outputs/execute_n_20210529_195400/heat_20.txt 
# Photons filepath: /home/cp2021cp202143/tiny_mc/outputs/execute_n_20210529_195400/photons.txt 
# 0.356115 seconds
# 9201.517737 K photons per second
########################################################
########################################################
# Threads: 22
# Heat filepath: /home/cp2021cp202143/tiny_mc/outputs/execute_n_20210529_195400/heat_21.txt 
# Photons filepath: /home/cp2021cp202143/tiny_mc/outputs/execute_n_20210529_195400/photons.txt 
# 0.324864 seconds
# 10086.683755 K photons per second
########################################################
########################################################
# Threads: 22
# Heat filepath: /home/cp2021cp202143/tiny_mc/outputs/execute_n_20210529_195400/heat_22.txt 
# Photons filepath: /home/cp2021cp202143/tiny_mc/outputs/execute_n_20210529_195400/photons.txt 
# 0.326530 seconds
# 10035.216921 K photons per second
########################################################
########################################################
# Threads: 22
# Heat filepath: /home/cp2021cp202143/tiny_mc/outputs/execute_n_20210529_195400/heat_23.txt 
# Photons filepath: /home/cp2021cp202143/tiny_mc/outputs/execute_n_20210529_195400/photons.txt 
# 0.339145 seconds
# 9661.953317 K photons per second
########################################################
########################################################
# Threads: 22
# Heat filepath: /home/cp2021cp202143/tiny_mc/outputs/execute_n_20210529_195400/heat_24.txt 
# Photons filepath: /home/cp2021cp202143/tiny_mc/outputs/execute_n_20210529_195400/photons.txt 
# 0.326617 seconds
# 10032.532243 K photons per second
########################################################
Average photons per second (25 iterations)
9815673.651894882
Saved to /home/cp2021cp202143/tiny_mc/outputs/execute_n_20210529_195400
