rm -f tiny_mc *.o *.profraw
gcc -std=gnu11 -Wall -Wextra -O3 -ffast-math -march=native -ftree-vectorize -fopt-info-vec -fprofile-generate -fopenmp   -c -o tiny_mc.o tiny_mc.c
gcc -std=gnu11 -Wall -Wextra -O3 -ffast-math -march=native -ftree-vectorize -fopt-info-vec -fprofile-generate -fopenmp -o tiny_mc tiny_mc.o -lm 
libgcov profiling error:/home/cp2021cp202143/tiny_mc/tiny_mc.gcda:overwriting an existing profile data with a different timestamp
########################################################
# Threads: 26
# Heat filepath: foo.txt 
# Photons filepath: bar.txt 
# 29.966394 seconds
# 109.349158 K photons per second
########################################################
rm -f tiny_mc *.o *.profraw
gcc -std=gnu11 -Wall -Wextra -O3 -ffast-math -march=native -ftree-vectorize -fopt-info-vec -fprofile-use -fopenmp   -c -o tiny_mc.o tiny_mc.c
tiny_mc.c:105:14: optimized: loop vectorized using 32 byte vectors
tiny_mc.c:173:22: optimized: basic block part vectorized using 32 byte vectors
gcc -std=gnu11 -Wall -Wextra -O3 -ffast-math -march=native -ftree-vectorize -fopt-info-vec -fprofile-use -fopenmp -o tiny_mc tiny_mc.o -lm 
########################################################
# Threads: 26
# Heat filepath: /home/cp2021cp202143/tiny_mc/outputs/execute_n_20210529_195508/heat_0.txt 
# Photons filepath: /home/cp2021cp202143/tiny_mc/outputs/execute_n_20210529_195508/photons.txt 
# 0.328143 seconds
# 9985.877214 K photons per second
########################################################
########################################################
# Threads: 26
# Heat filepath: /home/cp2021cp202143/tiny_mc/outputs/execute_n_20210529_195508/heat_1.txt 
# Photons filepath: /home/cp2021cp202143/tiny_mc/outputs/execute_n_20210529_195508/photons.txt 
# 0.290374 seconds
# 11284.745549 K photons per second
########################################################
########################################################
# Threads: 26
# Heat filepath: /home/cp2021cp202143/tiny_mc/outputs/execute_n_20210529_195508/heat_2.txt 
# Photons filepath: /home/cp2021cp202143/tiny_mc/outputs/execute_n_20210529_195508/photons.txt 
# 0.298837 seconds
# 10965.161957 K photons per second
########################################################
########################################################
# Threads: 26
# Heat filepath: /home/cp2021cp202143/tiny_mc/outputs/execute_n_20210529_195508/heat_3.txt 
# Photons filepath: /home/cp2021cp202143/tiny_mc/outputs/execute_n_20210529_195508/photons.txt 
# 0.276309 seconds
# 11859.167714 K photons per second
########################################################
########################################################
# Threads: 26
# Heat filepath: /home/cp2021cp202143/tiny_mc/outputs/execute_n_20210529_195508/heat_4.txt 
# Photons filepath: /home/cp2021cp202143/tiny_mc/outputs/execute_n_20210529_195508/photons.txt 
# 0.301602 seconds
# 10864.655900 K photons per second
########################################################
########################################################
# Threads: 26
# Heat filepath: /home/cp2021cp202143/tiny_mc/outputs/execute_n_20210529_195508/heat_5.txt 
# Photons filepath: /home/cp2021cp202143/tiny_mc/outputs/execute_n_20210529_195508/photons.txt 
# 0.289222 seconds
# 11329.710201 K photons per second
########################################################
########################################################
# Threads: 26
# Heat filepath: /home/cp2021cp202143/tiny_mc/outputs/execute_n_20210529_195508/heat_6.txt 
# Photons filepath: /home/cp2021cp202143/tiny_mc/outputs/execute_n_20210529_195508/photons.txt 
# 0.275614 seconds
# 11889.072788 K photons per second
########################################################
########################################################
# Threads: 26
# Heat filepath: /home/cp2021cp202143/tiny_mc/outputs/execute_n_20210529_195508/heat_7.txt 
# Photons filepath: /home/cp2021cp202143/tiny_mc/outputs/execute_n_20210529_195508/photons.txt 
# 0.303939 seconds
# 10781.104084 K photons per second
########################################################
########################################################
# Threads: 26
# Heat filepath: /home/cp2021cp202143/tiny_mc/outputs/execute_n_20210529_195508/heat_8.txt 
# Photons filepath: /home/cp2021cp202143/tiny_mc/outputs/execute_n_20210529_195508/photons.txt 
# 0.274332 seconds
# 11944.658227 K photons per second
########################################################
########################################################
# Threads: 26
# Heat filepath: /home/cp2021cp202143/tiny_mc/outputs/execute_n_20210529_195508/heat_9.txt 
# Photons filepath: /home/cp2021cp202143/tiny_mc/outputs/execute_n_20210529_195508/photons.txt 
# 0.277711 seconds
# 11799.299489 K photons per second
########################################################
########################################################
# Threads: 26
# Heat filepath: /home/cp2021cp202143/tiny_mc/outputs/execute_n_20210529_195508/heat_10.txt 
# Photons filepath: /home/cp2021cp202143/tiny_mc/outputs/execute_n_20210529_195508/photons.txt 
# 0.275084 seconds
# 11911.988067 K photons per second
########################################################
########################################################
# Threads: 26
# Heat filepath: /home/cp2021cp202143/tiny_mc/outputs/execute_n_20210529_195508/heat_11.txt 
# Photons filepath: /home/cp2021cp202143/tiny_mc/outputs/execute_n_20210529_195508/photons.txt 
# 0.297757 seconds
# 11004.931576 K photons per second
########################################################
########################################################
# Threads: 26
# Heat filepath: /home/cp2021cp202143/tiny_mc/outputs/execute_n_20210529_195508/heat_12.txt 
# Photons filepath: /home/cp2021cp202143/tiny_mc/outputs/execute_n_20210529_195508/photons.txt 
# 0.275280 seconds
# 11903.496941 K photons per second
########################################################
########################################################
# Threads: 26
# Heat filepath: /home/cp2021cp202143/tiny_mc/outputs/execute_n_20210529_195508/heat_13.txt 
# Photons filepath: /home/cp2021cp202143/tiny_mc/outputs/execute_n_20210529_195508/photons.txt 
# 0.275484 seconds
# 11894.722866 K photons per second
########################################################
########################################################
# Threads: 26
# Heat filepath: /home/cp2021cp202143/tiny_mc/outputs/execute_n_20210529_195508/heat_14.txt 
# Photons filepath: /home/cp2021cp202143/tiny_mc/outputs/execute_n_20210529_195508/photons.txt 
# 0.297790 seconds
# 11003.726728 K photons per second
########################################################
########################################################
# Threads: 26
# Heat filepath: /home/cp2021cp202143/tiny_mc/outputs/execute_n_20210529_195508/heat_15.txt 
# Photons filepath: /home/cp2021cp202143/tiny_mc/outputs/execute_n_20210529_195508/photons.txt 
# 0.275932 seconds
# 11875.380529 K photons per second
########################################################
########################################################
# Threads: 26
# Heat filepath: /home/cp2021cp202143/tiny_mc/outputs/execute_n_20210529_195508/heat_16.txt 
# Photons filepath: /home/cp2021cp202143/tiny_mc/outputs/execute_n_20210529_195508/photons.txt 
# 0.275676 seconds
# 11886.427431 K photons per second
########################################################
########################################################
# Threads: 26
# Heat filepath: /home/cp2021cp202143/tiny_mc/outputs/execute_n_20210529_195508/heat_17.txt 
# Photons filepath: /home/cp2021cp202143/tiny_mc/outputs/execute_n_20210529_195508/photons.txt 
# 0.276519 seconds
# 11850.165447 K photons per second
########################################################
########################################################
# Threads: 26
# Heat filepath: /home/cp2021cp202143/tiny_mc/outputs/execute_n_20210529_195508/heat_18.txt 
# Photons filepath: /home/cp2021cp202143/tiny_mc/outputs/execute_n_20210529_195508/photons.txt 
# 0.276167 seconds
# 11865.262936 K photons per second
########################################################
########################################################
# Threads: 26
# Heat filepath: /home/cp2021cp202143/tiny_mc/outputs/execute_n_20210529_195508/heat_19.txt 
# Photons filepath: /home/cp2021cp202143/tiny_mc/outputs/execute_n_20210529_195508/photons.txt 
# 0.276188 seconds
# 11864.368985 K photons per second
########################################################
########################################################
# Threads: 26
# Heat filepath: /home/cp2021cp202143/tiny_mc/outputs/execute_n_20210529_195508/heat_20.txt 
# Photons filepath: /home/cp2021cp202143/tiny_mc/outputs/execute_n_20210529_195508/photons.txt 
# 0.315158 seconds
# 10397.339811 K photons per second
########################################################
########################################################
# Threads: 26
# Heat filepath: /home/cp2021cp202143/tiny_mc/outputs/execute_n_20210529_195508/heat_21.txt 
# Photons filepath: /home/cp2021cp202143/tiny_mc/outputs/execute_n_20210529_195508/photons.txt 
# 0.275324 seconds
# 11901.625812 K photons per second
########################################################
########################################################
# Threads: 26
# Heat filepath: /home/cp2021cp202143/tiny_mc/outputs/execute_n_20210529_195508/heat_22.txt 
# Photons filepath: /home/cp2021cp202143/tiny_mc/outputs/execute_n_20210529_195508/photons.txt 
# 0.280892 seconds
# 11665.695913 K photons per second
########################################################
########################################################
# Threads: 26
# Heat filepath: /home/cp2021cp202143/tiny_mc/outputs/execute_n_20210529_195508/heat_23.txt 
# Photons filepath: /home/cp2021cp202143/tiny_mc/outputs/execute_n_20210529_195508/photons.txt 
# 0.282703 seconds
# 11590.980132 K photons per second
########################################################
########################################################
# Threads: 26
# Heat filepath: /home/cp2021cp202143/tiny_mc/outputs/execute_n_20210529_195508/heat_24.txt 
# Photons filepath: /home/cp2021cp202143/tiny_mc/outputs/execute_n_20210529_195508/photons.txt 
# 0.303775 seconds
# 10786.926076 K photons per second
########################################################
Average photons per second (25 iterations)
11444259.69502636
Saved to /home/cp2021cp202143/tiny_mc/outputs/execute_n_20210529_195508
