rm -f tiny_mc *.o *.profraw
gcc -std=gnu11 -Wall -Wextra -O3 -ffast-math -march=native -ftree-vectorize -fopt-info-vec -fprofile-generate -fopenmp   -c -o tiny_mc.o tiny_mc.c
gcc -std=gnu11 -Wall -Wextra -O3 -ffast-math -march=native -ftree-vectorize -fopt-info-vec -fprofile-generate -fopenmp -o tiny_mc tiny_mc.o -lm 
libgcov profiling error:/home/cp2021cp202143/tiny_mc/tiny_mc.gcda:overwriting an existing profile data with a different timestamp
########################################################
# Threads: 4
# Heat filepath: foo.txt 
# Photons filepath: bar.txt 
# 26.020220 seconds
# 125.932832 K photons per second
########################################################
rm -f tiny_mc *.o *.profraw
gcc -std=gnu11 -Wall -Wextra -O3 -ffast-math -march=native -ftree-vectorize -fopt-info-vec -fprofile-use -fopenmp   -c -o tiny_mc.o tiny_mc.c
tiny_mc.c:105:14: optimized: loop vectorized using 32 byte vectors
tiny_mc.c:173:22: optimized: basic block part vectorized using 32 byte vectors
gcc -std=gnu11 -Wall -Wextra -O3 -ffast-math -march=native -ftree-vectorize -fopt-info-vec -fprofile-use -fopenmp -o tiny_mc tiny_mc.o -lm 
########################################################
# Threads: 4
# Heat filepath: /home/cp2021cp202143/tiny_mc/outputs/execute_n_20210529_194710/heat_0.txt 
# Photons filepath: /home/cp2021cp202143/tiny_mc/outputs/execute_n_20210529_194710/photons.txt 
# 1.662074 seconds
# 1971.513272 K photons per second
########################################################
########################################################
# Threads: 4
# Heat filepath: /home/cp2021cp202143/tiny_mc/outputs/execute_n_20210529_194710/heat_1.txt 
# Photons filepath: /home/cp2021cp202143/tiny_mc/outputs/execute_n_20210529_194710/photons.txt 
# 1.627089 seconds
# 2013.903521 K photons per second
########################################################
########################################################
# Threads: 4
# Heat filepath: /home/cp2021cp202143/tiny_mc/outputs/execute_n_20210529_194710/heat_2.txt 
# Photons filepath: /home/cp2021cp202143/tiny_mc/outputs/execute_n_20210529_194710/photons.txt 
# 1.613178 seconds
# 2031.269724 K photons per second
########################################################
########################################################
# Threads: 4
# Heat filepath: /home/cp2021cp202143/tiny_mc/outputs/execute_n_20210529_194710/heat_3.txt 
# Photons filepath: /home/cp2021cp202143/tiny_mc/outputs/execute_n_20210529_194710/photons.txt 
# 1.635766 seconds
# 2003.220724 K photons per second
########################################################
########################################################
# Threads: 4
# Heat filepath: /home/cp2021cp202143/tiny_mc/outputs/execute_n_20210529_194710/heat_4.txt 
# Photons filepath: /home/cp2021cp202143/tiny_mc/outputs/execute_n_20210529_194710/photons.txt 
# 1.614094 seconds
# 2030.117078 K photons per second
########################################################
########################################################
# Threads: 4
# Heat filepath: /home/cp2021cp202143/tiny_mc/outputs/execute_n_20210529_194710/heat_5.txt 
# Photons filepath: /home/cp2021cp202143/tiny_mc/outputs/execute_n_20210529_194710/photons.txt 
# 1.617756 seconds
# 2025.522123 K photons per second
########################################################
########################################################
# Threads: 4
# Heat filepath: /home/cp2021cp202143/tiny_mc/outputs/execute_n_20210529_194710/heat_6.txt 
# Photons filepath: /home/cp2021cp202143/tiny_mc/outputs/execute_n_20210529_194710/photons.txt 
# 1.703805 seconds
# 1923.224733 K photons per second
########################################################
########################################################
# Threads: 4
# Heat filepath: /home/cp2021cp202143/tiny_mc/outputs/execute_n_20210529_194710/heat_7.txt 
# Photons filepath: /home/cp2021cp202143/tiny_mc/outputs/execute_n_20210529_194710/photons.txt 
# 1.659568 seconds
# 1974.489378 K photons per second
########################################################
########################################################
# Threads: 4
# Heat filepath: /home/cp2021cp202143/tiny_mc/outputs/execute_n_20210529_194710/heat_8.txt 
# Photons filepath: /home/cp2021cp202143/tiny_mc/outputs/execute_n_20210529_194710/photons.txt 
# 1.691628 seconds
# 1937.068415 K photons per second
########################################################
########################################################
# Threads: 4
# Heat filepath: /home/cp2021cp202143/tiny_mc/outputs/execute_n_20210529_194710/heat_9.txt 
# Photons filepath: /home/cp2021cp202143/tiny_mc/outputs/execute_n_20210529_194710/photons.txt 
# 1.628239 seconds
# 2012.481207 K photons per second
########################################################
########################################################
# Threads: 4
# Heat filepath: /home/cp2021cp202143/tiny_mc/outputs/execute_n_20210529_194710/heat_10.txt 
# Photons filepath: /home/cp2021cp202143/tiny_mc/outputs/execute_n_20210529_194710/photons.txt 
# 1.620499 seconds
# 2022.093499 K photons per second
########################################################
########################################################
# Threads: 4
# Heat filepath: /home/cp2021cp202143/tiny_mc/outputs/execute_n_20210529_194710/heat_11.txt 
# Photons filepath: /home/cp2021cp202143/tiny_mc/outputs/execute_n_20210529_194710/photons.txt 
# 1.692707 seconds
# 1935.834499 K photons per second
########################################################
########################################################
# Threads: 4
# Heat filepath: /home/cp2021cp202143/tiny_mc/outputs/execute_n_20210529_194710/heat_12.txt 
# Photons filepath: /home/cp2021cp202143/tiny_mc/outputs/execute_n_20210529_194710/photons.txt 
# 1.627951 seconds
# 2012.836778 K photons per second
########################################################
########################################################
# Threads: 4
# Heat filepath: /home/cp2021cp202143/tiny_mc/outputs/execute_n_20210529_194710/heat_13.txt 
# Photons filepath: /home/cp2021cp202143/tiny_mc/outputs/execute_n_20210529_194710/photons.txt 
# 1.704854 seconds
# 1922.040974 K photons per second
########################################################
########################################################
# Threads: 4
# Heat filepath: /home/cp2021cp202143/tiny_mc/outputs/execute_n_20210529_194710/heat_14.txt 
# Photons filepath: /home/cp2021cp202143/tiny_mc/outputs/execute_n_20210529_194710/photons.txt 
# 1.610100 seconds
# 2035.153309 K photons per second
########################################################
########################################################
# Threads: 4
# Heat filepath: /home/cp2021cp202143/tiny_mc/outputs/execute_n_20210529_194710/heat_15.txt 
# Photons filepath: /home/cp2021cp202143/tiny_mc/outputs/execute_n_20210529_194710/photons.txt 
# 1.627663 seconds
# 2013.193489 K photons per second
########################################################
########################################################
# Threads: 4
# Heat filepath: /home/cp2021cp202143/tiny_mc/outputs/execute_n_20210529_194710/heat_16.txt 
# Photons filepath: /home/cp2021cp202143/tiny_mc/outputs/execute_n_20210529_194710/photons.txt 
# 1.701027 seconds
# 1926.365963 K photons per second
########################################################
########################################################
# Threads: 4
# Heat filepath: /home/cp2021cp202143/tiny_mc/outputs/execute_n_20210529_194710/heat_17.txt 
# Photons filepath: /home/cp2021cp202143/tiny_mc/outputs/execute_n_20210529_194710/photons.txt 
# 1.638592 seconds
# 1999.765849 K photons per second
########################################################
########################################################
# Threads: 4
# Heat filepath: /home/cp2021cp202143/tiny_mc/outputs/execute_n_20210529_194710/heat_18.txt 
# Photons filepath: /home/cp2021cp202143/tiny_mc/outputs/execute_n_20210529_194710/photons.txt 
# 1.620166 seconds
# 2022.509083 K photons per second
########################################################
########################################################
# Threads: 4
# Heat filepath: /home/cp2021cp202143/tiny_mc/outputs/execute_n_20210529_194710/heat_19.txt 
# Photons filepath: /home/cp2021cp202143/tiny_mc/outputs/execute_n_20210529_194710/photons.txt 
# 1.649787 seconds
# 1986.195621 K photons per second
########################################################
########################################################
# Threads: 4
# Heat filepath: /home/cp2021cp202143/tiny_mc/outputs/execute_n_20210529_194710/heat_20.txt 
# Photons filepath: /home/cp2021cp202143/tiny_mc/outputs/execute_n_20210529_194710/photons.txt 
# 1.767710 seconds
# 1853.698138 K photons per second
########################################################
########################################################
# Threads: 4
# Heat filepath: /home/cp2021cp202143/tiny_mc/outputs/execute_n_20210529_194710/heat_21.txt 
# Photons filepath: /home/cp2021cp202143/tiny_mc/outputs/execute_n_20210529_194710/photons.txt 
# 1.630430 seconds
# 2009.777166 K photons per second
########################################################
########################################################
# Threads: 4
# Heat filepath: /home/cp2021cp202143/tiny_mc/outputs/execute_n_20210529_194710/heat_22.txt 
# Photons filepath: /home/cp2021cp202143/tiny_mc/outputs/execute_n_20210529_194710/photons.txt 
# 1.620120 seconds
# 2022.566406 K photons per second
########################################################
########################################################
# Threads: 4
# Heat filepath: /home/cp2021cp202143/tiny_mc/outputs/execute_n_20210529_194710/heat_23.txt 
# Photons filepath: /home/cp2021cp202143/tiny_mc/outputs/execute_n_20210529_194710/photons.txt 
# 1.641912 seconds
# 1995.721605 K photons per second
########################################################
########################################################
# Threads: 4
# Heat filepath: /home/cp2021cp202143/tiny_mc/outputs/execute_n_20210529_194710/heat_24.txt 
# Photons filepath: /home/cp2021cp202143/tiny_mc/outputs/execute_n_20210529_194710/photons.txt 
# 1.608474 seconds
# 2037.210212 K photons per second
########################################################
Average photons per second (25 iterations)
1988710.9106279602
Saved to /home/cp2021cp202143/tiny_mc/outputs/execute_n_20210529_194710
