rm -f tiny_mc *.o *.profraw
gcc -std=gnu11 -Wall -Wextra -O3 -ffast-math -march=native -ftree-vectorize -fopt-info-vec -fprofile-generate -fopenmp   -c -o tiny_mc.o tiny_mc.c
gcc -std=gnu11 -Wall -Wextra -O3 -ffast-math -march=native -ftree-vectorize -fopt-info-vec -fprofile-generate -fopenmp -o tiny_mc tiny_mc.o -lm 
libgcov profiling error:/home/cp2021cp202143/tiny_mc/tiny_mc.gcda:overwriting an existing profile data with a different timestamp
########################################################
# Threads: 10
# Heat filepath: foo.txt 
# Photons filepath: bar.txt 
# 26.594382 seconds
# 123.213994 K photons per second
########################################################
rm -f tiny_mc *.o *.profraw
gcc -std=gnu11 -Wall -Wextra -O3 -ffast-math -march=native -ftree-vectorize -fopt-info-vec -fprofile-use -fopenmp   -c -o tiny_mc.o tiny_mc.c
tiny_mc.c:105:14: optimized: loop vectorized using 32 byte vectors
tiny_mc.c:173:22: optimized: basic block part vectorized using 32 byte vectors
gcc -std=gnu11 -Wall -Wextra -O3 -ffast-math -march=native -ftree-vectorize -fopt-info-vec -fprofile-use -fopenmp -o tiny_mc tiny_mc.o -lm 
########################################################
# Threads: 10
# Heat filepath: /home/cp2021cp202143/tiny_mc/outputs/execute_n_20210529_195006/heat_0.txt 
# Photons filepath: /home/cp2021cp202143/tiny_mc/outputs/execute_n_20210529_195006/photons.txt 
# 0.735816 seconds
# 4453.289856 K photons per second
########################################################
########################################################
# Threads: 10
# Heat filepath: /home/cp2021cp202143/tiny_mc/outputs/execute_n_20210529_195006/heat_1.txt 
# Photons filepath: /home/cp2021cp202143/tiny_mc/outputs/execute_n_20210529_195006/photons.txt 
# 0.726360 seconds
# 4511.261057 K photons per second
########################################################
########################################################
# Threads: 10
# Heat filepath: /home/cp2021cp202143/tiny_mc/outputs/execute_n_20210529_195006/heat_2.txt 
# Photons filepath: /home/cp2021cp202143/tiny_mc/outputs/execute_n_20210529_195006/photons.txt 
# 0.725946 seconds
# 4513.835660 K photons per second
########################################################
########################################################
# Threads: 10
# Heat filepath: /home/cp2021cp202143/tiny_mc/outputs/execute_n_20210529_195006/heat_3.txt 
# Photons filepath: /home/cp2021cp202143/tiny_mc/outputs/execute_n_20210529_195006/photons.txt 
# 0.710032 seconds
# 4615.001105 K photons per second
########################################################
########################################################
# Threads: 10
# Heat filepath: /home/cp2021cp202143/tiny_mc/outputs/execute_n_20210529_195006/heat_4.txt 
# Photons filepath: /home/cp2021cp202143/tiny_mc/outputs/execute_n_20210529_195006/photons.txt 
# 0.724038 seconds
# 4525.726645 K photons per second
########################################################
########################################################
# Threads: 10
# Heat filepath: /home/cp2021cp202143/tiny_mc/outputs/execute_n_20210529_195006/heat_5.txt 
# Photons filepath: /home/cp2021cp202143/tiny_mc/outputs/execute_n_20210529_195006/photons.txt 
# 0.709702 seconds
# 4617.149388 K photons per second
########################################################
########################################################
# Threads: 10
# Heat filepath: /home/cp2021cp202143/tiny_mc/outputs/execute_n_20210529_195006/heat_6.txt 
# Photons filepath: /home/cp2021cp202143/tiny_mc/outputs/execute_n_20210529_195006/photons.txt 
# 0.710608 seconds
# 4611.263133 K photons per second
########################################################
########################################################
# Threads: 10
# Heat filepath: /home/cp2021cp202143/tiny_mc/outputs/execute_n_20210529_195006/heat_7.txt 
# Photons filepath: /home/cp2021cp202143/tiny_mc/outputs/execute_n_20210529_195006/photons.txt 
# 0.715618 seconds
# 4578.978976 K photons per second
########################################################
########################################################
# Threads: 10
# Heat filepath: /home/cp2021cp202143/tiny_mc/outputs/execute_n_20210529_195006/heat_8.txt 
# Photons filepath: /home/cp2021cp202143/tiny_mc/outputs/execute_n_20210529_195006/photons.txt 
# 0.712127 seconds
# 4601.428284 K photons per second
########################################################
########################################################
# Threads: 10
# Heat filepath: /home/cp2021cp202143/tiny_mc/outputs/execute_n_20210529_195006/heat_9.txt 
# Photons filepath: /home/cp2021cp202143/tiny_mc/outputs/execute_n_20210529_195006/photons.txt 
# 0.725327 seconds
# 4517.687671 K photons per second
########################################################
########################################################
# Threads: 10
# Heat filepath: /home/cp2021cp202143/tiny_mc/outputs/execute_n_20210529_195006/heat_10.txt 
# Photons filepath: /home/cp2021cp202143/tiny_mc/outputs/execute_n_20210529_195006/photons.txt 
# 0.712216 seconds
# 4600.854278 K photons per second
########################################################
########################################################
# Threads: 10
# Heat filepath: /home/cp2021cp202143/tiny_mc/outputs/execute_n_20210529_195006/heat_11.txt 
# Photons filepath: /home/cp2021cp202143/tiny_mc/outputs/execute_n_20210529_195006/photons.txt 
# 0.711546 seconds
# 4605.185553 K photons per second
########################################################
########################################################
# Threads: 10
# Heat filepath: /home/cp2021cp202143/tiny_mc/outputs/execute_n_20210529_195006/heat_12.txt 
# Photons filepath: /home/cp2021cp202143/tiny_mc/outputs/execute_n_20210529_195006/photons.txt 
# 0.711591 seconds
# 4604.892479 K photons per second
########################################################
########################################################
# Threads: 10
# Heat filepath: /home/cp2021cp202143/tiny_mc/outputs/execute_n_20210529_195006/heat_13.txt 
# Photons filepath: /home/cp2021cp202143/tiny_mc/outputs/execute_n_20210529_195006/photons.txt 
# 0.709726 seconds
# 4616.991521 K photons per second
########################################################
########################################################
# Threads: 10
# Heat filepath: /home/cp2021cp202143/tiny_mc/outputs/execute_n_20210529_195006/heat_14.txt 
# Photons filepath: /home/cp2021cp202143/tiny_mc/outputs/execute_n_20210529_195006/photons.txt 
# 0.709811 seconds
# 4616.440338 K photons per second
########################################################
########################################################
# Threads: 10
# Heat filepath: /home/cp2021cp202143/tiny_mc/outputs/execute_n_20210529_195006/heat_15.txt 
# Photons filepath: /home/cp2021cp202143/tiny_mc/outputs/execute_n_20210529_195006/photons.txt 
# 0.711585 seconds
# 4604.928520 K photons per second
########################################################
########################################################
# Threads: 10
# Heat filepath: /home/cp2021cp202143/tiny_mc/outputs/execute_n_20210529_195006/heat_16.txt 
# Photons filepath: /home/cp2021cp202143/tiny_mc/outputs/execute_n_20210529_195006/photons.txt 
# 0.711172 seconds
# 4607.605356 K photons per second
########################################################
########################################################
# Threads: 10
# Heat filepath: /home/cp2021cp202143/tiny_mc/outputs/execute_n_20210529_195006/heat_17.txt 
# Photons filepath: /home/cp2021cp202143/tiny_mc/outputs/execute_n_20210529_195006/photons.txt 
# 0.722844 seconds
# 4533.207662 K photons per second
########################################################
########################################################
# Threads: 10
# Heat filepath: /home/cp2021cp202143/tiny_mc/outputs/execute_n_20210529_195006/heat_18.txt 
# Photons filepath: /home/cp2021cp202143/tiny_mc/outputs/execute_n_20210529_195006/photons.txt 
# 0.725589 seconds
# 4516.054324 K photons per second
########################################################
########################################################
# Threads: 10
# Heat filepath: /home/cp2021cp202143/tiny_mc/outputs/execute_n_20210529_195006/heat_19.txt 
# Photons filepath: /home/cp2021cp202143/tiny_mc/outputs/execute_n_20210529_195006/photons.txt 
# 0.711884 seconds
# 4602.994405 K photons per second
########################################################
########################################################
# Threads: 10
# Heat filepath: /home/cp2021cp202143/tiny_mc/outputs/execute_n_20210529_195006/heat_20.txt 
# Photons filepath: /home/cp2021cp202143/tiny_mc/outputs/execute_n_20210529_195006/photons.txt 
# 0.711727 seconds
# 4604.010266 K photons per second
########################################################
########################################################
# Threads: 10
# Heat filepath: /home/cp2021cp202143/tiny_mc/outputs/execute_n_20210529_195006/heat_21.txt 
# Photons filepath: /home/cp2021cp202143/tiny_mc/outputs/execute_n_20210529_195006/photons.txt 
# 0.710510 seconds
# 4611.901551 K photons per second
########################################################
########################################################
# Threads: 10
# Heat filepath: /home/cp2021cp202143/tiny_mc/outputs/execute_n_20210529_195006/heat_22.txt 
# Photons filepath: /home/cp2021cp202143/tiny_mc/outputs/execute_n_20210529_195006/photons.txt 
# 0.710797 seconds
# 4610.037030 K photons per second
########################################################
########################################################
# Threads: 10
# Heat filepath: /home/cp2021cp202143/tiny_mc/outputs/execute_n_20210529_195006/heat_23.txt 
# Photons filepath: /home/cp2021cp202143/tiny_mc/outputs/execute_n_20210529_195006/photons.txt 
# 0.711728 seconds
# 4604.003476 K photons per second
########################################################
########################################################
# Threads: 10
# Heat filepath: /home/cp2021cp202143/tiny_mc/outputs/execute_n_20210529_195006/heat_24.txt 
# Photons filepath: /home/cp2021cp202143/tiny_mc/outputs/execute_n_20210529_195006/photons.txt 
# 0.710375 seconds
# 4612.776625 K photons per second
########################################################
Average photons per second (25 iterations)
4579900.20628884
Saved to /home/cp2021cp202143/tiny_mc/outputs/execute_n_20210529_195006
