rm -f tiny_mc *.o *.profraw
gcc -std=gnu11 -Wall -Wextra -O3 -ffast-math -march=native -ftree-vectorize -fopt-info-vec -fprofile-generate -fopenmp   -c -o tiny_mc.o tiny_mc.c
gcc -std=gnu11 -Wall -Wextra -O3 -ffast-math -march=native -ftree-vectorize -fopt-info-vec -fprofile-generate -fopenmp -o tiny_mc tiny_mc.o -lm 
libgcov profiling error:/home/cp2021cp202143/tiny_mc/tiny_mc.gcda:overwriting an existing profile data with a different timestamp
########################################################
# Threads: 14
# Heat filepath: foo.txt 
# Photons filepath: bar.txt 
# 25.061282 seconds
# 130.751490 K photons per second
########################################################
rm -f tiny_mc *.o *.profraw
gcc -std=gnu11 -Wall -Wextra -O3 -ffast-math -march=native -ftree-vectorize -fopt-info-vec -fprofile-use -fopenmp   -c -o tiny_mc.o tiny_mc.c
tiny_mc.c:105:14: optimized: loop vectorized using 32 byte vectors
tiny_mc.c:173:22: optimized: basic block part vectorized using 32 byte vectors
gcc -std=gnu11 -Wall -Wextra -O3 -ffast-math -march=native -ftree-vectorize -fopt-info-vec -fprofile-use -fopenmp -o tiny_mc tiny_mc.o -lm 
########################################################
# Threads: 14
# Heat filepath: /home/cp2021cp202143/tiny_mc/outputs/execute_n_20210529_195133/heat_0.txt 
# Photons filepath: /home/cp2021cp202143/tiny_mc/outputs/execute_n_20210529_195133/photons.txt 
# 0.528142 seconds
# 6204.389106 K photons per second
########################################################
########################################################
# Threads: 14
# Heat filepath: /home/cp2021cp202143/tiny_mc/outputs/execute_n_20210529_195133/heat_1.txt 
# Photons filepath: /home/cp2021cp202143/tiny_mc/outputs/execute_n_20210529_195133/photons.txt 
# 0.510371 seconds
# 6420.431224 K photons per second
########################################################
########################################################
# Threads: 14
# Heat filepath: /home/cp2021cp202143/tiny_mc/outputs/execute_n_20210529_195133/heat_2.txt 
# Photons filepath: /home/cp2021cp202143/tiny_mc/outputs/execute_n_20210529_195133/photons.txt 
# 0.529530 seconds
# 6188.127105 K photons per second
########################################################
########################################################
# Threads: 14
# Heat filepath: /home/cp2021cp202143/tiny_mc/outputs/execute_n_20210529_195133/heat_3.txt 
# Photons filepath: /home/cp2021cp202143/tiny_mc/outputs/execute_n_20210529_195133/photons.txt 
# 0.509955 seconds
# 6425.659105 K photons per second
########################################################
########################################################
# Threads: 14
# Heat filepath: /home/cp2021cp202143/tiny_mc/outputs/execute_n_20210529_195133/heat_4.txt 
# Photons filepath: /home/cp2021cp202143/tiny_mc/outputs/execute_n_20210529_195133/photons.txt 
# 0.509964 seconds
# 6425.555756 K photons per second
########################################################
########################################################
# Threads: 14
# Heat filepath: /home/cp2021cp202143/tiny_mc/outputs/execute_n_20210529_195133/heat_5.txt 
# Photons filepath: /home/cp2021cp202143/tiny_mc/outputs/execute_n_20210529_195133/photons.txt 
# 0.509966 seconds
# 6425.521796 K photons per second
########################################################
########################################################
# Threads: 14
# Heat filepath: /home/cp2021cp202143/tiny_mc/outputs/execute_n_20210529_195133/heat_6.txt 
# Photons filepath: /home/cp2021cp202143/tiny_mc/outputs/execute_n_20210529_195133/photons.txt 
# 0.526936 seconds
# 6218.587700 K photons per second
########################################################
########################################################
# Threads: 14
# Heat filepath: /home/cp2021cp202143/tiny_mc/outputs/execute_n_20210529_195133/heat_7.txt 
# Photons filepath: /home/cp2021cp202143/tiny_mc/outputs/execute_n_20210529_195133/photons.txt 
# 0.511207 seconds
# 6409.928293 K photons per second
########################################################
########################################################
# Threads: 14
# Heat filepath: /home/cp2021cp202143/tiny_mc/outputs/execute_n_20210529_195133/heat_8.txt 
# Photons filepath: /home/cp2021cp202143/tiny_mc/outputs/execute_n_20210529_195133/photons.txt 
# 0.510128 seconds
# 6423.487209 K photons per second
########################################################
########################################################
# Threads: 14
# Heat filepath: /home/cp2021cp202143/tiny_mc/outputs/execute_n_20210529_195133/heat_9.txt 
# Photons filepath: /home/cp2021cp202143/tiny_mc/outputs/execute_n_20210529_195133/photons.txt 
# 0.509710 seconds
# 6428.752420 K photons per second
########################################################
########################################################
# Threads: 14
# Heat filepath: /home/cp2021cp202143/tiny_mc/outputs/execute_n_20210529_195133/heat_10.txt 
# Photons filepath: /home/cp2021cp202143/tiny_mc/outputs/execute_n_20210529_195133/photons.txt 
# 0.509257 seconds
# 6434.467135 K photons per second
########################################################
########################################################
# Threads: 14
# Heat filepath: /home/cp2021cp202143/tiny_mc/outputs/execute_n_20210529_195133/heat_11.txt 
# Photons filepath: /home/cp2021cp202143/tiny_mc/outputs/execute_n_20210529_195133/photons.txt 
# 0.510112 seconds
# 6423.683762 K photons per second
########################################################
########################################################
# Threads: 14
# Heat filepath: /home/cp2021cp202143/tiny_mc/outputs/execute_n_20210529_195133/heat_12.txt 
# Photons filepath: /home/cp2021cp202143/tiny_mc/outputs/execute_n_20210529_195133/photons.txt 
# 0.509083 seconds
# 6436.668695 K photons per second
########################################################
########################################################
# Threads: 14
# Heat filepath: /home/cp2021cp202143/tiny_mc/outputs/execute_n_20210529_195133/heat_13.txt 
# Photons filepath: /home/cp2021cp202143/tiny_mc/outputs/execute_n_20210529_195133/photons.txt 
# 0.504533 seconds
# 6494.721836 K photons per second
########################################################
########################################################
# Threads: 14
# Heat filepath: /home/cp2021cp202143/tiny_mc/outputs/execute_n_20210529_195133/heat_14.txt 
# Photons filepath: /home/cp2021cp202143/tiny_mc/outputs/execute_n_20210529_195133/photons.txt 
# 0.505247 seconds
# 6485.538672 K photons per second
########################################################
########################################################
# Threads: 14
# Heat filepath: /home/cp2021cp202143/tiny_mc/outputs/execute_n_20210529_195133/heat_15.txt 
# Photons filepath: /home/cp2021cp202143/tiny_mc/outputs/execute_n_20210529_195133/photons.txt 
# 0.529308 seconds
# 6190.722656 K photons per second
########################################################
########################################################
# Threads: 14
# Heat filepath: /home/cp2021cp202143/tiny_mc/outputs/execute_n_20210529_195133/heat_16.txt 
# Photons filepath: /home/cp2021cp202143/tiny_mc/outputs/execute_n_20210529_195133/photons.txt 
# 0.510508 seconds
# 6418.706217 K photons per second
########################################################
########################################################
# Threads: 14
# Heat filepath: /home/cp2021cp202143/tiny_mc/outputs/execute_n_20210529_195133/heat_17.txt 
# Photons filepath: /home/cp2021cp202143/tiny_mc/outputs/execute_n_20210529_195133/photons.txt 
# 0.508364 seconds
# 6445.780124 K photons per second
########################################################
########################################################
# Threads: 14
# Heat filepath: /home/cp2021cp202143/tiny_mc/outputs/execute_n_20210529_195133/heat_18.txt 
# Photons filepath: /home/cp2021cp202143/tiny_mc/outputs/execute_n_20210529_195133/photons.txt 
# 0.523809 seconds
# 6255.716226 K photons per second
########################################################
########################################################
# Threads: 14
# Heat filepath: /home/cp2021cp202143/tiny_mc/outputs/execute_n_20210529_195133/heat_19.txt 
# Photons filepath: /home/cp2021cp202143/tiny_mc/outputs/execute_n_20210529_195133/photons.txt 
# 0.508762 seconds
# 6440.730785 K photons per second
########################################################
########################################################
# Threads: 14
# Heat filepath: /home/cp2021cp202143/tiny_mc/outputs/execute_n_20210529_195133/heat_20.txt 
# Photons filepath: /home/cp2021cp202143/tiny_mc/outputs/execute_n_20210529_195133/photons.txt 
# 0.510291 seconds
# 6421.440269 K photons per second
########################################################
########################################################
# Threads: 14
# Heat filepath: /home/cp2021cp202143/tiny_mc/outputs/execute_n_20210529_195133/heat_21.txt 
# Photons filepath: /home/cp2021cp202143/tiny_mc/outputs/execute_n_20210529_195133/photons.txt 
# 0.509173 seconds
# 6435.538910 K photons per second
########################################################
########################################################
# Threads: 14
# Heat filepath: /home/cp2021cp202143/tiny_mc/outputs/execute_n_20210529_195133/heat_22.txt 
# Photons filepath: /home/cp2021cp202143/tiny_mc/outputs/execute_n_20210529_195133/photons.txt 
# 0.508372 seconds
# 6445.671238 K photons per second
########################################################
########################################################
# Threads: 14
# Heat filepath: /home/cp2021cp202143/tiny_mc/outputs/execute_n_20210529_195133/heat_23.txt 
# Photons filepath: /home/cp2021cp202143/tiny_mc/outputs/execute_n_20210529_195133/photons.txt 
# 0.506015 seconds
# 6475.691021 K photons per second
########################################################
########################################################
# Threads: 14
# Heat filepath: /home/cp2021cp202143/tiny_mc/outputs/execute_n_20210529_195133/heat_24.txt 
# Photons filepath: /home/cp2021cp202143/tiny_mc/outputs/execute_n_20210529_195133/photons.txt 
# 0.508754 seconds
# 6440.828833 K photons per second
########################################################
Average photons per second (25 iterations)
6392653.8437250005
Saved to /home/cp2021cp202143/tiny_mc/outputs/execute_n_20210529_195133
