rm -f tiny_mc *.o *.profraw
gcc -std=gnu11 -Wall -Wextra -O3 -ffast-math -march=native -ftree-vectorize -fopt-info-vec -fprofile-generate -fopenmp   -c -o tiny_mc.o tiny_mc.c
gcc -std=gnu11 -Wall -Wextra -O3 -ffast-math -march=native -ftree-vectorize -fopt-info-vec -fprofile-generate -fopenmp -o tiny_mc tiny_mc.o -lm 
libgcov profiling error:/home/cp2021cp202143/tiny_mc/tiny_mc.gcda:overwriting an existing profile data with a different timestamp
########################################################
# Threads: 16
# Heat filepath: foo.txt 
# Photons filepath: bar.txt 
# 25.888184 seconds
# 126.575121 K photons per second
########################################################
rm -f tiny_mc *.o *.profraw
gcc -std=gnu11 -Wall -Wextra -O3 -ffast-math -march=native -ftree-vectorize -fopt-info-vec -fprofile-use -fopenmp   -c -o tiny_mc.o tiny_mc.c
tiny_mc.c:105:14: optimized: loop vectorized using 32 byte vectors
tiny_mc.c:173:22: optimized: basic block part vectorized using 32 byte vectors
gcc -std=gnu11 -Wall -Wextra -O3 -ffast-math -march=native -ftree-vectorize -fopt-info-vec -fprofile-use -fopenmp -o tiny_mc tiny_mc.o -lm 
########################################################
# Threads: 16
# Heat filepath: /home/cp2021cp202143/tiny_mc/outputs/execute_n_20210529_195212/heat_0.txt 
# Photons filepath: /home/cp2021cp202143/tiny_mc/outputs/execute_n_20210529_195212/photons.txt 
# 0.468987 seconds
# 6986.980002 K photons per second
########################################################
########################################################
# Threads: 16
# Heat filepath: /home/cp2021cp202143/tiny_mc/outputs/execute_n_20210529_195212/heat_1.txt 
# Photons filepath: /home/cp2021cp202143/tiny_mc/outputs/execute_n_20210529_195212/photons.txt 
# 0.464100 seconds
# 7060.546850 K photons per second
########################################################
########################################################
# Threads: 16
# Heat filepath: /home/cp2021cp202143/tiny_mc/outputs/execute_n_20210529_195212/heat_2.txt 
# Photons filepath: /home/cp2021cp202143/tiny_mc/outputs/execute_n_20210529_195212/photons.txt 
# 0.473523 seconds
# 6920.039583 K photons per second
########################################################
########################################################
# Threads: 16
# Heat filepath: /home/cp2021cp202143/tiny_mc/outputs/execute_n_20210529_195212/heat_3.txt 
# Photons filepath: /home/cp2021cp202143/tiny_mc/outputs/execute_n_20210529_195212/photons.txt 
# 0.450352 seconds
# 7276.087961 K photons per second
########################################################
########################################################
# Threads: 16
# Heat filepath: /home/cp2021cp202143/tiny_mc/outputs/execute_n_20210529_195212/heat_4.txt 
# Photons filepath: /home/cp2021cp202143/tiny_mc/outputs/execute_n_20210529_195212/photons.txt 
# 0.452466 seconds
# 7242.093222 K photons per second
########################################################
########################################################
# Threads: 16
# Heat filepath: /home/cp2021cp202143/tiny_mc/outputs/execute_n_20210529_195212/heat_5.txt 
# Photons filepath: /home/cp2021cp202143/tiny_mc/outputs/execute_n_20210529_195212/photons.txt 
# 0.545309 seconds
# 6009.070367 K photons per second
########################################################
########################################################
# Threads: 16
# Heat filepath: /home/cp2021cp202143/tiny_mc/outputs/execute_n_20210529_195212/heat_6.txt 
# Photons filepath: /home/cp2021cp202143/tiny_mc/outputs/execute_n_20210529_195212/photons.txt 
# 0.441602 seconds
# 7420.254214 K photons per second
########################################################
########################################################
# Threads: 16
# Heat filepath: /home/cp2021cp202143/tiny_mc/outputs/execute_n_20210529_195212/heat_7.txt 
# Photons filepath: /home/cp2021cp202143/tiny_mc/outputs/execute_n_20210529_195212/photons.txt 
# 0.442763 seconds
# 7400.795979 K photons per second
########################################################
########################################################
# Threads: 16
# Heat filepath: /home/cp2021cp202143/tiny_mc/outputs/execute_n_20210529_195212/heat_8.txt 
# Photons filepath: /home/cp2021cp202143/tiny_mc/outputs/execute_n_20210529_195212/photons.txt 
# 0.482575 seconds
# 6790.233316 K photons per second
########################################################
########################################################
# Threads: 16
# Heat filepath: /home/cp2021cp202143/tiny_mc/outputs/execute_n_20210529_195212/heat_9.txt 
# Photons filepath: /home/cp2021cp202143/tiny_mc/outputs/execute_n_20210529_195212/photons.txt 
# 0.446988 seconds
# 7330.853107 K photons per second
########################################################
########################################################
# Threads: 16
# Heat filepath: /home/cp2021cp202143/tiny_mc/outputs/execute_n_20210529_195212/heat_10.txt 
# Photons filepath: /home/cp2021cp202143/tiny_mc/outputs/execute_n_20210529_195212/photons.txt 
# 0.480081 seconds
# 6825.509983 K photons per second
########################################################
########################################################
# Threads: 16
# Heat filepath: /home/cp2021cp202143/tiny_mc/outputs/execute_n_20210529_195212/heat_11.txt 
# Photons filepath: /home/cp2021cp202143/tiny_mc/outputs/execute_n_20210529_195212/photons.txt 
# 0.447597 seconds
# 7320.878926 K photons per second
########################################################
########################################################
# Threads: 16
# Heat filepath: /home/cp2021cp202143/tiny_mc/outputs/execute_n_20210529_195212/heat_12.txt 
# Photons filepath: /home/cp2021cp202143/tiny_mc/outputs/execute_n_20210529_195212/photons.txt 
# 0.482347 seconds
# 6793.444106 K photons per second
########################################################
########################################################
# Threads: 16
# Heat filepath: /home/cp2021cp202143/tiny_mc/outputs/execute_n_20210529_195212/heat_13.txt 
# Photons filepath: /home/cp2021cp202143/tiny_mc/outputs/execute_n_20210529_195212/photons.txt 
# 0.447205 seconds
# 7327.281855 K photons per second
########################################################
########################################################
# Threads: 16
# Heat filepath: /home/cp2021cp202143/tiny_mc/outputs/execute_n_20210529_195212/heat_14.txt 
# Photons filepath: /home/cp2021cp202143/tiny_mc/outputs/execute_n_20210529_195212/photons.txt 
# 0.483153 seconds
# 6782.111755 K photons per second
########################################################
########################################################
# Threads: 16
# Heat filepath: /home/cp2021cp202143/tiny_mc/outputs/execute_n_20210529_195212/heat_15.txt 
# Photons filepath: /home/cp2021cp202143/tiny_mc/outputs/execute_n_20210529_195212/photons.txt 
# 0.441799 seconds
# 7416.941743 K photons per second
########################################################
########################################################
# Threads: 16
# Heat filepath: /home/cp2021cp202143/tiny_mc/outputs/execute_n_20210529_195212/heat_16.txt 
# Photons filepath: /home/cp2021cp202143/tiny_mc/outputs/execute_n_20210529_195212/photons.txt 
# 0.461260 seconds
# 7104.025890 K photons per second
########################################################
########################################################
# Threads: 16
# Heat filepath: /home/cp2021cp202143/tiny_mc/outputs/execute_n_20210529_195212/heat_17.txt 
# Photons filepath: /home/cp2021cp202143/tiny_mc/outputs/execute_n_20210529_195212/photons.txt 
# 0.472474 seconds
# 6935.411005 K photons per second
########################################################
########################################################
# Threads: 16
# Heat filepath: /home/cp2021cp202143/tiny_mc/outputs/execute_n_20210529_195212/heat_18.txt 
# Photons filepath: /home/cp2021cp202143/tiny_mc/outputs/execute_n_20210529_195212/photons.txt 
# 0.445302 seconds
# 7358.600004 K photons per second
########################################################
########################################################
# Threads: 16
# Heat filepath: /home/cp2021cp202143/tiny_mc/outputs/execute_n_20210529_195212/heat_19.txt 
# Photons filepath: /home/cp2021cp202143/tiny_mc/outputs/execute_n_20210529_195212/photons.txt 
# 0.466001 seconds
# 7031.738155 K photons per second
########################################################
########################################################
# Threads: 16
# Heat filepath: /home/cp2021cp202143/tiny_mc/outputs/execute_n_20210529_195212/heat_20.txt 
# Photons filepath: /home/cp2021cp202143/tiny_mc/outputs/execute_n_20210529_195212/photons.txt 
# 0.467826 seconds
# 7004.309046 K photons per second
########################################################
########################################################
# Threads: 16
# Heat filepath: /home/cp2021cp202143/tiny_mc/outputs/execute_n_20210529_195212/heat_21.txt 
# Photons filepath: /home/cp2021cp202143/tiny_mc/outputs/execute_n_20210529_195212/photons.txt 
# 0.462089 seconds
# 7091.274649 K photons per second
########################################################
########################################################
# Threads: 16
# Heat filepath: /home/cp2021cp202143/tiny_mc/outputs/execute_n_20210529_195212/heat_22.txt 
# Photons filepath: /home/cp2021cp202143/tiny_mc/outputs/execute_n_20210529_195212/photons.txt 
# 0.472291 seconds
# 6938.092616 K photons per second
########################################################
########################################################
# Threads: 16
# Heat filepath: /home/cp2021cp202143/tiny_mc/outputs/execute_n_20210529_195212/heat_23.txt 
# Photons filepath: /home/cp2021cp202143/tiny_mc/outputs/execute_n_20210529_195212/photons.txt 
# 0.446928 seconds
# 7331.834562 K photons per second
########################################################
########################################################
# Threads: 16
# Heat filepath: /home/cp2021cp202143/tiny_mc/outputs/execute_n_20210529_195212/heat_24.txt 
# Photons filepath: /home/cp2021cp202143/tiny_mc/outputs/execute_n_20210529_195212/photons.txt 
# 0.463762 seconds
# 7065.695446 K photons per second
########################################################
Average photons per second (25 iterations)
7070564.173737041
Saved to /home/cp2021cp202143/tiny_mc/outputs/execute_n_20210529_195212
