rm -f tiny_mc *.o *.profraw
icc -std=gnu11 -Wall -g -Wextra -O3 -fp-model fast=2 -march=native -vec -qopt-report=1 -qopt-report-phase=vec -prof-gen -qopenmp   -c -o tiny_mc.o tiny_mc.c
icc: remark #10397: optimization reports are generated in *.optrpt files in the output location
icc: warning #10193: -vec is default; use -x and -ax to configure vectorization
remark #11074: Inlining inhibited by limit max-size 
remark #11076: To get full report use -qopt-report=4 -qopt-report-phase ipo
icc -std=gnu11 -Wall -g -Wextra -O3 -fp-model fast=2 -march=native -vec -qopt-report=1 -qopt-report-phase=vec -prof-gen -qopenmp -o tiny_mc tiny_mc.o -lm 
icc: remark #10397: optimization reports are generated in *.optrpt files in the output location
icc: warning #10193: -vec is default; use -x and -ax to configure vectorization
########################################################
# Threads: 16
# Heat filepath: foo.txt 
# Photons filepath: bar.txt 
# 18.503148 seconds
# 17.709419 K photons per second
########################################################
rm -f tiny_mc *.o *.profraw
icc -std=gnu11 -Wall -g -Wextra -O3 -fp-model fast=2 -march=native -vec -qopt-report=1 -qopt-report-phase=vec -prof-use -qopenmp   -c -o tiny_mc.o tiny_mc.c
icc: remark #10397: optimization reports are generated in *.optrpt files in the output location
icc: warning #10193: -vec is default; use -x and -ax to configure vectorization
remark #30052: looking at dynamic file:	./60b3b48b_2527654.dyn
remark #11074: Inlining inhibited by limit max-size 
remark #11076: To get full report use -qopt-report=4 -qopt-report-phase ipo
icc -std=gnu11 -Wall -g -Wextra -O3 -fp-model fast=2 -march=native -vec -qopt-report=1 -qopt-report-phase=vec -prof-use -qopenmp -o tiny_mc tiny_mc.o -lm 
icc: remark #10397: optimization reports are generated in *.optrpt files in the output location
icc: warning #10193: -vec is default; use -x and -ax to configure vectorization
########################################################
# Threads: 16
# Heat filepath: /home/cp2021cp202143/tiny_mc/outputs/execute_n_20210530_125120/heat_0.txt 
# Photons filepath: /home/cp2021cp202143/tiny_mc/outputs/execute_n_20210530_125120/photons.txt 
# 0.040315 seconds
# 8127.894545 K photons per second
########################################################
########################################################
# Threads: 16
# Heat filepath: /home/cp2021cp202143/tiny_mc/outputs/execute_n_20210530_125120/heat_1.txt 
# Photons filepath: /home/cp2021cp202143/tiny_mc/outputs/execute_n_20210530_125120/photons.txt 
# 0.047090 seconds
# 6958.570047 K photons per second
########################################################
########################################################
# Threads: 16
# Heat filepath: /home/cp2021cp202143/tiny_mc/outputs/execute_n_20210530_125120/heat_2.txt 
# Photons filepath: /home/cp2021cp202143/tiny_mc/outputs/execute_n_20210530_125120/photons.txt 
# 0.029186 seconds
# 11227.426109 K photons per second
########################################################
########################################################
# Threads: 16
# Heat filepath: /home/cp2021cp202143/tiny_mc/outputs/execute_n_20210530_125120/heat_3.txt 
# Photons filepath: /home/cp2021cp202143/tiny_mc/outputs/execute_n_20210530_125120/photons.txt 
# 0.026171 seconds
# 12520.867746 K photons per second
########################################################
########################################################
# Threads: 16
# Heat filepath: /home/cp2021cp202143/tiny_mc/outputs/execute_n_20210530_125120/heat_4.txt 
# Photons filepath: /home/cp2021cp202143/tiny_mc/outputs/execute_n_20210530_125120/photons.txt 
# 0.026775 seconds
# 12238.258285 K photons per second
########################################################
########################################################
# Threads: 16
# Heat filepath: /home/cp2021cp202143/tiny_mc/outputs/execute_n_20210530_125120/heat_5.txt 
# Photons filepath: /home/cp2021cp202143/tiny_mc/outputs/execute_n_20210530_125120/photons.txt 
# 0.033517 seconds
# 9776.633651 K photons per second
########################################################
########################################################
# Threads: 16
# Heat filepath: /home/cp2021cp202143/tiny_mc/outputs/execute_n_20210530_125120/heat_6.txt 
# Photons filepath: /home/cp2021cp202143/tiny_mc/outputs/execute_n_20210530_125120/photons.txt 
# 0.034399 seconds
# 9525.725492 K photons per second
########################################################
########################################################
# Threads: 16
# Heat filepath: /home/cp2021cp202143/tiny_mc/outputs/execute_n_20210530_125120/heat_7.txt 
# Photons filepath: /home/cp2021cp202143/tiny_mc/outputs/execute_n_20210530_125120/photons.txt 
# 0.034249 seconds
# 9567.531195 K photons per second
########################################################
########################################################
# Threads: 16
# Heat filepath: /home/cp2021cp202143/tiny_mc/outputs/execute_n_20210530_125120/heat_8.txt 
# Photons filepath: /home/cp2021cp202143/tiny_mc/outputs/execute_n_20210530_125120/photons.txt 
# 0.032410 seconds
# 10110.570868 K photons per second
########################################################
########################################################
# Threads: 16
# Heat filepath: /home/cp2021cp202143/tiny_mc/outputs/execute_n_20210530_125120/heat_9.txt 
# Photons filepath: /home/cp2021cp202143/tiny_mc/outputs/execute_n_20210530_125120/photons.txt 
# 0.036174 seconds
# 9058.339655 K photons per second
########################################################
########################################################
# Threads: 16
# Heat filepath: /home/cp2021cp202143/tiny_mc/outputs/execute_n_20210530_125120/heat_10.txt 
# Photons filepath: /home/cp2021cp202143/tiny_mc/outputs/execute_n_20210530_125120/photons.txt 
# 0.036473 seconds
# 8984.185480 K photons per second
########################################################
########################################################
# Threads: 16
# Heat filepath: /home/cp2021cp202143/tiny_mc/outputs/execute_n_20210530_125120/heat_11.txt 
# Photons filepath: /home/cp2021cp202143/tiny_mc/outputs/execute_n_20210530_125120/photons.txt 
# 0.039782 seconds
# 8236.987327 K photons per second
########################################################
########################################################
# Threads: 16
# Heat filepath: /home/cp2021cp202143/tiny_mc/outputs/execute_n_20210530_125120/heat_12.txt 
# Photons filepath: /home/cp2021cp202143/tiny_mc/outputs/execute_n_20210530_125120/photons.txt 
# 0.039674 seconds
# 8259.344256 K photons per second
########################################################
########################################################
# Threads: 16
# Heat filepath: /home/cp2021cp202143/tiny_mc/outputs/execute_n_20210530_125120/heat_13.txt 
# Photons filepath: /home/cp2021cp202143/tiny_mc/outputs/execute_n_20210530_125120/photons.txt 
# 0.040922 seconds
# 8007.354583 K photons per second
########################################################
########################################################
# Threads: 16
# Heat filepath: /home/cp2021cp202143/tiny_mc/outputs/execute_n_20210530_125120/heat_14.txt 
# Photons filepath: /home/cp2021cp202143/tiny_mc/outputs/execute_n_20210530_125120/photons.txt 
# 0.041272 seconds
# 7939.464321 K photons per second
########################################################
########################################################
# Threads: 16
# Heat filepath: /home/cp2021cp202143/tiny_mc/outputs/execute_n_20210530_125120/heat_15.txt 
# Photons filepath: /home/cp2021cp202143/tiny_mc/outputs/execute_n_20210530_125120/photons.txt 
# 0.044016 seconds
# 7444.626592 K photons per second
########################################################
########################################################
# Threads: 16
# Heat filepath: /home/cp2021cp202143/tiny_mc/outputs/execute_n_20210530_125120/heat_16.txt 
# Photons filepath: /home/cp2021cp202143/tiny_mc/outputs/execute_n_20210530_125120/photons.txt 
# 0.030551 seconds
# 10725.610184 K photons per second
########################################################
########################################################
# Threads: 16
# Heat filepath: /home/cp2021cp202143/tiny_mc/outputs/execute_n_20210530_125120/heat_17.txt 
# Photons filepath: /home/cp2021cp202143/tiny_mc/outputs/execute_n_20210530_125120/photons.txt 
# 0.027308 seconds
# 11999.386562 K photons per second
########################################################
########################################################
# Threads: 16
# Heat filepath: /home/cp2021cp202143/tiny_mc/outputs/execute_n_20210530_125120/heat_18.txt 
# Photons filepath: /home/cp2021cp202143/tiny_mc/outputs/execute_n_20210530_125120/photons.txt 
# 0.032411 seconds
# 10110.288184 K photons per second
########################################################
########################################################
# Threads: 16
# Heat filepath: /home/cp2021cp202143/tiny_mc/outputs/execute_n_20210530_125120/heat_19.txt 
# Photons filepath: /home/cp2021cp202143/tiny_mc/outputs/execute_n_20210530_125120/photons.txt 
# 0.030526 seconds
# 10734.405413 K photons per second
########################################################
########################################################
# Threads: 16
# Heat filepath: /home/cp2021cp202143/tiny_mc/outputs/execute_n_20210530_125120/heat_20.txt 
# Photons filepath: /home/cp2021cp202143/tiny_mc/outputs/execute_n_20210530_125120/photons.txt 
# 0.042176 seconds
# 7769.362623 K photons per second
########################################################
########################################################
# Threads: 16
# Heat filepath: /home/cp2021cp202143/tiny_mc/outputs/execute_n_20210530_125120/heat_21.txt 
# Photons filepath: /home/cp2021cp202143/tiny_mc/outputs/execute_n_20210530_125120/photons.txt 
# 0.027966 seconds
# 11717.275785 K photons per second
########################################################
########################################################
# Threads: 16
# Heat filepath: /home/cp2021cp202143/tiny_mc/outputs/execute_n_20210530_125120/heat_22.txt 
# Photons filepath: /home/cp2021cp202143/tiny_mc/outputs/execute_n_20210530_125120/photons.txt 
# 0.033727 seconds
# 9715.629505 K photons per second
########################################################
########################################################
# Threads: 16
# Heat filepath: /home/cp2021cp202143/tiny_mc/outputs/execute_n_20210530_125120/heat_23.txt 
# Photons filepath: /home/cp2021cp202143/tiny_mc/outputs/execute_n_20210530_125120/photons.txt 
# 0.033131 seconds
# 9890.396120 K photons per second
########################################################
########################################################
# Threads: 16
# Heat filepath: /home/cp2021cp202143/tiny_mc/outputs/execute_n_20210530_125120/heat_24.txt 
# Photons filepath: /home/cp2021cp202143/tiny_mc/outputs/execute_n_20210530_125120/photons.txt 
# 0.039475 seconds
# 8301.010974 K photons per second
########################################################
Average photons per second (25 iterations)
9557885.8199868
Saved to /home/cp2021cp202143/tiny_mc/outputs/execute_n_20210530_125120
