rm -f tiny_mc *.o *.profraw
icc -std=gnu11 -Wall -Wextra -O3 -fp-model fast=2 -march=native -vec -qopt-report=1 -qopt-report-phase=vec -prof-gen -qopenmp   -c -o tiny_mc.o tiny_mc.c
icc: remark #10397: optimization reports are generated in *.optrpt files in the output location
icc: warning #10193: -vec is default; use -x and -ax to configure vectorization
remark #11074: Inlining inhibited by limit max-size 
remark #11076: To get full report use -qopt-report=4 -qopt-report-phase ipo
icc -std=gnu11 -Wall -Wextra -O3 -fp-model fast=2 -march=native -vec -qopt-report=1 -qopt-report-phase=vec -prof-gen -qopenmp -o tiny_mc tiny_mc.o -lm 
icc: remark #10397: optimization reports are generated in *.optrpt files in the output location
icc: warning #10193: -vec is default; use -x and -ax to configure vectorization
########################################################
# Threads: 26
# Heat filepath: foo.txt 
# Photons filepath: bar.txt 
# 14.839156 seconds
# 22.082118 K photons per second
########################################################
rm -f tiny_mc *.o *.profraw
icc -std=gnu11 -Wall -Wextra -O3 -fp-model fast=2 -march=native -vec -qopt-report=1 -qopt-report-phase=vec -prof-use -qopenmp   -c -o tiny_mc.o tiny_mc.c
icc: remark #10397: optimization reports are generated in *.optrpt files in the output location
icc: warning #10193: -vec is default; use -x and -ax to configure vectorization
remark #30052: looking at dynamic file:	./60b2b6a3_940307.dyn
remark #11074: Inlining inhibited by limit max-size 
remark #11076: To get full report use -qopt-report=4 -qopt-report-phase ipo
icc -std=gnu11 -Wall -Wextra -O3 -fp-model fast=2 -march=native -vec -qopt-report=1 -qopt-report-phase=vec -prof-use -qopenmp -o tiny_mc tiny_mc.o -lm 
icc: remark #10397: optimization reports are generated in *.optrpt files in the output location
icc: warning #10193: -vec is default; use -x and -ax to configure vectorization
########################################################
# Threads: 26
# Heat filepath: /home/cp2021cp202143/tiny_mc/outputs/execute_n_20210529_184804/heat_0.txt 
# Photons filepath: /home/cp2021cp202143/tiny_mc/outputs/execute_n_20210529_184804/photons.txt 
# 0.037023 seconds
# 8850.824975 K photons per second
########################################################
########################################################
# Threads: 26
# Heat filepath: /home/cp2021cp202143/tiny_mc/outputs/execute_n_20210529_184804/heat_1.txt 
# Photons filepath: /home/cp2021cp202143/tiny_mc/outputs/execute_n_20210529_184804/photons.txt 
# 0.034289 seconds
# 9556.518066 K photons per second
########################################################
########################################################
# Threads: 26
# Heat filepath: /home/cp2021cp202143/tiny_mc/outputs/execute_n_20210529_184804/heat_2.txt 
# Photons filepath: /home/cp2021cp202143/tiny_mc/outputs/execute_n_20210529_184804/photons.txt 
# 0.041595 seconds
# 7877.846330 K photons per second
########################################################
########################################################
# Threads: 26
# Heat filepath: /home/cp2021cp202143/tiny_mc/outputs/execute_n_20210529_184804/heat_3.txt 
# Photons filepath: /home/cp2021cp202143/tiny_mc/outputs/execute_n_20210529_184804/photons.txt 
# 0.047082 seconds
# 6959.821951 K photons per second
########################################################
########################################################
# Threads: 26
# Heat filepath: /home/cp2021cp202143/tiny_mc/outputs/execute_n_20210529_184804/heat_4.txt 
# Photons filepath: /home/cp2021cp202143/tiny_mc/outputs/execute_n_20210529_184804/photons.txt 
# 0.034608 seconds
# 9468.389892 K photons per second
########################################################
########################################################
# Threads: 26
# Heat filepath: /home/cp2021cp202143/tiny_mc/outputs/execute_n_20210529_184804/heat_5.txt 
# Photons filepath: /home/cp2021cp202143/tiny_mc/outputs/execute_n_20210529_184804/photons.txt 
# 0.035408 seconds
# 9254.447044 K photons per second
########################################################
########################################################
# Threads: 26
# Heat filepath: /home/cp2021cp202143/tiny_mc/outputs/execute_n_20210529_184804/heat_6.txt 
# Photons filepath: /home/cp2021cp202143/tiny_mc/outputs/execute_n_20210529_184804/photons.txt 
# 0.038932 seconds
# 8416.796808 K photons per second
########################################################
########################################################
# Threads: 26
# Heat filepath: /home/cp2021cp202143/tiny_mc/outputs/execute_n_20210529_184804/heat_7.txt 
# Photons filepath: /home/cp2021cp202143/tiny_mc/outputs/execute_n_20210529_184804/photons.txt 
# 0.034169 seconds
# 9590.065319 K photons per second
########################################################
########################################################
# Threads: 26
# Heat filepath: /home/cp2021cp202143/tiny_mc/outputs/execute_n_20210529_184804/heat_8.txt 
# Photons filepath: /home/cp2021cp202143/tiny_mc/outputs/execute_n_20210529_184804/photons.txt 
# 0.034922 seconds
# 9383.276659 K photons per second
########################################################
########################################################
# Threads: 26
# Heat filepath: /home/cp2021cp202143/tiny_mc/outputs/execute_n_20210529_184804/heat_9.txt 
# Photons filepath: /home/cp2021cp202143/tiny_mc/outputs/execute_n_20210529_184804/photons.txt 
# 0.032452 seconds
# 10097.325806 K photons per second
########################################################
########################################################
# Threads: 26
# Heat filepath: /home/cp2021cp202143/tiny_mc/outputs/execute_n_20210529_184804/heat_10.txt 
# Photons filepath: /home/cp2021cp202143/tiny_mc/outputs/execute_n_20210529_184804/photons.txt 
# 0.042641 seconds
# 7684.693630 K photons per second
########################################################
########################################################
# Threads: 26
# Heat filepath: /home/cp2021cp202143/tiny_mc/outputs/execute_n_20210529_184804/heat_11.txt 
# Photons filepath: /home/cp2021cp202143/tiny_mc/outputs/execute_n_20210529_184804/photons.txt 
# 0.040872 seconds
# 8017.318558 K photons per second
########################################################
########################################################
# Threads: 26
# Heat filepath: /home/cp2021cp202143/tiny_mc/outputs/execute_n_20210529_184804/heat_12.txt 
# Photons filepath: /home/cp2021cp202143/tiny_mc/outputs/execute_n_20210529_184804/photons.txt 
# 0.044382 seconds
# 7383.102654 K photons per second
########################################################
########################################################
# Threads: 26
# Heat filepath: /home/cp2021cp202143/tiny_mc/outputs/execute_n_20210529_184804/heat_13.txt 
# Photons filepath: /home/cp2021cp202143/tiny_mc/outputs/execute_n_20210529_184804/photons.txt 
# 0.044912 seconds
# 7296.109720 K photons per second
########################################################
########################################################
# Threads: 26
# Heat filepath: /home/cp2021cp202143/tiny_mc/outputs/execute_n_20210529_184804/heat_14.txt 
# Photons filepath: /home/cp2021cp202143/tiny_mc/outputs/execute_n_20210529_184804/photons.txt 
# 0.044061 seconds
# 7436.989196 K photons per second
########################################################
########################################################
# Threads: 26
# Heat filepath: /home/cp2021cp202143/tiny_mc/outputs/execute_n_20210529_184804/heat_15.txt 
# Photons filepath: /home/cp2021cp202143/tiny_mc/outputs/execute_n_20210529_184804/photons.txt 
# 0.041920 seconds
# 7816.774662 K photons per second
########################################################
########################################################
# Threads: 26
# Heat filepath: /home/cp2021cp202143/tiny_mc/outputs/execute_n_20210529_184804/heat_16.txt 
# Photons filepath: /home/cp2021cp202143/tiny_mc/outputs/execute_n_20210529_184804/photons.txt 
# 0.036630 seconds
# 8945.669537 K photons per second
########################################################
########################################################
# Threads: 26
# Heat filepath: /home/cp2021cp202143/tiny_mc/outputs/execute_n_20210529_184804/heat_17.txt 
# Photons filepath: /home/cp2021cp202143/tiny_mc/outputs/execute_n_20210529_184804/photons.txt 
# 0.032608 seconds
# 10049.046014 K photons per second
########################################################
########################################################
# Threads: 26
# Heat filepath: /home/cp2021cp202143/tiny_mc/outputs/execute_n_20210529_184804/heat_18.txt 
# Photons filepath: /home/cp2021cp202143/tiny_mc/outputs/execute_n_20210529_184804/photons.txt 
# 0.044474 seconds
# 7367.838458 K photons per second
########################################################
########################################################
# Threads: 26
# Heat filepath: /home/cp2021cp202143/tiny_mc/outputs/execute_n_20210529_184804/heat_19.txt 
# Photons filepath: /home/cp2021cp202143/tiny_mc/outputs/execute_n_20210529_184804/photons.txt 
# 0.035188 seconds
# 9312.233333 K photons per second
########################################################
########################################################
# Threads: 26
# Heat filepath: /home/cp2021cp202143/tiny_mc/outputs/execute_n_20210529_184804/heat_20.txt 
# Photons filepath: /home/cp2021cp202143/tiny_mc/outputs/execute_n_20210529_184804/photons.txt 
# 0.035529 seconds
# 9222.840057 K photons per second
########################################################
########################################################
# Threads: 26
# Heat filepath: /home/cp2021cp202143/tiny_mc/outputs/execute_n_20210529_184804/heat_21.txt 
# Photons filepath: /home/cp2021cp202143/tiny_mc/outputs/execute_n_20210529_184804/photons.txt 
# 0.043465 seconds
# 7538.901315 K photons per second
########################################################
########################################################
# Threads: 26
# Heat filepath: /home/cp2021cp202143/tiny_mc/outputs/execute_n_20210529_184804/heat_22.txt 
# Photons filepath: /home/cp2021cp202143/tiny_mc/outputs/execute_n_20210529_184804/photons.txt 
# 0.033219 seconds
# 9864.203807 K photons per second
########################################################
########################################################
# Threads: 26
# Heat filepath: /home/cp2021cp202143/tiny_mc/outputs/execute_n_20210529_184804/heat_23.txt 
# Photons filepath: /home/cp2021cp202143/tiny_mc/outputs/execute_n_20210529_184804/photons.txt 
# 0.044840 seconds
# 7307.772977 K photons per second
########################################################
########################################################
# Threads: 26
# Heat filepath: /home/cp2021cp202143/tiny_mc/outputs/execute_n_20210529_184804/heat_24.txt 
# Photons filepath: /home/cp2021cp202143/tiny_mc/outputs/execute_n_20210529_184804/photons.txt 
# 0.043675 seconds
# 7502.718190 K photons per second
########################################################
Average photons per second (25 iterations)
8488060.99833744
Saved to /home/cp2021cp202143/tiny_mc/outputs/execute_n_20210529_184804
