rm -f tiny_mc *.o *.profraw
icc -std=gnu11 -Wall -Wextra -O3 -fp-model fast=2 -march=native -vec -qopt-report=1 -qopt-report-phase=vec -prof-gen   -c -o tiny_mc.o tiny_mc.c
icc: remark #10397: optimization reports are generated in *.optrpt files in the output location
icc: warning #10193: -vec is default; use -x and -ax to configure vectorization
tiny_mc.c(212): warning #3180: unrecognized OpenMP #pragma
  #pragma omp parallel
  ^

tiny_mc.c(237): warning #3180: unrecognized OpenMP #pragma
          #pragma omp single
          ^

tiny_mc.c(243): warning #3180: unrecognized OpenMP #pragma
              #pragma omp atomic
              ^

tiny_mc.c(245): warning #3180: unrecognized OpenMP #pragma
              #pragma omp atomic
              ^

icc -std=gnu11 -Wall -Wextra -O3 -fp-model fast=2 -march=native -vec -qopt-report=1 -qopt-report-phase=vec -prof-gen -o tiny_mc tiny_mc.o -lm 
icc: remark #10397: optimization reports are generated in *.optrpt files in the output location
icc: warning #10193: -vec is default; use -x and -ax to configure vectorization
########################################################
# Threads: 1
# Heat filepath: foo.txt 
# Photons filepath: bar.txt 
# 0.922364 seconds
# 355.261127 K photons per second
########################################################
rm -f tiny_mc *.o *.profraw
icc -std=gnu11 -Wall -Wextra -O3 -fp-model fast=2 -march=native -vec -qopt-report=1 -qopt-report-phase=vec -prof-use   -c -o tiny_mc.o tiny_mc.c
icc: remark #10397: optimization reports are generated in *.optrpt files in the output location
icc: warning #10193: -vec is default; use -x and -ax to configure vectorization
remark #30052: looking at dynamic file:	./60b2b5c0_930156.dyn
tiny_mc.c(212): warning #3180: unrecognized OpenMP #pragma
  #pragma omp parallel
  ^

tiny_mc.c(237): warning #3180: unrecognized OpenMP #pragma
          #pragma omp single
          ^

tiny_mc.c(243): warning #3180: unrecognized OpenMP #pragma
              #pragma omp atomic
              ^

tiny_mc.c(245): warning #3180: unrecognized OpenMP #pragma
              #pragma omp atomic
              ^

remark #11074: Inlining inhibited by limit max-size 
remark #11076: To get full report use -qopt-report=4 -qopt-report-phase ipo
icc -std=gnu11 -Wall -Wextra -O3 -fp-model fast=2 -march=native -vec -qopt-report=1 -qopt-report-phase=vec -prof-use -o tiny_mc tiny_mc.o -lm 
icc: remark #10397: optimization reports are generated in *.optrpt files in the output location
icc: warning #10193: -vec is default; use -x and -ax to configure vectorization
########################################################
# Threads: 1
# Heat filepath: /home/cp2021cp202143/tiny_mc/outputs/execute_n_20210529_184431/heat_0.txt 
# Photons filepath: /home/cp2021cp202143/tiny_mc/outputs/execute_n_20210529_184431/photons.txt 
# 0.287721 seconds
# 1138.882161 K photons per second
########################################################
########################################################
# Threads: 1
# Heat filepath: /home/cp2021cp202143/tiny_mc/outputs/execute_n_20210529_184431/heat_1.txt 
# Photons filepath: /home/cp2021cp202143/tiny_mc/outputs/execute_n_20210529_184431/photons.txt 
# 0.310243 seconds
# 1056.205940 K photons per second
########################################################
########################################################
# Threads: 1
# Heat filepath: /home/cp2021cp202143/tiny_mc/outputs/execute_n_20210529_184431/heat_2.txt 
# Photons filepath: /home/cp2021cp202143/tiny_mc/outputs/execute_n_20210529_184431/photons.txt 
# 0.288221 seconds
# 1136.904396 K photons per second
########################################################
########################################################
# Threads: 1
# Heat filepath: /home/cp2021cp202143/tiny_mc/outputs/execute_n_20210529_184431/heat_3.txt 
# Photons filepath: /home/cp2021cp202143/tiny_mc/outputs/execute_n_20210529_184431/photons.txt 
# 0.286328 seconds
# 1144.423483 K photons per second
########################################################
########################################################
# Threads: 1
# Heat filepath: /home/cp2021cp202143/tiny_mc/outputs/execute_n_20210529_184431/heat_4.txt 
# Photons filepath: /home/cp2021cp202143/tiny_mc/outputs/execute_n_20210529_184431/photons.txt 
# 0.287984 seconds
# 1137.842347 K photons per second
########################################################
########################################################
# Threads: 1
# Heat filepath: /home/cp2021cp202143/tiny_mc/outputs/execute_n_20210529_184431/heat_5.txt 
# Photons filepath: /home/cp2021cp202143/tiny_mc/outputs/execute_n_20210529_184431/photons.txt 
# 0.309288 seconds
# 1059.466340 K photons per second
########################################################
########################################################
# Threads: 1
# Heat filepath: /home/cp2021cp202143/tiny_mc/outputs/execute_n_20210529_184431/heat_6.txt 
# Photons filepath: /home/cp2021cp202143/tiny_mc/outputs/execute_n_20210529_184431/photons.txt 
# 0.287550 seconds
# 1139.558941 K photons per second
########################################################
########################################################
# Threads: 1
# Heat filepath: /home/cp2021cp202143/tiny_mc/outputs/execute_n_20210529_184431/heat_7.txt 
# Photons filepath: /home/cp2021cp202143/tiny_mc/outputs/execute_n_20210529_184431/photons.txt 
# 0.291356 seconds
# 1124.671744 K photons per second
########################################################
########################################################
# Threads: 1
# Heat filepath: /home/cp2021cp202143/tiny_mc/outputs/execute_n_20210529_184431/heat_8.txt 
# Photons filepath: /home/cp2021cp202143/tiny_mc/outputs/execute_n_20210529_184431/photons.txt 
# 0.289423 seconds
# 1132.184003 K photons per second
########################################################
########################################################
# Threads: 1
# Heat filepath: /home/cp2021cp202143/tiny_mc/outputs/execute_n_20210529_184431/heat_9.txt 
# Photons filepath: /home/cp2021cp202143/tiny_mc/outputs/execute_n_20210529_184431/photons.txt 
# 0.289283 seconds
# 1132.731838 K photons per second
########################################################
########################################################
# Threads: 1
# Heat filepath: /home/cp2021cp202143/tiny_mc/outputs/execute_n_20210529_184431/heat_10.txt 
# Photons filepath: /home/cp2021cp202143/tiny_mc/outputs/execute_n_20210529_184431/photons.txt 
# 0.288017 seconds
# 1137.711548 K photons per second
########################################################
########################################################
# Threads: 1
# Heat filepath: /home/cp2021cp202143/tiny_mc/outputs/execute_n_20210529_184431/heat_11.txt 
# Photons filepath: /home/cp2021cp202143/tiny_mc/outputs/execute_n_20210529_184431/photons.txt 
# 0.287934 seconds
# 1138.037615 K photons per second
########################################################
########################################################
# Threads: 1
# Heat filepath: /home/cp2021cp202143/tiny_mc/outputs/execute_n_20210529_184431/heat_12.txt 
# Photons filepath: /home/cp2021cp202143/tiny_mc/outputs/execute_n_20210529_184431/photons.txt 
# 0.315794 seconds
# 1037.639438 K photons per second
########################################################
########################################################
# Threads: 1
# Heat filepath: /home/cp2021cp202143/tiny_mc/outputs/execute_n_20210529_184431/heat_13.txt 
# Photons filepath: /home/cp2021cp202143/tiny_mc/outputs/execute_n_20210529_184431/photons.txt 
# 0.288553 seconds
# 1135.595589 K photons per second
########################################################
########################################################
# Threads: 1
# Heat filepath: /home/cp2021cp202143/tiny_mc/outputs/execute_n_20210529_184431/heat_14.txt 
# Photons filepath: /home/cp2021cp202143/tiny_mc/outputs/execute_n_20210529_184431/photons.txt 
# 0.287643 seconds
# 1139.189000 K photons per second
########################################################
########################################################
# Threads: 1
# Heat filepath: /home/cp2021cp202143/tiny_mc/outputs/execute_n_20210529_184431/heat_15.txt 
# Photons filepath: /home/cp2021cp202143/tiny_mc/outputs/execute_n_20210529_184431/photons.txt 
# 0.287630 seconds
# 1139.242976 K photons per second
########################################################
########################################################
# Threads: 1
# Heat filepath: /home/cp2021cp202143/tiny_mc/outputs/execute_n_20210529_184431/heat_16.txt 
# Photons filepath: /home/cp2021cp202143/tiny_mc/outputs/execute_n_20210529_184431/photons.txt 
# 0.287262 seconds
# 1140.699891 K photons per second
########################################################
########################################################
# Threads: 1
# Heat filepath: /home/cp2021cp202143/tiny_mc/outputs/execute_n_20210529_184431/heat_17.txt 
# Photons filepath: /home/cp2021cp202143/tiny_mc/outputs/execute_n_20210529_184431/photons.txt 
# 0.287946 seconds
# 1137.989319 K photons per second
########################################################
########################################################
# Threads: 1
# Heat filepath: /home/cp2021cp202143/tiny_mc/outputs/execute_n_20210529_184431/heat_18.txt 
# Photons filepath: /home/cp2021cp202143/tiny_mc/outputs/execute_n_20210529_184431/photons.txt 
# 0.286743 seconds
# 1142.767079 K photons per second
########################################################
########################################################
# Threads: 1
# Heat filepath: /home/cp2021cp202143/tiny_mc/outputs/execute_n_20210529_184431/heat_19.txt 
# Photons filepath: /home/cp2021cp202143/tiny_mc/outputs/execute_n_20210529_184431/photons.txt 
# 0.288084 seconds
# 1137.445962 K photons per second
########################################################
########################################################
# Threads: 1
# Heat filepath: /home/cp2021cp202143/tiny_mc/outputs/execute_n_20210529_184431/heat_20.txt 
# Photons filepath: /home/cp2021cp202143/tiny_mc/outputs/execute_n_20210529_184431/photons.txt 
# 0.287940 seconds
# 1138.016406 K photons per second
########################################################
########################################################
# Threads: 1
# Heat filepath: /home/cp2021cp202143/tiny_mc/outputs/execute_n_20210529_184431/heat_21.txt 
# Photons filepath: /home/cp2021cp202143/tiny_mc/outputs/execute_n_20210529_184431/photons.txt 
# 0.288793 seconds
# 1134.654370 K photons per second
########################################################
########################################################
# Threads: 1
# Heat filepath: /home/cp2021cp202143/tiny_mc/outputs/execute_n_20210529_184431/heat_22.txt 
# Photons filepath: /home/cp2021cp202143/tiny_mc/outputs/execute_n_20210529_184431/photons.txt 
# 0.287097 seconds
# 1141.354545 K photons per second
########################################################
########################################################
# Threads: 1
# Heat filepath: /home/cp2021cp202143/tiny_mc/outputs/execute_n_20210529_184431/heat_23.txt 
# Photons filepath: /home/cp2021cp202143/tiny_mc/outputs/execute_n_20210529_184431/photons.txt 
# 0.286486 seconds
# 1143.791682 K photons per second
########################################################
########################################################
# Threads: 1
# Heat filepath: /home/cp2021cp202143/tiny_mc/outputs/execute_n_20210529_184431/heat_24.txt 
# Photons filepath: /home/cp2021cp202143/tiny_mc/outputs/execute_n_20210529_184431/photons.txt 
# 0.288942 seconds
# 1134.068967 K photons per second
########################################################
Average photons per second (25 iterations)
1127243.02322688
Saved to /home/cp2021cp202143/tiny_mc/outputs/execute_n_20210529_184431
