rm -f tiny_mc *.o *.profraw
gcc -std=gnu11 -Wall -Wextra -O3 -ffast-math -march=native -ftree-vectorize -fopt-info-vec -fprofile-generate -fopenmp   -c -o tiny_mc.o tiny_mc.c
gcc -std=gnu11 -Wall -Wextra -O3 -ffast-math -march=native -ftree-vectorize -fopt-info-vec -fprofile-generate -fopenmp -o tiny_mc tiny_mc.o -lm 
libgcov profiling error:/home/cp2021cp202143/tiny_mc/tiny_mc.gcda:overwriting an existing profile data with a different timestamp
########################################################
# Threads: 28
# Heat filepath: foo.txt 
# Photons filepath: bar.txt 
# 2.588687 seconds
# 126.581558 K photons per second
########################################################
rm -f tiny_mc *.o *.profraw
gcc -std=gnu11 -Wall -Wextra -O3 -ffast-math -march=native -ftree-vectorize -fopt-info-vec -fprofile-use -fopenmp   -c -o tiny_mc.o tiny_mc.c
tiny_mc.c:105:14: optimized: loop vectorized using 32 byte vectors
tiny_mc.c:173:22: optimized: basic block part vectorized using 32 byte vectors
gcc -std=gnu11 -Wall -Wextra -O3 -ffast-math -march=native -ftree-vectorize -fopt-info-vec -fprofile-use -fopenmp -o tiny_mc tiny_mc.o -lm 
########################################################
# Threads: 28
# Heat filepath: /home/cp2021cp202143/tiny_mc/outputs/execute_n_20210529_185021/heat_0.txt 
# Photons filepath: /home/cp2021cp202143/tiny_mc/outputs/execute_n_20210529_185021/photons.txt 
# 0.031464 seconds
# 10414.501937 K photons per second
########################################################
########################################################
# Threads: 28
# Heat filepath: /home/cp2021cp202143/tiny_mc/outputs/execute_n_20210529_185021/heat_1.txt 
# Photons filepath: /home/cp2021cp202143/tiny_mc/outputs/execute_n_20210529_185021/photons.txt 
# 0.029540 seconds
# 11092.687907 K photons per second
########################################################
########################################################
# Threads: 28
# Heat filepath: /home/cp2021cp202143/tiny_mc/outputs/execute_n_20210529_185021/heat_2.txt 
# Photons filepath: /home/cp2021cp202143/tiny_mc/outputs/execute_n_20210529_185021/photons.txt 
# 0.025622 seconds
# 12789.071279 K photons per second
########################################################
########################################################
# Threads: 28
# Heat filepath: /home/cp2021cp202143/tiny_mc/outputs/execute_n_20210529_185021/heat_3.txt 
# Photons filepath: /home/cp2021cp202143/tiny_mc/outputs/execute_n_20210529_185021/photons.txt 
# 0.034281 seconds
# 9558.518708 K photons per second
########################################################
########################################################
# Threads: 28
# Heat filepath: /home/cp2021cp202143/tiny_mc/outputs/execute_n_20210529_185021/heat_4.txt 
# Photons filepath: /home/cp2021cp202143/tiny_mc/outputs/execute_n_20210529_185021/photons.txt 
# 0.026275 seconds
# 12471.213380 K photons per second
########################################################
########################################################
# Threads: 28
# Heat filepath: /home/cp2021cp202143/tiny_mc/outputs/execute_n_20210529_185021/heat_5.txt 
# Photons filepath: /home/cp2021cp202143/tiny_mc/outputs/execute_n_20210529_185021/photons.txt 
# 0.025479 seconds
# 12860.722881 K photons per second
########################################################
########################################################
# Threads: 28
# Heat filepath: /home/cp2021cp202143/tiny_mc/outputs/execute_n_20210529_185021/heat_6.txt 
# Photons filepath: /home/cp2021cp202143/tiny_mc/outputs/execute_n_20210529_185021/photons.txt 
# 0.025531 seconds
# 12834.344878 K photons per second
########################################################
########################################################
# Threads: 28
# Heat filepath: /home/cp2021cp202143/tiny_mc/outputs/execute_n_20210529_185021/heat_7.txt 
# Photons filepath: /home/cp2021cp202143/tiny_mc/outputs/execute_n_20210529_185021/photons.txt 
# 0.025596 seconds
# 12801.758436 K photons per second
########################################################
########################################################
# Threads: 28
# Heat filepath: /home/cp2021cp202143/tiny_mc/outputs/execute_n_20210529_185021/heat_8.txt 
# Photons filepath: /home/cp2021cp202143/tiny_mc/outputs/execute_n_20210529_185021/photons.txt 
# 0.025814 seconds
# 12694.062190 K photons per second
########################################################
########################################################
# Threads: 28
# Heat filepath: /home/cp2021cp202143/tiny_mc/outputs/execute_n_20210529_185021/heat_9.txt 
# Photons filepath: /home/cp2021cp202143/tiny_mc/outputs/execute_n_20210529_185021/photons.txt 
# 0.025477 seconds
# 12861.571450 K photons per second
########################################################
########################################################
# Threads: 28
# Heat filepath: /home/cp2021cp202143/tiny_mc/outputs/execute_n_20210529_185021/heat_10.txt 
# Photons filepath: /home/cp2021cp202143/tiny_mc/outputs/execute_n_20210529_185021/photons.txt 
# 0.031579 seconds
# 10376.408339 K photons per second
########################################################
########################################################
# Threads: 28
# Heat filepath: /home/cp2021cp202143/tiny_mc/outputs/execute_n_20210529_185021/heat_11.txt 
# Photons filepath: /home/cp2021cp202143/tiny_mc/outputs/execute_n_20210529_185021/photons.txt 
# 0.025544 seconds
# 12828.185399 K photons per second
########################################################
########################################################
# Threads: 28
# Heat filepath: /home/cp2021cp202143/tiny_mc/outputs/execute_n_20210529_185021/heat_12.txt 
# Photons filepath: /home/cp2021cp202143/tiny_mc/outputs/execute_n_20210529_185021/photons.txt 
# 0.025542 seconds
# 12829.124170 K photons per second
########################################################
########################################################
# Threads: 28
# Heat filepath: /home/cp2021cp202143/tiny_mc/outputs/execute_n_20210529_185021/heat_13.txt 
# Photons filepath: /home/cp2021cp202143/tiny_mc/outputs/execute_n_20210529_185021/photons.txt 
# 0.025478 seconds
# 12861.449211 K photons per second
########################################################
########################################################
# Threads: 28
# Heat filepath: /home/cp2021cp202143/tiny_mc/outputs/execute_n_20210529_185021/heat_14.txt 
# Photons filepath: /home/cp2021cp202143/tiny_mc/outputs/execute_n_20210529_185021/photons.txt 
# 0.026818 seconds
# 12218.803481 K photons per second
########################################################
########################################################
# Threads: 28
# Heat filepath: /home/cp2021cp202143/tiny_mc/outputs/execute_n_20210529_185021/heat_15.txt 
# Photons filepath: /home/cp2021cp202143/tiny_mc/outputs/execute_n_20210529_185021/photons.txt 
# 0.025582 seconds
# 12808.849811 K photons per second
########################################################
########################################################
# Threads: 28
# Heat filepath: /home/cp2021cp202143/tiny_mc/outputs/execute_n_20210529_185021/heat_16.txt 
# Photons filepath: /home/cp2021cp202143/tiny_mc/outputs/execute_n_20210529_185021/photons.txt 
# 0.029234 seconds
# 11208.779789 K photons per second
########################################################
########################################################
# Threads: 28
# Heat filepath: /home/cp2021cp202143/tiny_mc/outputs/execute_n_20210529_185021/heat_17.txt 
# Photons filepath: /home/cp2021cp202143/tiny_mc/outputs/execute_n_20210529_185021/photons.txt 
# 0.025532 seconds
# 12834.075221 K photons per second
########################################################
########################################################
# Threads: 28
# Heat filepath: /home/cp2021cp202143/tiny_mc/outputs/execute_n_20210529_185021/heat_18.txt 
# Photons filepath: /home/cp2021cp202143/tiny_mc/outputs/execute_n_20210529_185021/photons.txt 
# 0.025629 seconds
# 12785.539269 K photons per second
########################################################
########################################################
# Threads: 28
# Heat filepath: /home/cp2021cp202143/tiny_mc/outputs/execute_n_20210529_185021/heat_19.txt 
# Photons filepath: /home/cp2021cp202143/tiny_mc/outputs/execute_n_20210529_185021/photons.txt 
# 0.025622 seconds
# 12788.953669 K photons per second
########################################################
########################################################
# Threads: 28
# Heat filepath: /home/cp2021cp202143/tiny_mc/outputs/execute_n_20210529_185021/heat_20.txt 
# Photons filepath: /home/cp2021cp202143/tiny_mc/outputs/execute_n_20210529_185021/photons.txt 
# 0.025732 seconds
# 12734.335624 K photons per second
########################################################
########################################################
# Threads: 28
# Heat filepath: /home/cp2021cp202143/tiny_mc/outputs/execute_n_20210529_185021/heat_21.txt 
# Photons filepath: /home/cp2021cp202143/tiny_mc/outputs/execute_n_20210529_185021/photons.txt 
# 0.025482 seconds
# 12859.390314 K photons per second
########################################################
########################################################
# Threads: 28
# Heat filepath: /home/cp2021cp202143/tiny_mc/outputs/execute_n_20210529_185021/heat_22.txt 
# Photons filepath: /home/cp2021cp202143/tiny_mc/outputs/execute_n_20210529_185021/photons.txt 
# 0.025560 seconds
# 12819.954235 K photons per second
########################################################
########################################################
# Threads: 28
# Heat filepath: /home/cp2021cp202143/tiny_mc/outputs/execute_n_20210529_185021/heat_23.txt 
# Photons filepath: /home/cp2021cp202143/tiny_mc/outputs/execute_n_20210529_185021/photons.txt 
# 0.025568 seconds
# 12816.245019 K photons per second
########################################################
########################################################
# Threads: 28
# Heat filepath: /home/cp2021cp202143/tiny_mc/outputs/execute_n_20210529_185021/heat_24.txt 
# Photons filepath: /home/cp2021cp202143/tiny_mc/outputs/execute_n_20210529_185021/photons.txt 
# 0.033750 seconds
# 9709.132567 K photons per second
########################################################
Average photons per second (25 iterations)
12194307.166622156
Saved to /home/cp2021cp202143/tiny_mc/outputs/execute_n_20210529_185021
