rm -f tiny_mc *.o *.profraw
gcc -std=gnu11 -Wall -Wextra -O3 -ffast-math -march=native -ftree-vectorize -fopt-info-vec -fprofile-generate -fopenmp   -c -o tiny_mc.o tiny_mc.c
gcc -std=gnu11 -Wall -Wextra -O3 -ffast-math -march=native -ftree-vectorize -fopt-info-vec -fprofile-generate -fopenmp -o tiny_mc tiny_mc.o -lm 
########################################################
# Threads: 6
# Heat filepath: foo.txt 
# Photons filepath: bar.txt 
# 1.607088 seconds
# 203.896753 K photons per second
########################################################
libgcov profiling error:/home/cp2021cp202143/tiny_mc/tiny_mc.gcda:overwriting an existing profile data with a different timestamp
rm -f tiny_mc *.o *.profraw
gcc -std=gnu11 -Wall -Wextra -O3 -ffast-math -march=native -ftree-vectorize -fopt-info-vec -fprofile-use -fopenmp   -c -o tiny_mc.o tiny_mc.c
tiny_mc.c:105:14: optimized: loop vectorized using 32 byte vectors
tiny_mc.c:173:22: optimized: basic block part vectorized using 32 byte vectors
gcc -std=gnu11 -Wall -Wextra -O3 -ffast-math -march=native -ftree-vectorize -fopt-info-vec -fprofile-use -fopenmp -o tiny_mc tiny_mc.o -lm 
########################################################
# Threads: 6
# Heat filepath: /home/cp2021cp202143/tiny_mc/outputs/execute_n_20210529_184923/heat_0.txt 
# Photons filepath: /home/cp2021cp202143/tiny_mc/outputs/execute_n_20210529_184923/photons.txt 
# 0.141258 seconds
# 2319.730230 K photons per second
########################################################
########################################################
# Threads: 6
# Heat filepath: /home/cp2021cp202143/tiny_mc/outputs/execute_n_20210529_184923/heat_1.txt 
# Photons filepath: /home/cp2021cp202143/tiny_mc/outputs/execute_n_20210529_184923/photons.txt 
# 0.142329 seconds
# 2302.278579 K photons per second
########################################################
########################################################
# Threads: 6
# Heat filepath: /home/cp2021cp202143/tiny_mc/outputs/execute_n_20210529_184923/heat_2.txt 
# Photons filepath: /home/cp2021cp202143/tiny_mc/outputs/execute_n_20210529_184923/photons.txt 
# 0.120269 seconds
# 2724.549881 K photons per second
########################################################
########################################################
# Threads: 6
# Heat filepath: /home/cp2021cp202143/tiny_mc/outputs/execute_n_20210529_184923/heat_3.txt 
# Photons filepath: /home/cp2021cp202143/tiny_mc/outputs/execute_n_20210529_184923/photons.txt 
# 0.121533 seconds
# 2696.213667 K photons per second
########################################################
########################################################
# Threads: 6
# Heat filepath: /home/cp2021cp202143/tiny_mc/outputs/execute_n_20210529_184923/heat_4.txt 
# Photons filepath: /home/cp2021cp202143/tiny_mc/outputs/execute_n_20210529_184923/photons.txt 
# 0.122150 seconds
# 2682.603987 K photons per second
########################################################
########################################################
# Threads: 6
# Heat filepath: /home/cp2021cp202143/tiny_mc/outputs/execute_n_20210529_184923/heat_5.txt 
# Photons filepath: /home/cp2021cp202143/tiny_mc/outputs/execute_n_20210529_184923/photons.txt 
# 0.120621 seconds
# 2716.600009 K photons per second
########################################################
########################################################
# Threads: 6
# Heat filepath: /home/cp2021cp202143/tiny_mc/outputs/execute_n_20210529_184923/heat_6.txt 
# Photons filepath: /home/cp2021cp202143/tiny_mc/outputs/execute_n_20210529_184923/photons.txt 
# 0.120511 seconds
# 2719.084878 K photons per second
########################################################
########################################################
# Threads: 6
# Heat filepath: /home/cp2021cp202143/tiny_mc/outputs/execute_n_20210529_184923/heat_7.txt 
# Photons filepath: /home/cp2021cp202143/tiny_mc/outputs/execute_n_20210529_184923/photons.txt 
# 0.120769 seconds
# 2713.267862 K photons per second
########################################################
########################################################
# Threads: 6
# Heat filepath: /home/cp2021cp202143/tiny_mc/outputs/execute_n_20210529_184923/heat_8.txt 
# Photons filepath: /home/cp2021cp202143/tiny_mc/outputs/execute_n_20210529_184923/photons.txt 
# 0.121256 seconds
# 2702.382768 K photons per second
########################################################
########################################################
# Threads: 6
# Heat filepath: /home/cp2021cp202143/tiny_mc/outputs/execute_n_20210529_184923/heat_9.txt 
# Photons filepath: /home/cp2021cp202143/tiny_mc/outputs/execute_n_20210529_184923/photons.txt 
# 0.136884 seconds
# 2393.850227 K photons per second
########################################################
########################################################
# Threads: 6
# Heat filepath: /home/cp2021cp202143/tiny_mc/outputs/execute_n_20210529_184923/heat_10.txt 
# Photons filepath: /home/cp2021cp202143/tiny_mc/outputs/execute_n_20210529_184923/photons.txt 
# 0.121394 seconds
# 2699.304612 K photons per second
########################################################
########################################################
# Threads: 6
# Heat filepath: /home/cp2021cp202143/tiny_mc/outputs/execute_n_20210529_184923/heat_11.txt 
# Photons filepath: /home/cp2021cp202143/tiny_mc/outputs/execute_n_20210529_184923/photons.txt 
# 0.136046 seconds
# 2408.603394 K photons per second
########################################################
########################################################
# Threads: 6
# Heat filepath: /home/cp2021cp202143/tiny_mc/outputs/execute_n_20210529_184923/heat_12.txt 
# Photons filepath: /home/cp2021cp202143/tiny_mc/outputs/execute_n_20210529_184923/photons.txt 
# 0.121916 seconds
# 2687.758880 K photons per second
########################################################
########################################################
# Threads: 6
# Heat filepath: /home/cp2021cp202143/tiny_mc/outputs/execute_n_20210529_184923/heat_13.txt 
# Photons filepath: /home/cp2021cp202143/tiny_mc/outputs/execute_n_20210529_184923/photons.txt 
# 0.121265 seconds
# 2702.180183 K photons per second
########################################################
########################################################
# Threads: 6
# Heat filepath: /home/cp2021cp202143/tiny_mc/outputs/execute_n_20210529_184923/heat_14.txt 
# Photons filepath: /home/cp2021cp202143/tiny_mc/outputs/execute_n_20210529_184923/photons.txt 
# 0.121088 seconds
# 2706.139528 K photons per second
########################################################
########################################################
# Threads: 6
# Heat filepath: /home/cp2021cp202143/tiny_mc/outputs/execute_n_20210529_184923/heat_15.txt 
# Photons filepath: /home/cp2021cp202143/tiny_mc/outputs/execute_n_20210529_184923/photons.txt 
# 0.121614 seconds
# 2694.416604 K photons per second
########################################################
########################################################
# Threads: 6
# Heat filepath: /home/cp2021cp202143/tiny_mc/outputs/execute_n_20210529_184923/heat_16.txt 
# Photons filepath: /home/cp2021cp202143/tiny_mc/outputs/execute_n_20210529_184923/photons.txt 
# 0.122982 seconds
# 2664.454517 K photons per second
########################################################
########################################################
# Threads: 6
# Heat filepath: /home/cp2021cp202143/tiny_mc/outputs/execute_n_20210529_184923/heat_17.txt 
# Photons filepath: /home/cp2021cp202143/tiny_mc/outputs/execute_n_20210529_184923/photons.txt 
# 0.121440 seconds
# 2698.287077 K photons per second
########################################################
########################################################
# Threads: 6
# Heat filepath: /home/cp2021cp202143/tiny_mc/outputs/execute_n_20210529_184923/heat_18.txt 
# Photons filepath: /home/cp2021cp202143/tiny_mc/outputs/execute_n_20210529_184923/photons.txt 
# 0.121140 seconds
# 2704.970633 K photons per second
########################################################
########################################################
# Threads: 6
# Heat filepath: /home/cp2021cp202143/tiny_mc/outputs/execute_n_20210529_184923/heat_19.txt 
# Photons filepath: /home/cp2021cp202143/tiny_mc/outputs/execute_n_20210529_184923/photons.txt 
# 0.121381 seconds
# 2699.588683 K photons per second
########################################################
########################################################
# Threads: 6
# Heat filepath: /home/cp2021cp202143/tiny_mc/outputs/execute_n_20210529_184923/heat_20.txt 
# Photons filepath: /home/cp2021cp202143/tiny_mc/outputs/execute_n_20210529_184923/photons.txt 
# 0.121815 seconds
# 2689.989949 K photons per second
########################################################
########################################################
# Threads: 6
# Heat filepath: /home/cp2021cp202143/tiny_mc/outputs/execute_n_20210529_184923/heat_21.txt 
# Photons filepath: /home/cp2021cp202143/tiny_mc/outputs/execute_n_20210529_184923/photons.txt 
# 0.123164 seconds
# 2660.520742 K photons per second
########################################################
########################################################
# Threads: 6
# Heat filepath: /home/cp2021cp202143/tiny_mc/outputs/execute_n_20210529_184923/heat_22.txt 
# Photons filepath: /home/cp2021cp202143/tiny_mc/outputs/execute_n_20210529_184923/photons.txt 
# 0.121574 seconds
# 2695.311398 K photons per second
########################################################
########################################################
# Threads: 6
# Heat filepath: /home/cp2021cp202143/tiny_mc/outputs/execute_n_20210529_184923/heat_23.txt 
# Photons filepath: /home/cp2021cp202143/tiny_mc/outputs/execute_n_20210529_184923/photons.txt 
# 0.122171 seconds
# 2682.142128 K photons per second
########################################################
########################################################
# Threads: 6
# Heat filepath: /home/cp2021cp202143/tiny_mc/outputs/execute_n_20210529_184923/heat_24.txt 
# Photons filepath: /home/cp2021cp202143/tiny_mc/outputs/execute_n_20210529_184923/photons.txt 
# 0.121296 seconds
# 2701.494412 K photons per second
########################################################
Average photons per second (25 iterations)
2642628.9930892
Saved to /home/cp2021cp202143/tiny_mc/outputs/execute_n_20210529_184923
