rm -f tiny_mc *.o *.profraw
gcc -std=gnu11 -Wall -Wextra -O3 -ffast-math -march=native -ftree-vectorize -fopt-info-vec -fprofile-generate -fopenmp   -c -o tiny_mc.o tiny_mc.c
gcc -std=gnu11 -Wall -Wextra -O3 -ffast-math -march=native -ftree-vectorize -fopt-info-vec -fprofile-generate -fopenmp -o tiny_mc tiny_mc.o -lm 
########################################################
# Threads: 2
# Heat filepath: foo.txt 
# Photons filepath: bar.txt 
# 1.733742 seconds
# 189.001559 K photons per second
########################################################
libgcov profiling error:/home/cp2021cp202143/tiny_mc/tiny_mc.gcda:overwriting an existing profile data with a different timestamp
rm -f tiny_mc *.o *.profraw
gcc -std=gnu11 -Wall -Wextra -O3 -ffast-math -march=native -ftree-vectorize -fopt-info-vec -fprofile-use -fopenmp   -c -o tiny_mc.o tiny_mc.c
tiny_mc.c:105:14: optimized: loop vectorized using 32 byte vectors
tiny_mc.c:173:22: optimized: basic block part vectorized using 32 byte vectors
gcc -std=gnu11 -Wall -Wextra -O3 -ffast-math -march=native -ftree-vectorize -fopt-info-vec -fprofile-use -fopenmp -o tiny_mc tiny_mc.o -lm 
########################################################
# Threads: 2
# Heat filepath: /home/cp2021cp202143/tiny_mc/outputs/execute_n_20210529_184904/heat_0.txt 
# Photons filepath: /home/cp2021cp202143/tiny_mc/outputs/execute_n_20210529_184904/photons.txt 
# 0.351951 seconds
# 931.038912 K photons per second
########################################################
########################################################
# Threads: 2
# Heat filepath: /home/cp2021cp202143/tiny_mc/outputs/execute_n_20210529_184904/heat_1.txt 
# Photons filepath: /home/cp2021cp202143/tiny_mc/outputs/execute_n_20210529_184904/photons.txt 
# 0.357386 seconds
# 916.880609 K photons per second
########################################################
########################################################
# Threads: 2
# Heat filepath: /home/cp2021cp202143/tiny_mc/outputs/execute_n_20210529_184904/heat_2.txt 
# Photons filepath: /home/cp2021cp202143/tiny_mc/outputs/execute_n_20210529_184904/photons.txt 
# 0.320160 seconds
# 1023.488879 K photons per second
########################################################
########################################################
# Threads: 2
# Heat filepath: /home/cp2021cp202143/tiny_mc/outputs/execute_n_20210529_184904/heat_3.txt 
# Photons filepath: /home/cp2021cp202143/tiny_mc/outputs/execute_n_20210529_184904/photons.txt 
# 0.348903 seconds
# 939.172706 K photons per second
########################################################
########################################################
# Threads: 2
# Heat filepath: /home/cp2021cp202143/tiny_mc/outputs/execute_n_20210529_184904/heat_4.txt 
# Photons filepath: /home/cp2021cp202143/tiny_mc/outputs/execute_n_20210529_184904/photons.txt 
# 0.320385 seconds
# 1022.768381 K photons per second
########################################################
########################################################
# Threads: 2
# Heat filepath: /home/cp2021cp202143/tiny_mc/outputs/execute_n_20210529_184904/heat_5.txt 
# Photons filepath: /home/cp2021cp202143/tiny_mc/outputs/execute_n_20210529_184904/photons.txt 
# 0.333937 seconds
# 981.263889 K photons per second
########################################################
########################################################
# Threads: 2
# Heat filepath: /home/cp2021cp202143/tiny_mc/outputs/execute_n_20210529_184904/heat_6.txt 
# Photons filepath: /home/cp2021cp202143/tiny_mc/outputs/execute_n_20210529_184904/photons.txt 
# 0.321205 seconds
# 1020.158000 K photons per second
########################################################
########################################################
# Threads: 2
# Heat filepath: /home/cp2021cp202143/tiny_mc/outputs/execute_n_20210529_184904/heat_7.txt 
# Photons filepath: /home/cp2021cp202143/tiny_mc/outputs/execute_n_20210529_184904/photons.txt 
# 0.351029 seconds
# 933.483902 K photons per second
########################################################
########################################################
# Threads: 2
# Heat filepath: /home/cp2021cp202143/tiny_mc/outputs/execute_n_20210529_184904/heat_8.txt 
# Photons filepath: /home/cp2021cp202143/tiny_mc/outputs/execute_n_20210529_184904/photons.txt 
# 0.321559 seconds
# 1019.035745 K photons per second
########################################################
########################################################
# Threads: 2
# Heat filepath: /home/cp2021cp202143/tiny_mc/outputs/execute_n_20210529_184904/heat_9.txt 
# Photons filepath: /home/cp2021cp202143/tiny_mc/outputs/execute_n_20210529_184904/photons.txt 
# 0.321285 seconds
# 1019.904221 K photons per second
########################################################
########################################################
# Threads: 2
# Heat filepath: /home/cp2021cp202143/tiny_mc/outputs/execute_n_20210529_184904/heat_10.txt 
# Photons filepath: /home/cp2021cp202143/tiny_mc/outputs/execute_n_20210529_184904/photons.txt 
# 0.319892 seconds
# 1024.345080 K photons per second
########################################################
########################################################
# Threads: 2
# Heat filepath: /home/cp2021cp202143/tiny_mc/outputs/execute_n_20210529_184904/heat_11.txt 
# Photons filepath: /home/cp2021cp202143/tiny_mc/outputs/execute_n_20210529_184904/photons.txt 
# 0.322726 seconds
# 1015.350594 K photons per second
########################################################
########################################################
# Threads: 2
# Heat filepath: /home/cp2021cp202143/tiny_mc/outputs/execute_n_20210529_184904/heat_12.txt 
# Photons filepath: /home/cp2021cp202143/tiny_mc/outputs/execute_n_20210529_184904/photons.txt 
# 0.338653 seconds
# 967.599339 K photons per second
########################################################
########################################################
# Threads: 2
# Heat filepath: /home/cp2021cp202143/tiny_mc/outputs/execute_n_20210529_184904/heat_13.txt 
# Photons filepath: /home/cp2021cp202143/tiny_mc/outputs/execute_n_20210529_184904/photons.txt 
# 0.320735 seconds
# 1021.653835 K photons per second
########################################################
########################################################
# Threads: 2
# Heat filepath: /home/cp2021cp202143/tiny_mc/outputs/execute_n_20210529_184904/heat_14.txt 
# Photons filepath: /home/cp2021cp202143/tiny_mc/outputs/execute_n_20210529_184904/photons.txt 
# 0.321115 seconds
# 1020.445164 K photons per second
########################################################
########################################################
# Threads: 2
# Heat filepath: /home/cp2021cp202143/tiny_mc/outputs/execute_n_20210529_184904/heat_15.txt 
# Photons filepath: /home/cp2021cp202143/tiny_mc/outputs/execute_n_20210529_184904/photons.txt 
# 0.325773 seconds
# 1005.854710 K photons per second
########################################################
########################################################
# Threads: 2
# Heat filepath: /home/cp2021cp202143/tiny_mc/outputs/execute_n_20210529_184904/heat_16.txt 
# Photons filepath: /home/cp2021cp202143/tiny_mc/outputs/execute_n_20210529_184904/photons.txt 
# 0.321530 seconds
# 1019.128017 K photons per second
########################################################
########################################################
# Threads: 2
# Heat filepath: /home/cp2021cp202143/tiny_mc/outputs/execute_n_20210529_184904/heat_17.txt 
# Photons filepath: /home/cp2021cp202143/tiny_mc/outputs/execute_n_20210529_184904/photons.txt 
# 0.321017 seconds
# 1020.757033 K photons per second
########################################################
########################################################
# Threads: 2
# Heat filepath: /home/cp2021cp202143/tiny_mc/outputs/execute_n_20210529_184904/heat_18.txt 
# Photons filepath: /home/cp2021cp202143/tiny_mc/outputs/execute_n_20210529_184904/photons.txt 
# 0.320746 seconds
# 1021.619515 K photons per second
########################################################
########################################################
# Threads: 2
# Heat filepath: /home/cp2021cp202143/tiny_mc/outputs/execute_n_20210529_184904/heat_19.txt 
# Photons filepath: /home/cp2021cp202143/tiny_mc/outputs/execute_n_20210529_184904/photons.txt 
# 0.322293 seconds
# 1016.714589 K photons per second
########################################################
########################################################
# Threads: 2
# Heat filepath: /home/cp2021cp202143/tiny_mc/outputs/execute_n_20210529_184904/heat_20.txt 
# Photons filepath: /home/cp2021cp202143/tiny_mc/outputs/execute_n_20210529_184904/photons.txt 
# 0.321678 seconds
# 1018.658783 K photons per second
########################################################
########################################################
# Threads: 2
# Heat filepath: /home/cp2021cp202143/tiny_mc/outputs/execute_n_20210529_184904/heat_21.txt 
# Photons filepath: /home/cp2021cp202143/tiny_mc/outputs/execute_n_20210529_184904/photons.txt 
# 0.320450 seconds
# 1022.563417 K photons per second
########################################################
########################################################
# Threads: 2
# Heat filepath: /home/cp2021cp202143/tiny_mc/outputs/execute_n_20210529_184904/heat_22.txt 
# Photons filepath: /home/cp2021cp202143/tiny_mc/outputs/execute_n_20210529_184904/photons.txt 
# 0.316893 seconds
# 1034.038440 K photons per second
########################################################
########################################################
# Threads: 2
# Heat filepath: /home/cp2021cp202143/tiny_mc/outputs/execute_n_20210529_184904/heat_23.txt 
# Photons filepath: /home/cp2021cp202143/tiny_mc/outputs/execute_n_20210529_184904/photons.txt 
# 0.322755 seconds
# 1015.257947 K photons per second
########################################################
########################################################
# Threads: 2
# Heat filepath: /home/cp2021cp202143/tiny_mc/outputs/execute_n_20210529_184904/heat_24.txt 
# Photons filepath: /home/cp2021cp202143/tiny_mc/outputs/execute_n_20210529_184904/photons.txt 
# 0.321431 seconds
# 1019.441205 K photons per second
########################################################
Average photons per second (25 iterations)
1002024.91650868
Saved to /home/cp2021cp202143/tiny_mc/outputs/execute_n_20210529_184904
