rm -f tiny_mc *.o *.profraw
gcc -std=gnu11 -Wall -Wextra -O3 -ffast-math -march=native -ftree-vectorize -fopt-info-vec -fprofile-generate -fopenmp   -c -o tiny_mc.o tiny_mc.c
gcc -std=gnu11 -Wall -Wextra -O3 -ffast-math -march=native -ftree-vectorize -fopt-info-vec -fprofile-generate -fopenmp -o tiny_mc tiny_mc.o -lm 
libgcov profiling error:/home/cp2021cp202143/tiny_mc/tiny_mc.gcda:overwriting an existing profile data with a different timestamp
########################################################
# Threads: 16
# Heat filepath: foo.txt 
# Photons filepath: bar.txt 
# 2.576108 seconds
# 127.199613 K photons per second
########################################################
rm -f tiny_mc *.o *.profraw
gcc -std=gnu11 -Wall -Wextra -O3 -ffast-math -march=native -ftree-vectorize -fopt-info-vec -fprofile-use -fopenmp   -c -o tiny_mc.o tiny_mc.c
tiny_mc.c:105:14: optimized: loop vectorized using 32 byte vectors
tiny_mc.c:173:22: optimized: basic block part vectorized using 32 byte vectors
gcc -std=gnu11 -Wall -Wextra -O3 -ffast-math -march=native -ftree-vectorize -fopt-info-vec -fprofile-use -fopenmp -o tiny_mc tiny_mc.o -lm 
########################################################
# Threads: 16
# Heat filepath: /home/cp2021cp202143/tiny_mc/outputs/execute_n_20210529_184951/heat_0.txt 
# Photons filepath: /home/cp2021cp202143/tiny_mc/outputs/execute_n_20210529_184951/photons.txt 
# 0.054840 seconds
# 5975.203793 K photons per second
########################################################
########################################################
# Threads: 16
# Heat filepath: /home/cp2021cp202143/tiny_mc/outputs/execute_n_20210529_184951/heat_1.txt 
# Photons filepath: /home/cp2021cp202143/tiny_mc/outputs/execute_n_20210529_184951/photons.txt 
# 0.073314 seconds
# 4469.513019 K photons per second
########################################################
########################################################
# Threads: 16
# Heat filepath: /home/cp2021cp202143/tiny_mc/outputs/execute_n_20210529_184951/heat_2.txt 
# Photons filepath: /home/cp2021cp202143/tiny_mc/outputs/execute_n_20210529_184951/photons.txt 
# 0.053554 seconds
# 6118.739452 K photons per second
########################################################
########################################################
# Threads: 16
# Heat filepath: /home/cp2021cp202143/tiny_mc/outputs/execute_n_20210529_184951/heat_3.txt 
# Photons filepath: /home/cp2021cp202143/tiny_mc/outputs/execute_n_20210529_184951/photons.txt 
# 0.064544 seconds
# 5076.838765 K photons per second
########################################################
########################################################
# Threads: 16
# Heat filepath: /home/cp2021cp202143/tiny_mc/outputs/execute_n_20210529_184951/heat_4.txt 
# Photons filepath: /home/cp2021cp202143/tiny_mc/outputs/execute_n_20210529_184951/photons.txt 
# 0.053445 seconds
# 6131.214993 K photons per second
########################################################
########################################################
# Threads: 16
# Heat filepath: /home/cp2021cp202143/tiny_mc/outputs/execute_n_20210529_184951/heat_5.txt 
# Photons filepath: /home/cp2021cp202143/tiny_mc/outputs/execute_n_20210529_184951/photons.txt 
# 0.072153 seconds
# 4541.476970 K photons per second
########################################################
########################################################
# Threads: 16
# Heat filepath: /home/cp2021cp202143/tiny_mc/outputs/execute_n_20210529_184951/heat_6.txt 
# Photons filepath: /home/cp2021cp202143/tiny_mc/outputs/execute_n_20210529_184951/photons.txt 
# 0.055264 seconds
# 5929.390058 K photons per second
########################################################
########################################################
# Threads: 16
# Heat filepath: /home/cp2021cp202143/tiny_mc/outputs/execute_n_20210529_184951/heat_7.txt 
# Photons filepath: /home/cp2021cp202143/tiny_mc/outputs/execute_n_20210529_184951/photons.txt 
# 0.053576 seconds
# 6116.183217 K photons per second
########################################################
########################################################
# Threads: 16
# Heat filepath: /home/cp2021cp202143/tiny_mc/outputs/execute_n_20210529_184951/heat_8.txt 
# Photons filepath: /home/cp2021cp202143/tiny_mc/outputs/execute_n_20210529_184951/photons.txt 
# 0.061754 seconds
# 5306.256483 K photons per second
########################################################
########################################################
# Threads: 16
# Heat filepath: /home/cp2021cp202143/tiny_mc/outputs/execute_n_20210529_184951/heat_9.txt 
# Photons filepath: /home/cp2021cp202143/tiny_mc/outputs/execute_n_20210529_184951/photons.txt 
# 0.066738 seconds
# 4909.955254 K photons per second
########################################################
########################################################
# Threads: 16
# Heat filepath: /home/cp2021cp202143/tiny_mc/outputs/execute_n_20210529_184951/heat_10.txt 
# Photons filepath: /home/cp2021cp202143/tiny_mc/outputs/execute_n_20210529_184951/photons.txt 
# 0.064714 seconds
# 5063.493483 K photons per second
########################################################
########################################################
# Threads: 16
# Heat filepath: /home/cp2021cp202143/tiny_mc/outputs/execute_n_20210529_184951/heat_11.txt 
# Photons filepath: /home/cp2021cp202143/tiny_mc/outputs/execute_n_20210529_184951/photons.txt 
# 0.064650 seconds
# 5068.542670 K photons per second
########################################################
########################################################
# Threads: 16
# Heat filepath: /home/cp2021cp202143/tiny_mc/outputs/execute_n_20210529_184951/heat_12.txt 
# Photons filepath: /home/cp2021cp202143/tiny_mc/outputs/execute_n_20210529_184951/photons.txt 
# 0.063788 seconds
# 5136.979576 K photons per second
########################################################
########################################################
# Threads: 16
# Heat filepath: /home/cp2021cp202143/tiny_mc/outputs/execute_n_20210529_184951/heat_13.txt 
# Photons filepath: /home/cp2021cp202143/tiny_mc/outputs/execute_n_20210529_184951/photons.txt 
# 0.054535 seconds
# 6008.661352 K photons per second
########################################################
########################################################
# Threads: 16
# Heat filepath: /home/cp2021cp202143/tiny_mc/outputs/execute_n_20210529_184951/heat_14.txt 
# Photons filepath: /home/cp2021cp202143/tiny_mc/outputs/execute_n_20210529_184951/photons.txt 
# 0.071252 seconds
# 4598.879522 K photons per second
########################################################
########################################################
# Threads: 16
# Heat filepath: /home/cp2021cp202143/tiny_mc/outputs/execute_n_20210529_184951/heat_15.txt 
# Photons filepath: /home/cp2021cp202143/tiny_mc/outputs/execute_n_20210529_184951/photons.txt 
# 0.062906 seconds
# 5209.012077 K photons per second
########################################################
########################################################
# Threads: 16
# Heat filepath: /home/cp2021cp202143/tiny_mc/outputs/execute_n_20210529_184951/heat_16.txt 
# Photons filepath: /home/cp2021cp202143/tiny_mc/outputs/execute_n_20210529_184951/photons.txt 
# 0.067827 seconds
# 4831.095660 K photons per second
########################################################
########################################################
# Threads: 16
# Heat filepath: /home/cp2021cp202143/tiny_mc/outputs/execute_n_20210529_184951/heat_17.txt 
# Photons filepath: /home/cp2021cp202143/tiny_mc/outputs/execute_n_20210529_184951/photons.txt 
# 0.059820 seconds
# 5477.787946 K photons per second
########################################################
########################################################
# Threads: 16
# Heat filepath: /home/cp2021cp202143/tiny_mc/outputs/execute_n_20210529_184951/heat_18.txt 
# Photons filepath: /home/cp2021cp202143/tiny_mc/outputs/execute_n_20210529_184951/photons.txt 
# 0.066376 seconds
# 4936.754963 K photons per second
########################################################
########################################################
# Threads: 16
# Heat filepath: /home/cp2021cp202143/tiny_mc/outputs/execute_n_20210529_184951/heat_19.txt 
# Photons filepath: /home/cp2021cp202143/tiny_mc/outputs/execute_n_20210529_184951/photons.txt 
# 0.061488 seconds
# 5329.155897 K photons per second
########################################################
########################################################
# Threads: 16
# Heat filepath: /home/cp2021cp202143/tiny_mc/outputs/execute_n_20210529_184951/heat_20.txt 
# Photons filepath: /home/cp2021cp202143/tiny_mc/outputs/execute_n_20210529_184951/photons.txt 
# 0.067637 seconds
# 4844.663704 K photons per second
########################################################
########################################################
# Threads: 16
# Heat filepath: /home/cp2021cp202143/tiny_mc/outputs/execute_n_20210529_184951/heat_21.txt 
# Photons filepath: /home/cp2021cp202143/tiny_mc/outputs/execute_n_20210529_184951/photons.txt 
# 0.054521 seconds
# 6010.162248 K photons per second
########################################################
########################################################
# Threads: 16
# Heat filepath: /home/cp2021cp202143/tiny_mc/outputs/execute_n_20210529_184951/heat_22.txt 
# Photons filepath: /home/cp2021cp202143/tiny_mc/outputs/execute_n_20210529_184951/photons.txt 
# 0.046809 seconds
# 7000.298140 K photons per second
########################################################
########################################################
# Threads: 16
# Heat filepath: /home/cp2021cp202143/tiny_mc/outputs/execute_n_20210529_184951/heat_23.txt 
# Photons filepath: /home/cp2021cp202143/tiny_mc/outputs/execute_n_20210529_184951/photons.txt 
# 0.055726 seconds
# 5880.213000 K photons per second
########################################################
########################################################
# Threads: 16
# Heat filepath: /home/cp2021cp202143/tiny_mc/outputs/execute_n_20210529_184951/heat_24.txt 
# Photons filepath: /home/cp2021cp202143/tiny_mc/outputs/execute_n_20210529_184951/photons.txt 
# 0.054543 seconds
# 6007.790697 K photons per second
########################################################
Average photons per second (25 iterations)
5439130.51752228
Saved to /home/cp2021cp202143/tiny_mc/outputs/execute_n_20210529_184951
