########################################################
# Threads: 8
# Heat filepath: heat.txt 
# Photons filepath: photons_per_sec.txt 
# 4.278117 seconds
# 7659.444397 K photons per second
########################################################
########################################################
# Threads: 8
# Heat filepath: heat.txt 
# Photons filepath: photons_per_sec.txt 
# 4.206502 seconds
# 7789.846150 K photons per second
########################################################
########################################################
# Threads: 8
# Heat filepath: heat.txt 
# Photons filepath: photons_per_sec.txt 
# 4.171316 seconds
# 7855.554229 K photons per second
########################################################
########################################################
# Threads: 8
# Heat filepath: heat.txt 
# Photons filepath: photons_per_sec.txt 
# 4.172699 seconds
# 7852.951373 K photons per second
########################################################
########################################################
# Threads: 8
# Heat filepath: heat.txt 
# Photons filepath: photons_per_sec.txt 
# 4.179920 seconds
# 7839.384905 K photons per second
########################################################
########################################################
# Threads: 8
# Heat filepath: heat.txt 
# Photons filepath: photons_per_sec.txt 
# 4.183135 seconds
# 7833.359911 K photons per second
########################################################
########################################################
# Threads: 8
# Heat filepath: heat.txt 
# Photons filepath: photons_per_sec.txt 
# 4.184623 seconds
# 7830.574439 K photons per second
########################################################
########################################################
# Threads: 8
# Heat filepath: heat.txt 
# Photons filepath: photons_per_sec.txt 
# 4.178699 seconds
# 7841.676061 K photons per second
########################################################
########################################################
# Threads: 8
# Heat filepath: heat.txt 
# Photons filepath: photons_per_sec.txt 
# 4.169577 seconds
# 7858.831277 K photons per second
########################################################
########################################################
# Threads: 8
# Heat filepath: heat.txt 
# Photons filepath: photons_per_sec.txt 
# 4.182227 seconds
# 7835.060370 K photons per second
########################################################
########################################################
# Threads: 8
# Heat filepath: heat.txt 
# Photons filepath: photons_per_sec.txt 
# 4.179996 seconds
# 7839.242499 K photons per second
########################################################
########################################################
# Threads: 8
# Heat filepath: heat.txt 
# Photons filepath: photons_per_sec.txt 
# 4.179513 seconds
# 7840.148794 K photons per second
########################################################
########################################################
# Threads: 8
# Heat filepath: heat.txt 
# Photons filepath: photons_per_sec.txt 
# 4.178152 seconds
# 7842.701051 K photons per second
########################################################
########################################################
# Threads: 8
# Heat filepath: heat.txt 
# Photons filepath: photons_per_sec.txt 
# 4.258577 seconds
# 7694.588599 K photons per second
########################################################
########################################################
# Threads: 8
# Heat filepath: heat.txt 
# Photons filepath: photons_per_sec.txt 
# 4.178902 seconds
# 7841.294273 K photons per second
########################################################
########################################################
# Threads: 8
# Heat filepath: heat.txt 
# Photons filepath: photons_per_sec.txt 
# 4.621307 seconds
# 7090.634674 K photons per second
########################################################
########################################################
# Threads: 8
# Heat filepath: heat.txt 
# Photons filepath: photons_per_sec.txt 
# 4.191092 seconds
# 7818.487217 K photons per second
########################################################
########################################################
# Threads: 8
# Heat filepath: heat.txt 
# Photons filepath: photons_per_sec.txt 
# 4.183539 seconds
# 7832.603877 K photons per second
########################################################
########################################################
# Threads: 8
# Heat filepath: heat.txt 
# Photons filepath: photons_per_sec.txt 
# 4.186012 seconds
# 7827.974722 K photons per second
########################################################
########################################################
# Threads: 8
# Heat filepath: heat.txt 
# Photons filepath: photons_per_sec.txt 
# 4.185266 seconds
# 7829.370815 K photons per second
########################################################
########################################################
# Threads: 8
# Heat filepath: heat.txt 
# Photons filepath: photons_per_sec.txt 
# 4.176957 seconds
# 7844.945178 K photons per second
########################################################
########################################################
# Threads: 8
# Heat filepath: heat.txt 
# Photons filepath: photons_per_sec.txt 
# 4.208271 seconds
# 7786.570827 K photons per second
########################################################
########################################################
# Threads: 8
# Heat filepath: heat.txt 
# Photons filepath: photons_per_sec.txt 
# 4.184428 seconds
# 7830.939082 K photons per second
########################################################
########################################################
# Threads: 8
# Heat filepath: heat.txt 
# Photons filepath: photons_per_sec.txt 
# 4.182057 seconds
# 7835.378614 K photons per second
########################################################
########################################################
# Threads: 8
# Heat filepath: heat.txt 
# Photons filepath: photons_per_sec.txt 
# 4.184114 seconds
# 7831.526039 K photons per second
########################################################
