########################################################
# Threads: 12
# Heat filepath: heat.txt 
# Photons filepath: photons_per_sec.txt 
# 2.963004 seconds
# 11059.046125 K photons per second
########################################################
########################################################
# Threads: 12
# Heat filepath: heat.txt 
# Photons filepath: photons_per_sec.txt 
# 2.948121 seconds
# 11114.875125 K photons per second
########################################################
########################################################
# Threads: 12
# Heat filepath: heat.txt 
# Photons filepath: photons_per_sec.txt 
# 2.959258 seconds
# 11073.046549 K photons per second
########################################################
########################################################
# Threads: 12
# Heat filepath: heat.txt 
# Photons filepath: photons_per_sec.txt 
# 2.963159 seconds
# 11058.468196 K photons per second
########################################################
########################################################
# Threads: 12
# Heat filepath: heat.txt 
# Photons filepath: photons_per_sec.txt 
# 2.962942 seconds
# 11059.279080 K photons per second
########################################################
########################################################
# Threads: 12
# Heat filepath: heat.txt 
# Photons filepath: photons_per_sec.txt 
# 2.948809 seconds
# 11112.281861 K photons per second
########################################################
########################################################
# Threads: 12
# Heat filepath: heat.txt 
# Photons filepath: photons_per_sec.txt 
# 2.967688 seconds
# 11041.592241 K photons per second
########################################################
########################################################
# Threads: 12
# Heat filepath: heat.txt 
# Photons filepath: photons_per_sec.txt 
# 2.948159 seconds
# 11114.732536 K photons per second
########################################################
########################################################
# Threads: 12
# Heat filepath: heat.txt 
# Photons filepath: photons_per_sec.txt 
# 2.965271 seconds
# 11050.592986 K photons per second
########################################################
########################################################
# Threads: 12
# Heat filepath: heat.txt 
# Photons filepath: photons_per_sec.txt 
# 2.965638 seconds
# 11049.222719 K photons per second
########################################################
########################################################
# Threads: 12
# Heat filepath: heat.txt 
# Photons filepath: photons_per_sec.txt 
# 2.961163 seconds
# 11065.920599 K photons per second
########################################################
########################################################
# Threads: 12
# Heat filepath: heat.txt 
# Photons filepath: photons_per_sec.txt 
# 2.953509 seconds
# 11094.598505 K photons per second
########################################################
########################################################
# Threads: 12
# Heat filepath: heat.txt 
# Photons filepath: photons_per_sec.txt 
# 2.959421 seconds
# 11072.437653 K photons per second
########################################################
########################################################
# Threads: 12
# Heat filepath: heat.txt 
# Photons filepath: photons_per_sec.txt 
# 2.961061 seconds
# 11066.305402 K photons per second
########################################################
########################################################
# Threads: 12
# Heat filepath: heat.txt 
# Photons filepath: photons_per_sec.txt 
# 2.964140 seconds
# 11054.809902 K photons per second
########################################################
########################################################
# Threads: 12
# Heat filepath: heat.txt 
# Photons filepath: photons_per_sec.txt 
# 2.962135 seconds
# 11062.290008 K photons per second
########################################################
########################################################
# Threads: 12
# Heat filepath: heat.txt 
# Photons filepath: photons_per_sec.txt 
# 2.968820 seconds
# 11037.381637 K photons per second
########################################################
########################################################
# Threads: 12
# Heat filepath: heat.txt 
# Photons filepath: photons_per_sec.txt 
# 2.951267 seconds
# 11103.028611 K photons per second
########################################################
########################################################
# Threads: 12
# Heat filepath: heat.txt 
# Photons filepath: photons_per_sec.txt 
# 2.965680 seconds
# 11049.068479 K photons per second
########################################################
########################################################
# Threads: 12
# Heat filepath: heat.txt 
# Photons filepath: photons_per_sec.txt 
# 2.962959 seconds
# 11059.215164 K photons per second
########################################################
########################################################
# Threads: 12
# Heat filepath: heat.txt 
# Photons filepath: photons_per_sec.txt 
# 2.961782 seconds
# 11063.611056 K photons per second
########################################################
########################################################
# Threads: 12
# Heat filepath: heat.txt 
# Photons filepath: photons_per_sec.txt 
# 2.956774 seconds
# 11082.348951 K photons per second
########################################################
########################################################
# Threads: 12
# Heat filepath: heat.txt 
# Photons filepath: photons_per_sec.txt 
# 2.963899 seconds
# 11055.707237 K photons per second
########################################################
########################################################
# Threads: 12
# Heat filepath: heat.txt 
# Photons filepath: photons_per_sec.txt 
# 2.959319 seconds
# 11072.818477 K photons per second
########################################################
########################################################
# Threads: 12
# Heat filepath: heat.txt 
# Photons filepath: photons_per_sec.txt 
# 2.963310 seconds
# 11057.906207 K photons per second
########################################################
