########################################################
# Threads: 10
# Heat filepath: heat.txt 
# Photons filepath: photons_per_sec.txt 
# 3.474409 seconds
# 9431.244829 K photons per second
########################################################
########################################################
# Threads: 10
# Heat filepath: heat.txt 
# Photons filepath: photons_per_sec.txt 
# 3.503009 seconds
# 9354.243708 K photons per second
########################################################
########################################################
# Threads: 10
# Heat filepath: heat.txt 
# Photons filepath: photons_per_sec.txt 
# 3.508600 seconds
# 9339.338276 K photons per second
########################################################
########################################################
# Threads: 10
# Heat filepath: heat.txt 
# Photons filepath: photons_per_sec.txt 
# 3.509068 seconds
# 9338.092126 K photons per second
########################################################
########################################################
# Threads: 10
# Heat filepath: heat.txt 
# Photons filepath: photons_per_sec.txt 
# 3.449928 seconds
# 9498.170061 K photons per second
########################################################
########################################################
# Threads: 10
# Heat filepath: heat.txt 
# Photons filepath: photons_per_sec.txt 
# 3.485333 seconds
# 9401.684758 K photons per second
########################################################
########################################################
# Threads: 10
# Heat filepath: heat.txt 
# Photons filepath: photons_per_sec.txt 
# 3.474959 seconds
# 9429.750994 K photons per second
########################################################
########################################################
# Threads: 10
# Heat filepath: heat.txt 
# Photons filepath: photons_per_sec.txt 
# 3.506276 seconds
# 9345.528837 K photons per second
########################################################
########################################################
# Threads: 10
# Heat filepath: heat.txt 
# Photons filepath: photons_per_sec.txt 
# 3.481845 seconds
# 9411.102380 K photons per second
########################################################
########################################################
# Threads: 10
# Heat filepath: heat.txt 
# Photons filepath: photons_per_sec.txt 
# 3.490941 seconds
# 9386.579580 K photons per second
########################################################
########################################################
# Threads: 10
# Heat filepath: heat.txt 
# Photons filepath: photons_per_sec.txt 
# 3.703073 seconds
# 8848.866018 K photons per second
########################################################
########################################################
# Threads: 10
# Heat filepath: heat.txt 
# Photons filepath: photons_per_sec.txt 
# 3.504400 seconds
# 9350.531763 K photons per second
########################################################
########################################################
# Threads: 10
# Heat filepath: heat.txt 
# Photons filepath: photons_per_sec.txt 
# 3.502158 seconds
# 9356.516945 K photons per second
########################################################
########################################################
# Threads: 10
# Heat filepath: heat.txt 
# Photons filepath: photons_per_sec.txt 
# 3.507935 seconds
# 9341.107050 K photons per second
########################################################
########################################################
# Threads: 10
# Heat filepath: heat.txt 
# Photons filepath: photons_per_sec.txt 
# 3.487759 seconds
# 9395.144452 K photons per second
########################################################
########################################################
# Threads: 10
# Heat filepath: heat.txt 
# Photons filepath: photons_per_sec.txt 
# 3.508489 seconds
# 9339.632924 K photons per second
########################################################
########################################################
# Threads: 10
# Heat filepath: heat.txt 
# Photons filepath: photons_per_sec.txt 
# 3.502987 seconds
# 9354.302801 K photons per second
########################################################
########################################################
# Threads: 10
# Heat filepath: heat.txt 
# Photons filepath: photons_per_sec.txt 
# 3.509827 seconds
# 9336.072236 K photons per second
########################################################
########################################################
# Threads: 10
# Heat filepath: heat.txt 
# Photons filepath: photons_per_sec.txt 
# 3.504790 seconds
# 9349.490720 K photons per second
########################################################
########################################################
# Threads: 10
# Heat filepath: heat.txt 
# Photons filepath: photons_per_sec.txt 
# 3.510458 seconds
# 9334.393573 K photons per second
########################################################
########################################################
# Threads: 10
# Heat filepath: heat.txt 
# Photons filepath: photons_per_sec.txt 
# 3.485697 seconds
# 9400.701026 K photons per second
########################################################
########################################################
# Threads: 10
# Heat filepath: heat.txt 
# Photons filepath: photons_per_sec.txt 
# 3.727589 seconds
# 8790.668448 K photons per second
########################################################
########################################################
# Threads: 10
# Heat filepath: heat.txt 
# Photons filepath: photons_per_sec.txt 
# 3.512505 seconds
# 9328.955287 K photons per second
########################################################
########################################################
# Threads: 10
# Heat filepath: heat.txt 
# Photons filepath: photons_per_sec.txt 
# 3.489495 seconds
# 9390.471078 K photons per second
########################################################
########################################################
# Threads: 10
# Heat filepath: heat.txt 
# Photons filepath: photons_per_sec.txt 
# 3.502190 seconds
# 9356.431621 K photons per second
########################################################
