########################################################
# Threads: 24
# Heat filepath: heat.txt 
# Photons filepath: photons_per_sec.txt 
# 1.477038 seconds
# 22184.937341 K photons per second
########################################################
########################################################
# Threads: 24
# Heat filepath: heat.txt 
# Photons filepath: photons_per_sec.txt 
# 1.484328 seconds
# 22075.990327 K photons per second
########################################################
########################################################
# Threads: 24
# Heat filepath: heat.txt 
# Photons filepath: photons_per_sec.txt 
# 1.496283 seconds
# 21899.602842 K photons per second
########################################################
########################################################
# Threads: 24
# Heat filepath: heat.txt 
# Photons filepath: photons_per_sec.txt 
# 1.481083 seconds
# 22124.346361 K photons per second
########################################################
########################################################
# Threads: 24
# Heat filepath: heat.txt 
# Photons filepath: photons_per_sec.txt 
# 1.491079 seconds
# 21976.033566 K photons per second
########################################################
########################################################
# Threads: 24
# Heat filepath: heat.txt 
# Photons filepath: photons_per_sec.txt 
# 1.491524 seconds
# 21969.470266 K photons per second
########################################################
########################################################
# Threads: 24
# Heat filepath: heat.txt 
# Photons filepath: photons_per_sec.txt 
# 1.478060 seconds
# 22169.604777 K photons per second
########################################################
########################################################
# Threads: 24
# Heat filepath: heat.txt 
# Photons filepath: photons_per_sec.txt 
# 1.505577 seconds
# 21764.414243 K photons per second
########################################################
########################################################
# Threads: 24
# Heat filepath: heat.txt 
# Photons filepath: photons_per_sec.txt 
# 1.475797 seconds
# 22203.590380 K photons per second
########################################################
########################################################
# Threads: 24
# Heat filepath: heat.txt 
# Photons filepath: photons_per_sec.txt 
# 1.495081 seconds
# 21917.204717 K photons per second
########################################################
########################################################
# Threads: 24
# Heat filepath: heat.txt 
# Photons filepath: photons_per_sec.txt 
# 1.484919 seconds
# 22067.193230 K photons per second
########################################################
########################################################
# Threads: 24
# Heat filepath: heat.txt 
# Photons filepath: photons_per_sec.txt 
# 1.494264 seconds
# 21929.187427 K photons per second
########################################################
########################################################
# Threads: 24
# Heat filepath: heat.txt 
# Photons filepath: photons_per_sec.txt 
# 1.486323 seconds
# 22046.345396 K photons per second
########################################################
########################################################
# Threads: 24
# Heat filepath: heat.txt 
# Photons filepath: photons_per_sec.txt 
# 1.475823 seconds
# 22203.197424 K photons per second
########################################################
########################################################
# Threads: 24
# Heat filepath: heat.txt 
# Photons filepath: photons_per_sec.txt 
# 1.510885 seconds
# 21687.955710 K photons per second
########################################################
########################################################
# Threads: 24
# Heat filepath: heat.txt 
# Photons filepath: photons_per_sec.txt 
# 1.475937 seconds
# 22201.488362 K photons per second
########################################################
########################################################
# Threads: 24
# Heat filepath: heat.txt 
# Photons filepath: photons_per_sec.txt 
# 1.491505 seconds
# 21969.761475 K photons per second
########################################################
########################################################
# Threads: 24
# Heat filepath: heat.txt 
# Photons filepath: photons_per_sec.txt 
# 1.497367 seconds
# 21883.742054 K photons per second
########################################################
########################################################
# Threads: 24
# Heat filepath: heat.txt 
# Photons filepath: photons_per_sec.txt 
# 1.506577 seconds
# 21749.960443 K photons per second
########################################################
########################################################
# Threads: 24
# Heat filepath: heat.txt 
# Photons filepath: photons_per_sec.txt 
# 1.480545 seconds
# 22132.394068 K photons per second
########################################################
########################################################
# Threads: 24
# Heat filepath: heat.txt 
# Photons filepath: photons_per_sec.txt 
# 1.487103 seconds
# 22034.794498 K photons per second
########################################################
########################################################
# Threads: 24
# Heat filepath: heat.txt 
# Photons filepath: photons_per_sec.txt 
# 1.507669 seconds
# 21734.220593 K photons per second
########################################################
########################################################
# Threads: 24
# Heat filepath: heat.txt 
# Photons filepath: photons_per_sec.txt 
# 1.523166 seconds
# 21513.078682 K photons per second
########################################################
########################################################
# Threads: 24
# Heat filepath: heat.txt 
# Photons filepath: photons_per_sec.txt 
# 1.493294 seconds
# 21943.433261 K photons per second
########################################################
########################################################
# Threads: 24
# Heat filepath: heat.txt 
# Photons filepath: photons_per_sec.txt 
# 1.494883 seconds
# 21920.113510 K photons per second
########################################################
