########################################################
# Threads: 18
# Heat filepath: heat.txt 
# Photons filepath: photons_per_sec.txt 
# 1.969782 seconds
# 16635.342653 K photons per second
########################################################
########################################################
# Threads: 18
# Heat filepath: heat.txt 
# Photons filepath: photons_per_sec.txt 
# 1.976082 seconds
# 16582.305444 K photons per second
########################################################
########################################################
# Threads: 18
# Heat filepath: heat.txt 
# Photons filepath: photons_per_sec.txt 
# 1.988529 seconds
# 16478.509055 K photons per second
########################################################
########################################################
# Threads: 18
# Heat filepath: heat.txt 
# Photons filepath: photons_per_sec.txt 
# 1.969829 seconds
# 16634.942776 K photons per second
########################################################
########################################################
# Threads: 18
# Heat filepath: heat.txt 
# Photons filepath: photons_per_sec.txt 
# 1.993265 seconds
# 16439.363029 K photons per second
########################################################
########################################################
# Threads: 18
# Heat filepath: heat.txt 
# Photons filepath: photons_per_sec.txt 
# 1.968156 seconds
# 16649.090890 K photons per second
########################################################
########################################################
# Threads: 18
# Heat filepath: heat.txt 
# Photons filepath: photons_per_sec.txt 
# 1.987788 seconds
# 16484.653489 K photons per second
########################################################
########################################################
# Threads: 18
# Heat filepath: heat.txt 
# Photons filepath: photons_per_sec.txt 
# 1.991267 seconds
# 16455.857441 K photons per second
########################################################
########################################################
# Threads: 18
# Heat filepath: heat.txt 
# Photons filepath: photons_per_sec.txt 
# 1.986184 seconds
# 16497.966895 K photons per second
########################################################
########################################################
# Threads: 18
# Heat filepath: heat.txt 
# Photons filepath: photons_per_sec.txt 
# 1.967525 seconds
# 16654.424900 K photons per second
########################################################
########################################################
# Threads: 18
# Heat filepath: heat.txt 
# Photons filepath: photons_per_sec.txt 
# 1.980695 seconds
# 16543.690057 K photons per second
########################################################
########################################################
# Threads: 18
# Heat filepath: heat.txt 
# Photons filepath: photons_per_sec.txt 
# 1.981718 seconds
# 16535.149744 K photons per second
########################################################
########################################################
# Threads: 18
# Heat filepath: heat.txt 
# Photons filepath: photons_per_sec.txt 
# 1.967689 seconds
# 16653.036069 K photons per second
########################################################
########################################################
# Threads: 18
# Heat filepath: heat.txt 
# Photons filepath: photons_per_sec.txt 
# 1.971693 seconds
# 16619.223046 K photons per second
########################################################
########################################################
# Threads: 18
# Heat filepath: heat.txt 
# Photons filepath: photons_per_sec.txt 
# 1.992462 seconds
# 16445.987294 K photons per second
########################################################
########################################################
# Threads: 18
# Heat filepath: heat.txt 
# Photons filepath: photons_per_sec.txt 
# 1.970951 seconds
# 16625.480828 K photons per second
########################################################
########################################################
# Threads: 18
# Heat filepath: heat.txt 
# Photons filepath: photons_per_sec.txt 
# 1.988178 seconds
# 16481.420843 K photons per second
########################################################
########################################################
# Threads: 18
# Heat filepath: heat.txt 
# Photons filepath: photons_per_sec.txt 
# 1.979339 seconds
# 16555.024690 K photons per second
########################################################
########################################################
# Threads: 18
# Heat filepath: heat.txt 
# Photons filepath: photons_per_sec.txt 
# 1.992645 seconds
# 16444.478105 K photons per second
########################################################
########################################################
# Threads: 18
# Heat filepath: heat.txt 
# Photons filepath: photons_per_sec.txt 
# 1.971263 seconds
# 16622.846517 K photons per second
########################################################
########################################################
# Threads: 18
# Heat filepath: heat.txt 
# Photons filepath: photons_per_sec.txt 
# 1.986007 seconds
# 16499.439285 K photons per second
########################################################
########################################################
# Threads: 18
# Heat filepath: heat.txt 
# Photons filepath: photons_per_sec.txt 
# 1.970262 seconds
# 16631.290933 K photons per second
########################################################
########################################################
# Threads: 18
# Heat filepath: heat.txt 
# Photons filepath: photons_per_sec.txt 
# 1.967535 seconds
# 16654.342946 K photons per second
########################################################
########################################################
# Threads: 18
# Heat filepath: heat.txt 
# Photons filepath: photons_per_sec.txt 
# 1.981820 seconds
# 16534.292792 K photons per second
########################################################
########################################################
# Threads: 18
# Heat filepath: heat.txt 
# Photons filepath: photons_per_sec.txt 
# 1.987459 seconds
# 16487.387880 K photons per second
########################################################
