########################################################
# Threads: 14
# Heat filepath: heat.txt 
# Photons filepath: photons_per_sec.txt 
# 2.554590 seconds
# 12827.108320 K photons per second
########################################################
########################################################
# Threads: 14
# Heat filepath: heat.txt 
# Photons filepath: photons_per_sec.txt 
# 2.540085 seconds
# 12900.355432 K photons per second
########################################################
########################################################
# Threads: 14
# Heat filepath: heat.txt 
# Photons filepath: photons_per_sec.txt 
# 2.531668 seconds
# 12943.245647 K photons per second
########################################################
########################################################
# Threads: 14
# Heat filepath: heat.txt 
# Photons filepath: photons_per_sec.txt 
# 2.540058 seconds
# 12900.490586 K photons per second
########################################################
########################################################
# Threads: 14
# Heat filepath: heat.txt 
# Photons filepath: photons_per_sec.txt 
# 2.536197 seconds
# 12920.132865 K photons per second
########################################################
########################################################
# Threads: 14
# Heat filepath: heat.txt 
# Photons filepath: photons_per_sec.txt 
# 2.529785 seconds
# 12952.879844 K photons per second
########################################################
########################################################
# Threads: 14
# Heat filepath: heat.txt 
# Photons filepath: photons_per_sec.txt 
# 2.539502 seconds
# 12903.317239 K photons per second
########################################################
########################################################
# Threads: 14
# Heat filepath: heat.txt 
# Photons filepath: photons_per_sec.txt 
# 2.534961 seconds
# 12926.433276 K photons per second
########################################################
########################################################
# Threads: 14
# Heat filepath: heat.txt 
# Photons filepath: photons_per_sec.txt 
# 2.534825 seconds
# 12927.123214 K photons per second
########################################################
########################################################
# Threads: 14
# Heat filepath: heat.txt 
# Photons filepath: photons_per_sec.txt 
# 2.539197 seconds
# 12904.867866 K photons per second
########################################################
########################################################
# Threads: 14
# Heat filepath: heat.txt 
# Photons filepath: photons_per_sec.txt 
# 2.541299 seconds
# 12894.194121 K photons per second
########################################################
########################################################
# Threads: 14
# Heat filepath: heat.txt 
# Photons filepath: photons_per_sec.txt 
# 2.557959 seconds
# 12810.213816 K photons per second
########################################################
########################################################
# Threads: 14
# Heat filepath: heat.txt 
# Photons filepath: photons_per_sec.txt 
# 2.540652 seconds
# 12897.476080 K photons per second
########################################################
########################################################
# Threads: 14
# Heat filepath: heat.txt 
# Photons filepath: photons_per_sec.txt 
# 2.555410 seconds
# 12822.992421 K photons per second
########################################################
########################################################
# Threads: 14
# Heat filepath: heat.txt 
# Photons filepath: photons_per_sec.txt 
# 2.537771 seconds
# 12912.119398 K photons per second
########################################################
########################################################
# Threads: 14
# Heat filepath: heat.txt 
# Photons filepath: photons_per_sec.txt 
# 2.545169 seconds
# 12874.587574 K photons per second
########################################################
########################################################
# Threads: 14
# Heat filepath: heat.txt 
# Photons filepath: photons_per_sec.txt 
# 2.540460 seconds
# 12898.451150 K photons per second
########################################################
########################################################
# Threads: 14
# Heat filepath: heat.txt 
# Photons filepath: photons_per_sec.txt 
# 2.540635 seconds
# 12897.563829 K photons per second
########################################################
########################################################
# Threads: 14
# Heat filepath: heat.txt 
# Photons filepath: photons_per_sec.txt 
# 2.541239 seconds
# 12894.498345 K photons per second
########################################################
########################################################
# Threads: 14
# Heat filepath: heat.txt 
# Photons filepath: photons_per_sec.txt 
# 2.540472 seconds
# 12898.389269 K photons per second
########################################################
########################################################
# Threads: 14
# Heat filepath: heat.txt 
# Photons filepath: photons_per_sec.txt 
# 2.540556 seconds
# 12897.965994 K photons per second
########################################################
########################################################
# Threads: 14
# Heat filepath: heat.txt 
# Photons filepath: photons_per_sec.txt 
# 2.606317 seconds
# 12572.531298 K photons per second
########################################################
########################################################
# Threads: 14
# Heat filepath: heat.txt 
# Photons filepath: photons_per_sec.txt 
# 2.540841 seconds
# 12896.518988 K photons per second
########################################################
########################################################
# Threads: 14
# Heat filepath: heat.txt 
# Photons filepath: photons_per_sec.txt 
# 2.540814 seconds
# 12896.652175 K photons per second
########################################################
########################################################
# Threads: 14
# Heat filepath: heat.txt 
# Photons filepath: photons_per_sec.txt 
# 2.540856 seconds
# 12896.442135 K photons per second
########################################################
