########################################################
# Threads: 16
# Heat filepath: heat.txt 
# Photons filepath: photons_per_sec.txt 
# 2.221408 seconds
# 14751.001959 K photons per second
########################################################
########################################################
# Threads: 16
# Heat filepath: heat.txt 
# Photons filepath: photons_per_sec.txt 
# 2.242624 seconds
# 14611.453692 K photons per second
########################################################
########################################################
# Threads: 16
# Heat filepath: heat.txt 
# Photons filepath: photons_per_sec.txt 
# 2.241449 seconds
# 14619.115063 K photons per second
########################################################
########################################################
# Threads: 16
# Heat filepath: heat.txt 
# Photons filepath: photons_per_sec.txt 
# 2.235004 seconds
# 14661.271352 K photons per second
########################################################
########################################################
# Threads: 16
# Heat filepath: heat.txt 
# Photons filepath: photons_per_sec.txt 
# 2.222667 seconds
# 14742.646193 K photons per second
########################################################
########################################################
# Threads: 16
# Heat filepath: heat.txt 
# Photons filepath: photons_per_sec.txt 
# 2.238645 seconds
# 14637.422802 K photons per second
########################################################
########################################################
# Threads: 16
# Heat filepath: heat.txt 
# Photons filepath: photons_per_sec.txt 
# 2.221765 seconds
# 14748.632359 K photons per second
########################################################
########################################################
# Threads: 16
# Heat filepath: heat.txt 
# Photons filepath: photons_per_sec.txt 
# 2.223939 seconds
# 14734.213960 K photons per second
########################################################
########################################################
# Threads: 16
# Heat filepath: heat.txt 
# Photons filepath: photons_per_sec.txt 
# 2.223630 seconds
# 14736.264830 K photons per second
########################################################
########################################################
# Threads: 16
# Heat filepath: heat.txt 
# Photons filepath: photons_per_sec.txt 
# 2.218265 seconds
# 14771.903211 K photons per second
########################################################
########################################################
# Threads: 16
# Heat filepath: heat.txt 
# Photons filepath: photons_per_sec.txt 
# 2.224383 seconds
# 14731.278867 K photons per second
########################################################
########################################################
# Threads: 16
# Heat filepath: heat.txt 
# Photons filepath: photons_per_sec.txt 
# 2.223976 seconds
# 14733.971072 K photons per second
########################################################
########################################################
# Threads: 16
# Heat filepath: heat.txt 
# Photons filepath: photons_per_sec.txt 
# 2.217734 seconds
# 14775.440963 K photons per second
########################################################
########################################################
# Threads: 16
# Heat filepath: heat.txt 
# Photons filepath: photons_per_sec.txt 
# 2.232591 seconds
# 14677.119886 K photons per second
########################################################
########################################################
# Threads: 16
# Heat filepath: heat.txt 
# Photons filepath: photons_per_sec.txt 
# 2.224354 seconds
# 14731.468548 K photons per second
########################################################
########################################################
# Threads: 16
# Heat filepath: heat.txt 
# Photons filepath: photons_per_sec.txt 
# 2.223274 seconds
# 14738.621165 K photons per second
########################################################
########################################################
# Threads: 16
# Heat filepath: heat.txt 
# Photons filepath: photons_per_sec.txt 
# 2.468811 seconds
# 13272.784508 K photons per second
########################################################
########################################################
# Threads: 16
# Heat filepath: heat.txt 
# Photons filepath: photons_per_sec.txt 
# 2.232358 seconds
# 14678.647080 K photons per second
########################################################
########################################################
# Threads: 16
# Heat filepath: heat.txt 
# Photons filepath: photons_per_sec.txt 
# 2.223711 seconds
# 14735.725955 K photons per second
########################################################
########################################################
# Threads: 16
# Heat filepath: heat.txt 
# Photons filepath: photons_per_sec.txt 
# 2.219676 seconds
# 14762.514945 K photons per second
########################################################
########################################################
# Threads: 16
# Heat filepath: heat.txt 
# Photons filepath: photons_per_sec.txt 
# 2.218378 seconds
# 14771.153200 K photons per second
########################################################
########################################################
# Threads: 16
# Heat filepath: heat.txt 
# Photons filepath: photons_per_sec.txt 
# 2.238291 seconds
# 14639.741047 K photons per second
########################################################
########################################################
# Threads: 16
# Heat filepath: heat.txt 
# Photons filepath: photons_per_sec.txt 
# 2.232357 seconds
# 14678.658826 K photons per second
########################################################
########################################################
# Threads: 16
# Heat filepath: heat.txt 
# Photons filepath: photons_per_sec.txt 
# 2.236708 seconds
# 14650.100112 K photons per second
########################################################
########################################################
# Threads: 16
# Heat filepath: heat.txt 
# Photons filepath: photons_per_sec.txt 
# 2.218913 seconds
# 14767.594400 K photons per second
########################################################
