########################################################
# Threads: 28
# Heat filepath: heat.txt 
# Photons filepath: photons_per_sec.txt 
# 1.267652 seconds
# 25849.359800 K photons per second
########################################################
########################################################
# Threads: 28
# Heat filepath: heat.txt 
# Photons filepath: photons_per_sec.txt 
# 1.328754 seconds
# 24660.695688 K photons per second
########################################################
########################################################
# Threads: 28
# Heat filepath: heat.txt 
# Photons filepath: photons_per_sec.txt 
# 1.351408 seconds
# 24247.309884 K photons per second
########################################################
########################################################
# Threads: 28
# Heat filepath: heat.txt 
# Photons filepath: photons_per_sec.txt 
# 1.276945 seconds
# 25661.253840 K photons per second
########################################################
########################################################
# Threads: 28
# Heat filepath: heat.txt 
# Photons filepath: photons_per_sec.txt 
# 1.308900 seconds
# 25034.770127 K photons per second
########################################################
########################################################
# Threads: 28
# Heat filepath: heat.txt 
# Photons filepath: photons_per_sec.txt 
# 1.331733 seconds
# 24605.537566 K photons per second
########################################################
########################################################
# Threads: 28
# Heat filepath: heat.txt 
# Photons filepath: photons_per_sec.txt 
# 1.302411 seconds
# 25159.496743 K photons per second
########################################################
########################################################
# Threads: 28
# Heat filepath: heat.txt 
# Photons filepath: photons_per_sec.txt 
# 1.344837 seconds
# 24365.770469 K photons per second
########################################################
########################################################
# Threads: 28
# Heat filepath: heat.txt 
# Photons filepath: photons_per_sec.txt 
# 1.277155 seconds
# 25657.035848 K photons per second
########################################################
########################################################
# Threads: 28
# Heat filepath: heat.txt 
# Photons filepath: photons_per_sec.txt 
# 1.322742 seconds
# 24772.783536 K photons per second
########################################################
########################################################
# Threads: 28
# Heat filepath: heat.txt 
# Photons filepath: photons_per_sec.txt 
# 1.353770 seconds
# 24204.989287 K photons per second
########################################################
########################################################
# Threads: 28
# Heat filepath: heat.txt 
# Photons filepath: photons_per_sec.txt 
# 1.294642 seconds
# 25310.475471 K photons per second
########################################################
########################################################
# Threads: 28
# Heat filepath: heat.txt 
# Photons filepath: photons_per_sec.txt 
# 1.302850 seconds
# 25151.013939 K photons per second
########################################################
########################################################
# Threads: 28
# Heat filepath: heat.txt 
# Photons filepath: photons_per_sec.txt 
# 1.328769 seconds
# 24660.411878 K photons per second
########################################################
########################################################
# Threads: 28
# Heat filepath: heat.txt 
# Photons filepath: photons_per_sec.txt 
# 1.345074 seconds
# 24361.488624 K photons per second
########################################################
########################################################
# Threads: 28
# Heat filepath: heat.txt 
# Photons filepath: photons_per_sec.txt 
# 1.286616 seconds
# 25468.360626 K photons per second
########################################################
########################################################
# Threads: 28
# Heat filepath: heat.txt 
# Photons filepath: photons_per_sec.txt 
# 1.265473 seconds
# 25893.865293 K photons per second
########################################################
########################################################
# Threads: 28
# Heat filepath: heat.txt 
# Photons filepath: photons_per_sec.txt 
# 1.337567 seconds
# 24498.207332 K photons per second
########################################################
########################################################
# Threads: 28
# Heat filepath: heat.txt 
# Photons filepath: photons_per_sec.txt 
# 1.277617 seconds
# 25647.750315 K photons per second
########################################################
########################################################
# Threads: 28
# Heat filepath: heat.txt 
# Photons filepath: photons_per_sec.txt 
# 1.308965 seconds
# 25033.527499 K photons per second
########################################################
########################################################
# Threads: 28
# Heat filepath: heat.txt 
# Photons filepath: photons_per_sec.txt 
# 1.340572 seconds
# 24443.301388 K photons per second
########################################################
########################################################
# Threads: 28
# Heat filepath: heat.txt 
# Photons filepath: photons_per_sec.txt 
# 1.285337 seconds
# 25493.704221 K photons per second
########################################################
########################################################
# Threads: 28
# Heat filepath: heat.txt 
# Photons filepath: photons_per_sec.txt 
# 1.321388 seconds
# 24798.164073 K photons per second
########################################################
########################################################
# Threads: 28
# Heat filepath: heat.txt 
# Photons filepath: photons_per_sec.txt 
# 1.307809 seconds
# 25055.643616 K photons per second
########################################################
########################################################
# Threads: 28
# Heat filepath: heat.txt 
# Photons filepath: photons_per_sec.txt 
# 1.273487 seconds
# 25730.916766 K photons per second
########################################################
