########################################################
# Threads: 26
# Heat filepath: heat.txt 
# Photons filepath: photons_per_sec.txt 
# 1.383397 seconds
# 23686.615443 K photons per second
########################################################
########################################################
# Threads: 26
# Heat filepath: heat.txt 
# Photons filepath: photons_per_sec.txt 
# 1.394469 seconds
# 23498.543479 K photons per second
########################################################
########################################################
# Threads: 26
# Heat filepath: heat.txt 
# Photons filepath: photons_per_sec.txt 
# 1.375525 seconds
# 23822.183946 K photons per second
########################################################
########################################################
# Threads: 26
# Heat filepath: heat.txt 
# Photons filepath: photons_per_sec.txt 
# 1.367011 seconds
# 23970.542211 K photons per second
########################################################
########################################################
# Threads: 26
# Heat filepath: heat.txt 
# Photons filepath: photons_per_sec.txt 
# 1.366133 seconds
# 23985.956105 K photons per second
########################################################
########################################################
# Threads: 26
# Heat filepath: heat.txt 
# Photons filepath: photons_per_sec.txt 
# 1.367302 seconds
# 23965.448804 K photons per second
########################################################
########################################################
# Threads: 26
# Heat filepath: heat.txt 
# Photons filepath: photons_per_sec.txt 
# 1.371075 seconds
# 23899.502996 K photons per second
########################################################
########################################################
# Threads: 26
# Heat filepath: heat.txt 
# Photons filepath: photons_per_sec.txt 
# 1.401245 seconds
# 23384.925486 K photons per second
########################################################
########################################################
# Threads: 26
# Heat filepath: heat.txt 
# Photons filepath: photons_per_sec.txt 
# 1.376297 seconds
# 23808.820920 K photons per second
########################################################
########################################################
# Threads: 26
# Heat filepath: heat.txt 
# Photons filepath: photons_per_sec.txt 
# 1.387626 seconds
# 23614.425510 K photons per second
########################################################
########################################################
# Threads: 26
# Heat filepath: heat.txt 
# Photons filepath: photons_per_sec.txt 
# 1.390491 seconds
# 23565.777473 K photons per second
########################################################
########################################################
# Threads: 26
# Heat filepath: heat.txt 
# Photons filepath: photons_per_sec.txt 
# 1.410748 seconds
# 23227.395224 K photons per second
########################################################
########################################################
# Threads: 26
# Heat filepath: heat.txt 
# Photons filepath: photons_per_sec.txt 
# 1.366646 seconds
# 23976.950572 K photons per second
########################################################
########################################################
# Threads: 26
# Heat filepath: heat.txt 
# Photons filepath: photons_per_sec.txt 
# 1.362439 seconds
# 24050.981582 K photons per second
########################################################
########################################################
# Threads: 26
# Heat filepath: heat.txt 
# Photons filepath: photons_per_sec.txt 
# 1.371020 seconds
# 23900.458215 K photons per second
########################################################
########################################################
# Threads: 26
# Heat filepath: heat.txt 
# Photons filepath: photons_per_sec.txt 
# 1.375143 seconds
# 23828.794421 K photons per second
########################################################
########################################################
# Threads: 26
# Heat filepath: heat.txt 
# Photons filepath: photons_per_sec.txt 
# 1.362387 seconds
# 24051.903766 K photons per second
########################################################
########################################################
# Threads: 26
# Heat filepath: heat.txt 
# Photons filepath: photons_per_sec.txt 
# 1.379821 seconds
# 23748.007082 K photons per second
########################################################
########################################################
# Threads: 26
# Heat filepath: heat.txt 
# Photons filepath: photons_per_sec.txt 
# 1.363677 seconds
# 24029.151900 K photons per second
########################################################
########################################################
# Threads: 26
# Heat filepath: heat.txt 
# Photons filepath: photons_per_sec.txt 
# 1.372079 seconds
# 23882.012535 K photons per second
########################################################
########################################################
# Threads: 26
# Heat filepath: heat.txt 
# Photons filepath: photons_per_sec.txt 
# 1.372654 seconds
# 23871.995718 K photons per second
########################################################
########################################################
# Threads: 26
# Heat filepath: heat.txt 
# Photons filepath: photons_per_sec.txt 
# 1.370390 seconds
# 23911.443807 K photons per second
########################################################
########################################################
# Threads: 26
# Heat filepath: heat.txt 
# Photons filepath: photons_per_sec.txt 
# 1.367057 seconds
# 23969.740398 K photons per second
########################################################
########################################################
# Threads: 26
# Heat filepath: heat.txt 
# Photons filepath: photons_per_sec.txt 
# 1.377667 seconds
# 23785.143666 K photons per second
########################################################
########################################################
# Threads: 26
# Heat filepath: heat.txt 
# Photons filepath: photons_per_sec.txt 
# 1.371832 seconds
# 23886.302544 K photons per second
########################################################
