########################################################
# Threads: 6
# Heat filepath: heat.txt 
# Photons filepath: photons_per_sec.txt 
# 5.404529 seconds
# 6063.063550 K photons per second
########################################################
########################################################
# Threads: 6
# Heat filepath: heat.txt 
# Photons filepath: photons_per_sec.txt 
# 5.403909 seconds
# 6063.758809 K photons per second
########################################################
########################################################
# Threads: 6
# Heat filepath: heat.txt 
# Photons filepath: photons_per_sec.txt 
# 5.376548 seconds
# 6094.616625 K photons per second
########################################################
########################################################
# Threads: 6
# Heat filepath: heat.txt 
# Photons filepath: photons_per_sec.txt 
# 5.389058 seconds
# 6080.468821 K photons per second
########################################################
########################################################
# Threads: 6
# Heat filepath: heat.txt 
# Photons filepath: photons_per_sec.txt 
# 5.393916 seconds
# 6074.992294 K photons per second
########################################################
########################################################
# Threads: 6
# Heat filepath: heat.txt 
# Photons filepath: photons_per_sec.txt 
# 5.400237 seconds
# 6067.882291 K photons per second
########################################################
########################################################
# Threads: 6
# Heat filepath: heat.txt 
# Photons filepath: photons_per_sec.txt 
# 5.480320 seconds
# 5979.212384 K photons per second
########################################################
########################################################
# Threads: 6
# Heat filepath: heat.txt 
# Photons filepath: photons_per_sec.txt 
# 5.385814 seconds
# 6084.130847 K photons per second
########################################################
########################################################
# Threads: 6
# Heat filepath: heat.txt 
# Photons filepath: photons_per_sec.txt 
# 5.381515 seconds
# 6088.991438 K photons per second
########################################################
########################################################
# Threads: 6
# Heat filepath: heat.txt 
# Photons filepath: photons_per_sec.txt 
# 5.381998 seconds
# 6088.444828 K photons per second
########################################################
########################################################
# Threads: 6
# Heat filepath: heat.txt 
# Photons filepath: photons_per_sec.txt 
# 5.373967 seconds
# 6097.544034 K photons per second
########################################################
########################################################
# Threads: 6
# Heat filepath: heat.txt 
# Photons filepath: photons_per_sec.txt 
# 5.368998 seconds
# 6103.186988 K photons per second
########################################################
########################################################
# Threads: 6
# Heat filepath: heat.txt 
# Photons filepath: photons_per_sec.txt 
# 5.389079 seconds
# 6080.444751 K photons per second
########################################################
########################################################
# Threads: 6
# Heat filepath: heat.txt 
# Photons filepath: photons_per_sec.txt 
# 5.381380 seconds
# 6089.144636 K photons per second
########################################################
########################################################
# Threads: 6
# Heat filepath: heat.txt 
# Photons filepath: photons_per_sec.txt 
# 5.416226 seconds
# 6049.969274 K photons per second
########################################################
########################################################
# Threads: 6
# Heat filepath: heat.txt 
# Photons filepath: photons_per_sec.txt 
# 5.378850 seconds
# 6092.008724 K photons per second
########################################################
########################################################
# Threads: 6
# Heat filepath: heat.txt 
# Photons filepath: photons_per_sec.txt 
# 5.381664 seconds
# 6088.823021 K photons per second
########################################################
########################################################
# Threads: 6
# Heat filepath: heat.txt 
# Photons filepath: photons_per_sec.txt 
# 5.392044 seconds
# 6077.101535 K photons per second
########################################################
########################################################
# Threads: 6
# Heat filepath: heat.txt 
# Photons filepath: photons_per_sec.txt 
# 5.454348 seconds
# 6007.684252 K photons per second
########################################################
########################################################
# Threads: 6
# Heat filepath: heat.txt 
# Photons filepath: photons_per_sec.txt 
# 5.369059 seconds
# 6103.118352 K photons per second
########################################################
########################################################
# Threads: 6
# Heat filepath: heat.txt 
# Photons filepath: photons_per_sec.txt 
# 5.489783 seconds
# 5968.906482 K photons per second
########################################################
########################################################
# Threads: 6
# Heat filepath: heat.txt 
# Photons filepath: photons_per_sec.txt 
# 5.404861 seconds
# 6062.690857 K photons per second
########################################################
########################################################
# Threads: 6
# Heat filepath: heat.txt 
# Photons filepath: photons_per_sec.txt 
# 5.385831 seconds
# 6084.112295 K photons per second
########################################################
########################################################
# Threads: 6
# Heat filepath: heat.txt 
# Photons filepath: photons_per_sec.txt 
# 5.380467 seconds
# 6090.177779 K photons per second
########################################################
########################################################
# Threads: 6
# Heat filepath: heat.txt 
# Photons filepath: photons_per_sec.txt 
# 5.424887 seconds
# 6040.310561 K photons per second
########################################################
