########################################################
# Threads: 4
# Heat filepath: heat.txt 
# Photons filepath: photons_per_sec.txt 
# 7.593944 seconds
# 4315.017125 K photons per second
########################################################
########################################################
# Threads: 4
# Heat filepath: heat.txt 
# Photons filepath: photons_per_sec.txt 
# 7.577434 seconds
# 4324.418837 K photons per second
########################################################
########################################################
# Threads: 4
# Heat filepath: heat.txt 
# Photons filepath: photons_per_sec.txt 
# 7.583222 seconds
# 4321.118553 K photons per second
########################################################
########################################################
# Threads: 4
# Heat filepath: heat.txt 
# Photons filepath: photons_per_sec.txt 
# 7.576534 seconds
# 4324.932868 K photons per second
########################################################
########################################################
# Threads: 4
# Heat filepath: heat.txt 
# Photons filepath: photons_per_sec.txt 
# 7.569768 seconds
# 4328.798631 K photons per second
########################################################
########################################################
# Threads: 4
# Heat filepath: heat.txt 
# Photons filepath: photons_per_sec.txt 
# 7.577719 seconds
# 4324.256673 K photons per second
########################################################
########################################################
# Threads: 4
# Heat filepath: heat.txt 
# Photons filepath: photons_per_sec.txt 
# 7.581691 seconds
# 4321.991088 K photons per second
########################################################
########################################################
# Threads: 4
# Heat filepath: heat.txt 
# Photons filepath: photons_per_sec.txt 
# 7.599909 seconds
# 4311.630549 K photons per second
########################################################
########################################################
# Threads: 4
# Heat filepath: heat.txt 
# Photons filepath: photons_per_sec.txt 
# 7.579430 seconds
# 4323.280364 K photons per second
########################################################
########################################################
# Threads: 4
# Heat filepath: heat.txt 
# Photons filepath: photons_per_sec.txt 
# 7.608512 seconds
# 4306.755119 K photons per second
########################################################
########################################################
# Threads: 4
# Heat filepath: heat.txt 
# Photons filepath: photons_per_sec.txt 
# 7.621022 seconds
# 4299.685598 K photons per second
########################################################
########################################################
# Threads: 4
# Heat filepath: heat.txt 
# Photons filepath: photons_per_sec.txt 
# 7.604393 seconds
# 4309.087956 K photons per second
########################################################
########################################################
# Threads: 4
# Heat filepath: heat.txt 
# Photons filepath: photons_per_sec.txt 
# 7.593613 seconds
# 4315.205615 K photons per second
########################################################
########################################################
# Threads: 4
# Heat filepath: heat.txt 
# Photons filepath: photons_per_sec.txt 
# 7.620576 seconds
# 4299.937620 K photons per second
########################################################
########################################################
# Threads: 4
# Heat filepath: heat.txt 
# Photons filepath: photons_per_sec.txt 
# 7.578360 seconds
# 4323.890476 K photons per second
########################################################
########################################################
# Threads: 4
# Heat filepath: heat.txt 
# Photons filepath: photons_per_sec.txt 
# 7.617049 seconds
# 4301.928448 K photons per second
########################################################
########################################################
# Threads: 4
# Heat filepath: heat.txt 
# Photons filepath: photons_per_sec.txt 
# 7.614892 seconds
# 4303.147281 K photons per second
########################################################
########################################################
# Threads: 4
# Heat filepath: heat.txt 
# Photons filepath: photons_per_sec.txt 
# 7.602930 seconds
# 4309.917381 K photons per second
########################################################
########################################################
# Threads: 4
# Heat filepath: heat.txt 
# Photons filepath: photons_per_sec.txt 
# 7.583683 seconds
# 4320.855627 K photons per second
########################################################
########################################################
# Threads: 4
# Heat filepath: heat.txt 
# Photons filepath: photons_per_sec.txt 
# 7.609202 seconds
# 4306.364701 K photons per second
########################################################
########################################################
# Threads: 4
# Heat filepath: heat.txt 
# Photons filepath: photons_per_sec.txt 
# 7.568266 seconds
# 4329.657728 K photons per second
########################################################
########################################################
# Threads: 4
# Heat filepath: heat.txt 
# Photons filepath: photons_per_sec.txt 
# 7.618520 seconds
# 4301.098043 K photons per second
########################################################
########################################################
# Threads: 4
# Heat filepath: heat.txt 
# Photons filepath: photons_per_sec.txt 
# 7.589982 seconds
# 4317.269581 K photons per second
########################################################
########################################################
# Threads: 4
# Heat filepath: heat.txt 
# Photons filepath: photons_per_sec.txt 
# 7.619071 seconds
# 4300.787074 K photons per second
########################################################
########################################################
# Threads: 4
# Heat filepath: heat.txt 
# Photons filepath: photons_per_sec.txt 
# 7.603179 seconds
# 4309.776037 K photons per second
########################################################
