########################################################
# Threads: 20
# Heat filepath: heat.txt 
# Photons filepath: photons_per_sec.txt 
# 1.780367 seconds
# 18405.189585 K photons per second
########################################################
########################################################
# Threads: 20
# Heat filepath: heat.txt 
# Photons filepath: photons_per_sec.txt 
# 1.775153 seconds
# 18459.258400 K photons per second
########################################################
########################################################
# Threads: 20
# Heat filepath: heat.txt 
# Photons filepath: photons_per_sec.txt 
# 1.797612 seconds
# 18228.630730 K photons per second
########################################################
########################################################
# Threads: 20
# Heat filepath: heat.txt 
# Photons filepath: photons_per_sec.txt 
# 1.770924 seconds
# 18503.339214 K photons per second
########################################################
########################################################
# Threads: 20
# Heat filepath: heat.txt 
# Photons filepath: photons_per_sec.txt 
# 1.780703 seconds
# 18401.720870 K photons per second
########################################################
########################################################
# Threads: 20
# Heat filepath: heat.txt 
# Photons filepath: photons_per_sec.txt 
# 1.798296 seconds
# 18221.698006 K photons per second
########################################################
########################################################
# Threads: 20
# Heat filepath: heat.txt 
# Photons filepath: photons_per_sec.txt 
# 1.771796 seconds
# 18494.224623 K photons per second
########################################################
########################################################
# Threads: 20
# Heat filepath: heat.txt 
# Photons filepath: photons_per_sec.txt 
# 1.790268 seconds
# 18303.406946 K photons per second
########################################################
########################################################
# Threads: 20
# Heat filepath: heat.txt 
# Photons filepath: photons_per_sec.txt 
# 1.778575 seconds
# 18423.733760 K photons per second
########################################################
########################################################
# Threads: 20
# Heat filepath: heat.txt 
# Photons filepath: photons_per_sec.txt 
# 1.779409 seconds
# 18415.099525 K photons per second
########################################################
########################################################
# Threads: 20
# Heat filepath: heat.txt 
# Photons filepath: photons_per_sec.txt 
# 1.795200 seconds
# 18253.116167 K photons per second
########################################################
########################################################
# Threads: 20
# Heat filepath: heat.txt 
# Photons filepath: photons_per_sec.txt 
# 1.797032 seconds
# 18234.515328 K photons per second
########################################################
########################################################
# Threads: 20
# Heat filepath: heat.txt 
# Photons filepath: photons_per_sec.txt 
# 1.792139 seconds
# 18284.298183 K photons per second
########################################################
########################################################
# Threads: 20
# Heat filepath: heat.txt 
# Photons filepath: photons_per_sec.txt 
# 1.795433 seconds
# 18250.754889 K photons per second
########################################################
########################################################
# Threads: 20
# Heat filepath: heat.txt 
# Photons filepath: photons_per_sec.txt 
# 1.773943 seconds
# 18471.844657 K photons per second
########################################################
########################################################
# Threads: 20
# Heat filepath: heat.txt 
# Photons filepath: photons_per_sec.txt 
# 1.796377 seconds
# 18241.161393 K photons per second
########################################################
########################################################
# Threads: 20
# Heat filepath: heat.txt 
# Photons filepath: photons_per_sec.txt 
# 1.927669 seconds
# 16998.768389 K photons per second
########################################################
########################################################
# Threads: 20
# Heat filepath: heat.txt 
# Photons filepath: photons_per_sec.txt 
# 1.774721 seconds
# 18463.744514 K photons per second
########################################################
########################################################
# Threads: 20
# Heat filepath: heat.txt 
# Photons filepath: photons_per_sec.txt 
# 1.774509 seconds
# 18465.950155 K photons per second
########################################################
########################################################
# Threads: 20
# Heat filepath: heat.txt 
# Photons filepath: photons_per_sec.txt 
# 1.771120 seconds
# 18501.292130 K photons per second
########################################################
########################################################
# Threads: 20
# Heat filepath: heat.txt 
# Photons filepath: photons_per_sec.txt 
# 1.782118 seconds
# 18387.106728 K photons per second
########################################################
########################################################
# Threads: 20
# Heat filepath: heat.txt 
# Photons filepath: photons_per_sec.txt 
# 1.792643 seconds
# 18279.155230 K photons per second
########################################################
########################################################
# Threads: 20
# Heat filepath: heat.txt 
# Photons filepath: photons_per_sec.txt 
# 1.799499 seconds
# 18209.510408 K photons per second
########################################################
########################################################
# Threads: 20
# Heat filepath: heat.txt 
# Photons filepath: photons_per_sec.txt 
# 1.792220 seconds
# 18283.466080 K photons per second
########################################################
########################################################
# Threads: 20
# Heat filepath: heat.txt 
# Photons filepath: photons_per_sec.txt 
# 1.776567 seconds
# 18444.565942 K photons per second
########################################################
