########################################################
# Threads: 22
# Heat filepath: heat.txt 
# Photons filepath: photons_per_sec.txt 
# 1.614137 seconds
# 20300.634721 K photons per second
########################################################
########################################################
# Threads: 22
# Heat filepath: heat.txt 
# Photons filepath: photons_per_sec.txt 
# 1.635956 seconds
# 20029.880030 K photons per second
########################################################
########################################################
# Threads: 22
# Heat filepath: heat.txt 
# Photons filepath: photons_per_sec.txt 
# 1.637883 seconds
# 20006.310751 K photons per second
########################################################
########################################################
# Threads: 22
# Heat filepath: heat.txt 
# Photons filepath: photons_per_sec.txt 
# 1.624487 seconds
# 20171.288263 K photons per second
########################################################
########################################################
# Threads: 22
# Heat filepath: heat.txt 
# Photons filepath: photons_per_sec.txt 
# 1.610610 seconds
# 20345.086399 K photons per second
########################################################
########################################################
# Threads: 22
# Heat filepath: heat.txt 
# Photons filepath: photons_per_sec.txt 
# 1.630646 seconds
# 20095.099744 K photons per second
########################################################
########################################################
# Threads: 22
# Heat filepath: heat.txt 
# Photons filepath: photons_per_sec.txt 
# 1.618455 seconds
# 20246.475881 K photons per second
########################################################
########################################################
# Threads: 22
# Heat filepath: heat.txt 
# Photons filepath: photons_per_sec.txt 
# 1.610023 seconds
# 20352.499003 K photons per second
########################################################
########################################################
# Threads: 22
# Heat filepath: heat.txt 
# Photons filepath: photons_per_sec.txt 
# 1.641765 seconds
# 19959.003044 K photons per second
########################################################
########################################################
# Threads: 22
# Heat filepath: heat.txt 
# Photons filepath: photons_per_sec.txt 
# 1.627862 seconds
# 20129.467821 K photons per second
########################################################
########################################################
# Threads: 22
# Heat filepath: heat.txt 
# Photons filepath: photons_per_sec.txt 
# 1.644039 seconds
# 19931.406126 K photons per second
########################################################
########################################################
# Threads: 22
# Heat filepath: heat.txt 
# Photons filepath: photons_per_sec.txt 
# 1.651505 seconds
# 19841.301084 K photons per second
########################################################
########################################################
# Threads: 22
# Heat filepath: heat.txt 
# Photons filepath: photons_per_sec.txt 
# 1.617308 seconds
# 20260.830260 K photons per second
########################################################
########################################################
# Threads: 22
# Heat filepath: heat.txt 
# Photons filepath: photons_per_sec.txt 
# 1.623392 seconds
# 20184.895988 K photons per second
########################################################
########################################################
# Threads: 22
# Heat filepath: heat.txt 
# Photons filepath: photons_per_sec.txt 
# 1.617884 seconds
# 20253.619112 K photons per second
########################################################
########################################################
# Threads: 22
# Heat filepath: heat.txt 
# Photons filepath: photons_per_sec.txt 
# 1.633836 seconds
# 20055.870335 K photons per second
########################################################
########################################################
# Threads: 22
# Heat filepath: heat.txt 
# Photons filepath: photons_per_sec.txt 
# 1.621794 seconds
# 20204.782243 K photons per second
########################################################
########################################################
# Threads: 22
# Heat filepath: heat.txt 
# Photons filepath: photons_per_sec.txt 
# 1.626024 seconds
# 20152.219189 K photons per second
########################################################
########################################################
# Threads: 22
# Heat filepath: heat.txt 
# Photons filepath: photons_per_sec.txt 
# 1.622772 seconds
# 20192.606393 K photons per second
########################################################
########################################################
# Threads: 22
# Heat filepath: heat.txt 
# Photons filepath: photons_per_sec.txt 
# 1.620819 seconds
# 20216.935054 K photons per second
########################################################
########################################################
# Threads: 22
# Heat filepath: heat.txt 
# Photons filepath: photons_per_sec.txt 
# 1.614967 seconds
# 20290.195379 K photons per second
########################################################
########################################################
# Threads: 22
# Heat filepath: heat.txt 
# Photons filepath: photons_per_sec.txt 
# 1.625391 seconds
# 20160.069978 K photons per second
########################################################
########################################################
# Threads: 22
# Heat filepath: heat.txt 
# Photons filepath: photons_per_sec.txt 
# 1.634531 seconds
# 20047.339830 K photons per second
########################################################
########################################################
# Threads: 22
# Heat filepath: heat.txt 
# Photons filepath: photons_per_sec.txt 
# 1.609871 seconds
# 20354.428598 K photons per second
########################################################
########################################################
# Threads: 22
# Heat filepath: heat.txt 
# Photons filepath: photons_per_sec.txt 
# 1.631157 seconds
# 20088.803476 K photons per second
########################################################
